{"Protocol":0,"Id":"92e5ac6cc56ea47203054a9ccf4c0c25","Path":"/media/tv/Reacher/Season 04/Reacher.S04E02.1080p.x265-ELiTE.mkv","EncoderPath":null,"EncoderProtocol":null,"Type":0,"Container":"mkv","Size":720433203,"Name":"Reacher.S04E02.1080p.x265-ELiTE","IsRemote":false,"ETag":"a5f470fbd37b58d98645e446687d83e0","RunTimeTicks":29299520000,"ReadAtNativeFramerate":false,"IgnoreDts":false,"IgnoreIndex":false,"GenPtsInput":false,"SupportsTranscoding":true,"SupportsDirectStream":true,"SupportsDirectPlay":true,"IsInfiniteStream":false,"UseMostCompatibleTranscodingProfile":false,"RequiresOpening":false,"OpenToken":null,"RequiresClosing":false,"LiveStreamId":null,"BufferMs":null,"RequiresLooping":false,"SupportsProbing":true,"VideoType":0,"IsoType":null,"Video3DFormat":null,"MediaStreams":[{"Codec":"hevc","CodecTag":null,"Language":null,"ColorRange":null,"ColorSpace":"bt709","ColorTransfer":"bt709","ColorPrimaries":"bt709","DvVersionMajor":null,"DvVersionMinor":null,"DvProfile":null,"DvLevel":null,"RpuPresentFlag":null,"ElPresentFlag":null,"BlPresentFlag":null,"DvBlSignalCompatibilityId":null,"Rotation":null,"Comment":null,"TimeBase":"1/1000","CodecTimeBase":null,"Title":null,"Hdr10PlusPresentFlag":null,"VideoRange":1,"VideoRangeType":1,"VideoDoViTitle":null,"AudioSpatialFormat":0,"LocalizedUndefined":null,"LocalizedDefault":null,"LocalizedForced":null,"LocalizedExternal":null,"LocalizedHearingImpaired":null,"DisplayTitle":"1080p HEVC SDR","NalLengthSize":null,"IsInterlaced":false,"IsAVC":false,"ChannelLayout":null,"BitRate":1967085,"BitDepth":10,"RefFrames":1,"PacketLength":null,"Channels":null,"SampleRate":null,"IsDefault":true,"IsForced":false,"IsHearingImpaired":false,"Height":960,"Width":1920,"AverageFrameRate":23.976025,"RealFrameRate":23.976025,"ReferenceFrameRate":23.976025,"Profile":"Main 10","Type":1,"AspectRatio":"2:1","Index":0,"Score":null,"IsExternal":false,"DeliveryMethod":null,"DeliveryUrl":null,"IsExternalUrl":null,"IsTextSubtitleStream":false,"SupportsExternalStream":false,"Path":null,"PixelFormat":"yuv420p10le","Level":120,"IsAnamorphic":false},{"Codec":"ac3","CodecTag":null,"Language":"eng","ColorRange":null,"ColorSpace":null,"ColorTransfer":null,"ColorPrimaries":null,"DvVersionMajor":null,"DvVersionMinor":null,"DvProfile":null,"DvLevel":null,"RpuPresentFlag":null,"ElPresentFlag":null,"BlPresentFlag":null,"DvBlSignalCompatibilityId":null,"Rotation":null,"Comment":null,"TimeBase":"1/1000","CodecTimeBase":null,"Title":null,"Hdr10PlusPresentFlag":null,"VideoRange":0,"VideoRangeType":0,"VideoDoViTitle":null,"AudioSpatialFormat":0,"LocalizedUndefined":null,"LocalizedDefault":"Default","LocalizedForced":null,"LocalizedExternal":"External","LocalizedHearingImpaired":null,"DisplayTitle":"English - Dolby Digital - 5.1 - Default","NalLengthSize":null,"IsInterlaced":false,"IsAVC":false,"ChannelLayout":"5.1","BitRate":448000,"BitDepth":null,"RefFrames":null,"PacketLength":null,"Channels":6,"SampleRate":48000,"IsDefault":true,"IsForced":false,"IsHearingImpaired":false,"Height":null,"Width":null,"AverageFrameRate":null,"RealFrameRate":null,"ReferenceFrameRate":null,"Profile":null,"Type":0,"AspectRatio":null,"Index":1,"Score":null,"IsExternal":false,"DeliveryMethod":null,"DeliveryUrl":null,"IsExternalUrl":null,"IsTextSubtitleStream":false,"SupportsExternalStream":false,"Path":null,"PixelFormat":null,"Level":0,"IsAnamorphic":null},{"Codec":"subrip","CodecTag":null,"Language":"eng","ColorRange":null,"ColorSpace":null,"ColorTransfer":null,"ColorPrimaries":null,"DvVersionMajor":null,"DvVersionMinor":null,"DvProfile":null,"DvLevel":null,"RpuPresentFlag":null,"ElPresentFlag":null,"BlPresentFlag":null,"DvBlSignalCompatibilityId":null,"Rotation":null,"Comment":null,"TimeBase":"1/1000","CodecTimeBase":null,"Title":null,"Hdr10PlusPresentFlag":null,"VideoRange":0,"VideoRangeType":0,"VideoDoViTitle":null,"AudioSpatialFormat":0,"LocalizedUndefined":"Undefined","LocalizedDefault":"Default","LocalizedForced":"Forced","LocalizedExternal":"External","LocalizedHearingImpaired":"Hearing Impaired","DisplayTitle":"English - SUBRIP","NalLengthSize":null,"IsInterlaced":false,"IsAVC":false,"ChannelLayout":null,"BitRate":null,"BitDepth":null,"RefFrames":null,"PacketLength":null,"Channels":null,"SampleRate":null,"IsDefault":false,"IsForced":false,"IsHearingImpaired":false,"Height":0,"Width":0,"AverageFrameRate":null,"RealFrameRate":null,"ReferenceFrameRate":null,"Profile":null,"Type":2,"AspectRatio":null,"Index":2,"Score":null,"IsExternal":false,"DeliveryMethod":null,"DeliveryUrl":null,"IsExternalUrl":null,"IsTextSubtitleStream":true,"SupportsExternalStream":true,"Path":null,"PixelFormat":null,"Level":0,"IsAnamorphic":null}],"MediaAttachments":[],"Formats":[],"Bitrate":2415085,"FallbackMaxStreamingBitrate":null,"Timestamp":null,"RequiredHttpHeaders":{},"TranscodingUrl":null,"TranscodingSubProtocol":0,"TranscodingContainer":null,"AnalyzeDurationMs":null,"DefaultAudioStreamIndex":null,"DefaultSubtitleStreamIndex":null,"HasSegments":false}

/usr/lib/jellyfin-ffmpeg/ffmpeg -analyzeduration 200M -probesize 1G -fflags +genpts  -i file:"/media/tv/Reacher/Season 04/Reacher.S04E02.1080p.x265-ELiTE.mkv" -map_metadata -1 -map_chapters -1 -threads 0 -map 0:0 -map 0:1 -map -0:s -codec:v:0 copy -tag:v:0 hvc1 -bsf:v hevc_mp4toannexb -start_at_zero -codec:a:0 libfdk_aac -ac 2 -ab 256000 -af "volume=2" -copyts -avoid_negative_ts disabled -max_muxing_queue_size 2048 -f hls -max_delay 5000000 -hls_time 6 -hls_segment_type fmp4 -hls_fmp4_init_filename "ef9af3d80a48ba4ee6d460c1aff75ee2-1.mp4" -start_number 0 -hls_segment_filename "/cache/transcodes/ef9af3d80a48ba4ee6d460c1aff75ee2%d.mp4" -hls_playlist_type vod -hls_list_size 0 -hls_segment_options movflags=+frag_discont -y "/cache/transcodes/ef9af3d80a48ba4ee6d460c1aff75ee2.m3u8"


ffmpeg version 7.1.4-Jellyfin Copyright (c) 2000-2026 the FFmpeg developers
  built with gcc 14 (Debian 14.2.0-19)
  configuration: --prefix=/usr/lib/jellyfin-ffmpeg --target-os=linux --extra-version=Jellyfin --disable-doc --disable-ffplay --disable-static --disable-libxcb --disable-sdl2 --disable-xlib --enable-lto=auto --enable-gpl --enable-version3 --enable-shared --enable-gmp --enable-gnutls --enable-chromaprint --enable-opencl --enable-libdrm --enable-libxml2 --enable-libass --enable-libfreetype --enable-libfribidi --enable-libfontconfig --enable-libharfbuzz --enable-libbluray --enable-libmp3lame --enable-libopus --enable-libtheora --enable-libvorbis --enable-libopenmpt --enable-libdav1d --enable-libsvtav1 --enable-libwebp --enable-libvpx --enable-libx264 --enable-libx265 --enable-libzvbi --enable-libzimg --enable-libfdk-aac --arch=arm64 --cross-prefix=/usr/bin/aarch64-linux-gnu- --enable-cross-compile --enable-rkmpp --enable-rkrga --enable-ffnvcodec --enable-cuda --enable-cuda-llvm --enable-cuvid --enable-nvdec --enable-nvenc
  libavutil      59. 39.100 / 59. 39.100
  libavcodec     61. 19.101 / 61. 19.101
  libavformat    61.  7.103 / 61.  7.103
  libavdevice    61.  3.100 / 61.  3.100
  libavfilter    10.  5.100 / 10.  5.100
  libswscale      8.  3.100 /  8.  3.100
  libswresample   5.  3.100 /  5.  3.100
  libpostproc    58.  3.100 / 58.  3.100
Input #0, matroska,webm, from 'file:/media/tv/Reacher/Season 04/Reacher.S04E02.1080p.x265-ELiTE.mkv':
  Metadata:
    title           : Reacher.S04E02
    COMMENT         : ELiTE-Wed-12-Aug-2026,09:10:11,1080p,21,fast,Y,8381385,1920,960,2
    ENCODER         : Lavf62.3.100
  Duration: 00:48:49.95, start: -0.005000, bitrate: 1967 kb/s
  Stream #0:0: Video: hevc (Main 10), yuv420p10le(tv, bt709, progressive), 1920x960 [SAR 1:1 DAR 2:1], 23.98 fps, 23.98 tbr, 1k tbn (default)
      Metadata:
        ENCODER         : Lavc62.11.100 libx265
        DURATION        : 00:48:49.927000000
  Stream #0:1(eng): Audio: ac3, 48000 Hz, 5.1(side), fltp, 448 kb/s (default)
      Metadata:
        ENCODER         : Lavc62.11.100 ac3
        DURATION        : 00:48:49.952000000
  Stream #0:2(eng): Subtitle: subrip (srt)
      Metadata:
        DURATION        : 00:46:44.719000000
Stream mapping:
  Stream #0:0 -> #0:0 (copy)
  Stream #0:1 -> #0:1 (ac3 (native) -> aac (libfdk_aac))
Press [q] to stop, [?] for help
[hls @ 0xe465960c0c80] Opening '/cache/transcodes/ef9af3d80a48ba4ee6d460c1aff75ee2-1.mp4' for writing
Output #0, hls, to '/cache/transcodes/ef9af3d80a48ba4ee6d460c1aff75ee2.m3u8':
  Metadata:
    encoder         : Lavf61.7.103
  Stream #0:0: Video: hevc (Main 10) (hvc1 / 0x31637668), yuv420p10le(tv, bt709, progressive), 1920x960 [SAR 1:1 DAR 2:1], q=2-31, 23.98 fps, 23.98 tbr, 16k tbn (default)
  Stream #0:1: Audio: aac, 48000 Hz, stereo, s16, 256 kb/s (default)
      Metadata:
        encoder         : Lavc61.19.101 libfdk_aac
      Side data:
        cpb: bitrate max/min/avg: 256000/256000/256000 buffer size: 0 vbv_delay: N/A
[hls @ 0xe465960c0c80] Opening '/cache/transcodes/ef9af3d80a48ba4ee6d460c1aff75ee20.mp4' for writing
[hls @ 0xe465960c0c80] Opening '/cache/transcodes/ef9af3d80a48ba4ee6d460c1aff75ee21.mp4' for writing
[hls @ 0xe465960c0c80] Opening '/cache/transcodes/ef9af3d80a48ba4ee6d460c1aff75ee22.mp4' for writing
[hls @ 0xe465960c0c80] Opening '/cache/transcodes/ef9af3d80a48ba4ee6d460c1aff75ee23.mp4' for writing
[hls @ 0xe465960c0c80] Opening '/cache/transcodes/ef9af3d80a48ba4ee6d460c1aff75ee24.mp4' for writing
[hls @ 0xe465960c0c80] Opening '/cache/transcodes/ef9af3d80a48ba4ee6d460c1aff75ee25.mp4' for writing
frame=  882 fps=0.0 q=-1.0 size=N/A time=00:00:00.00 bitrate=N/A speed=   0x    
[hls @ 0xe465960c0c80] Opening '/cache/transcodes/ef9af3d80a48ba4ee6d460c1aff75ee26.mp4' for writing
[hls @ 0xe465960c0c80] Opening '/cache/transcodes/ef9af3d80a48ba4ee6d460c1aff75ee27.mp4' for writing
[hls @ 0xe465960c0c80] Opening '/cache/transcodes/ef9af3d80a48ba4ee6d460c1aff75ee28.mp4' for writing
[hls @ 0xe465960c0c80] Opening '/cache/transcodes/ef9af3d80a48ba4ee6d460c1aff75ee29.mp4' for writing
[hls @ 0xe465960c0c80] Opening '/cache/transcodes/ef9af3d80a48ba4ee6d460c1aff75ee210.mp4' for writing
[hls @ 0xe465960c0c80] Opening '/cache/transcodes/ef9af3d80a48ba4ee6d460c1aff75ee211.mp4' for writing
frame= 1825 fps=1824 q=-1.0 size=N/A time=00:00:39.23 bitrate=N/A speed=39.2x    
[hls @ 0xe465960c0c80] Opening '/cache/transcodes/ef9af3d80a48ba4ee6d460c1aff75ee212.mp4' for writing
[hls @ 0xe465960c0c80] Opening '/cache/transcodes/ef9af3d80a48ba4ee6d460c1aff75ee213.mp4' for writing
[hls @ 0xe465960c0c80] Opening '/cache/transcodes/ef9af3d80a48ba4ee6d460c1aff75ee214.mp4' for writing
[hls @ 0xe465960c0c80] Opening '/cache/transcodes/ef9af3d80a48ba4ee6d460c1aff75ee215.mp4' for writing
[hls @ 0xe465960c0c80] Opening '/cache/transcodes/ef9af3d80a48ba4ee6d460c1aff75ee216.mp4' for writing
[hls @ 0xe465960c0c80] Opening '/cache/transcodes/ef9af3d80a48ba4ee6d460c1aff75ee217.mp4' for writing
frame= 2724 fps=1815 q=-1.0 size=N/A time=00:01:16.71 bitrate=N/A speed=51.1x    
[hls @ 0xe465960c0c80] Opening '/cache/transcodes/ef9af3d80a48ba4ee6d460c1aff75ee218.mp4' for writing
[hls @ 0xe465960c0c80] Opening '/cache/transcodes/ef9af3d80a48ba4ee6d460c1aff75ee219.mp4' for writing
[hls @ 0xe465960c0c80] Opening '/cache/transcodes/ef9af3d80a48ba4ee6d460c1aff75ee220.mp4' for writing
[hls @ 0xe465960c0c80] Opening '/cache/transcodes/ef9af3d80a48ba4ee6d460c1aff75ee221.mp4' for writing
[hls @ 0xe465960c0c80] Opening '/cache/transcodes/ef9af3d80a48ba4ee6d460c1aff75ee222.mp4' for writing
[hls @ 0xe465960c0c80] Opening '/cache/transcodes/ef9af3d80a48ba4ee6d460c1aff75ee223.mp4' for writing
frame= 3657 fps=1828 q=-1.0 size=N/A time=00:01:55.60 bitrate=N/A speed=57.8x    
[hls @ 0xe465960c0c80] Opening '/cache/transcodes/ef9af3d80a48ba4ee6d460c1aff75ee224.mp4' for writing
[hls @ 0xe465960c0c80] Opening '/cache/transcodes/ef9af3d80a48ba4ee6d460c1aff75ee225.mp4' for writing
[hls @ 0xe465960c0c80] Opening '/cache/transcodes/ef9af3d80a48ba4ee6d460c1aff75ee226.mp4' for writing
[hls @ 0xe465960c0c80] Opening '/cache/transcodes/ef9af3d80a48ba4ee6d460c1aff75ee227.mp4' for writing
[hls @ 0xe465960c0c80] Opening '/cache/transcodes/ef9af3d80a48ba4ee6d460c1aff75ee228.mp4' for writing
[hls @ 0xe465960c0c80] Opening '/cache/transcodes/ef9af3d80a48ba4ee6d460c1aff75ee229.mp4' for writing
[hls @ 0xe465960c0c80] Opening '/cache/transcodes/ef9af3d80a48ba4ee6d460c1aff75ee230.mp4' for writing
frame= 4539 fps=1815 q=-1.0 size=N/A time=00:02:32.42 bitrate=N/A speed=60.9x    
[hls @ 0xe465960c0c80] Opening '/cache/transcodes/ef9af3d80a48ba4ee6d460c1aff75ee231.mp4' for writing
[hls @ 0xe465960c0c80] Opening '/cache/transcodes/ef9af3d80a48ba4ee6d460c1aff75ee232.mp4' for writing
[hls @ 0xe465960c0c80] Opening '/cache/transcodes/ef9af3d80a48ba4ee6d460c1aff75ee233.mp4' for writing
[hls @ 0xe465960c0c80] Opening '/cache/transcodes/ef9af3d80a48ba4ee6d460c1aff75ee234.mp4' for writing
frame= 5286 fps=1761 q=-1.0 size=N/A time=00:03:03.55 bitrate=N/A speed=61.2x    
[hls @ 0xe465960c0c80] Opening '/cache/transcodes/ef9af3d80a48ba4ee6d460c1aff75ee235.mp4' for writing
[hls @ 0xe465960c0c80] Opening '/cache/transcodes/ef9af3d80a48ba4ee6d460c1aff75ee236.mp4' for writing
[hls @ 0xe465960c0c80] Opening '/cache/transcodes/ef9af3d80a48ba4ee6d460c1aff75ee237.mp4' for writing
[hls @ 0xe465960c0c80] Opening '/cache/transcodes/ef9af3d80a48ba4ee6d460c1aff75ee238.mp4' for writing
[hls @ 0xe465960c0c80] Opening '/cache/transcodes/ef9af3d80a48ba4ee6d460c1aff75ee239.mp4' for writing
frame= 6188 fps=1767 q=-1.0 size=N/A time=00:03:41.18 bitrate=N/A speed=63.2x    
[hls @ 0xe465960c0c80] Opening '/cache/transcodes/ef9af3d80a48ba4ee6d460c1aff75ee240.mp4' for writing
[hls @ 0xe465960c0c80] Opening '/cache/transcodes/ef9af3d80a48ba4ee6d460c1aff75ee241.mp4' for writing
[hls @ 0xe465960c0c80] Opening '/cache/transcodes/ef9af3d80a48ba4ee6d460c1aff75ee242.mp4' for writing
[hls @ 0xe465960c0c80] Opening '/cache/transcodes/ef9af3d80a48ba4ee6d460c1aff75ee243.mp4' for writing
[hls @ 0xe465960c0c80] Opening '/cache/transcodes/ef9af3d80a48ba4ee6d460c1aff75ee244.mp4' for writing
[hls @ 0xe465960c0c80] Opening '/cache/transcodes/ef9af3d80a48ba4ee6d460c1aff75ee245.mp4' for writing
[hls @ 0xe465960c0c80] Opening '/cache/transcodes/ef9af3d80a48ba4ee6d460c1aff75ee246.mp4' for writing
[hls @ 0xe465960c0c80] Opening '/cache/transcodes/ef9af3d80a48ba4ee6d460c1aff75ee247.mp4' for writing
frame= 7070 fps=1767 q=-1.0 size=N/A time=00:04:17.98 bitrate=N/A speed=64.5x    
[hls @ 0xe465960c0c80] Opening '/cache/transcodes/ef9af3d80a48ba4ee6d460c1aff75ee248.mp4' for writing
[hls @ 0xe465960c0c80] Opening '/cache/transcodes/ef9af3d80a48ba4ee6d460c1aff75ee249.mp4' for writing
[hls @ 0xe465960c0c80] Opening '/cache/transcodes/ef9af3d80a48ba4ee6d460c1aff75ee250.mp4' for writing
[hls @ 0xe465960c0c80] Opening '/cache/transcodes/ef9af3d80a48ba4ee6d460c1aff75ee251.mp4' for writing
[hls @ 0xe465960c0c80] Opening '/cache/transcodes/ef9af3d80a48ba4ee6d460c1aff75ee252.mp4' for writing
[hls @ 0xe465960c0c80] Opening '/cache/transcodes/ef9af3d80a48ba4ee6d460c1aff75ee253.mp4' for writing
[hls @ 0xe465960c0c80] Opening '/cache/transcodes/ef9af3d80a48ba4ee6d460c1aff75ee254.mp4' for writing
frame= 8016 fps=1781 q=-1.0 size=N/A time=00:04:57.42 bitrate=N/A speed=66.1x    
[hls @ 0xe465960c0c80] Opening '/cache/transcodes/ef9af3d80a48ba4ee6d460c1aff75ee255.mp4' for writing
[hls @ 0xe465960c0c80] Opening '/cache/transcodes/ef9af3d80a48ba4ee6d460c1aff75ee256.mp4' for writing
[hls @ 0xe465960c0c80] Opening '/cache/transcodes/ef9af3d80a48ba4ee6d460c1aff75ee257.mp4' for writing
[hls @ 0xe465960c0c80] Opening '/cache/transcodes/ef9af3d80a48ba4ee6d460c1aff75ee258.mp4' for writing
[hls @ 0xe465960c0c80] Opening '/cache/transcodes/ef9af3d80a48ba4ee6d460c1aff75ee259.mp4' for writing
[hls @ 0xe465960c0c80] Opening '/cache/transcodes/ef9af3d80a48ba4ee6d460c1aff75ee260.mp4' for writing
frame= 8922 fps=1784 q=-1.0 size=N/A time=00:05:35.21 bitrate=N/A speed=  67x    
[hls @ 0xe465960c0c80] Opening '/cache/transcodes/ef9af3d80a48ba4ee6d460c1aff75ee261.mp4' for writing
[hls @ 0xe465960c0c80] Opening '/cache/transcodes/ef9af3d80a48ba4ee6d460c1aff75ee262.mp4' for writing
[hls @ 0xe465960c0c80] Opening '/cache/transcodes/ef9af3d80a48ba4ee6d460c1aff75ee263.mp4' for writing
[hls @ 0xe465960c0c80] Opening '/cache/transcodes/ef9af3d80a48ba4ee6d460c1aff75ee264.mp4' for writing
[hls @ 0xe465960c0c80] Opening '/cache/transcodes/ef9af3d80a48ba4ee6d460c1aff75ee265.mp4' for writing
[hls @ 0xe465960c0c80] Opening '/cache/transcodes/ef9af3d80a48ba4ee6d460c1aff75ee266.mp4' for writing
frame= 9821 fps=1785 q=-1.0 size=N/A time=00:06:12.73 bitrate=N/A speed=67.7x    
[hls @ 0xe465960c0c80] Opening '/cache/transcodes/ef9af3d80a48ba4ee6d460c1aff75ee267.mp4' for writing
[hls @ 0xe465960c0c80] Opening '/cache/transcodes/ef9af3d80a48ba4ee6d460c1aff75ee268.mp4' for writing
[hls @ 0xe465960c0c80] Opening '/cache/transcodes/ef9af3d80a48ba4ee6d460c1aff75ee269.mp4' for writing
[hls @ 0xe465960c0c80] Opening '/cache/transcodes/ef9af3d80a48ba4ee6d460c1aff75ee270.mp4' for writing
[hls @ 0xe465960c0c80] Opening '/cache/transcodes/ef9af3d80a48ba4ee6d460c1aff75ee271.mp4' for writing
frame=10753 fps=1792 q=-1.0 size=N/A time=00:06:51.60 bitrate=N/A speed=68.6x    
[hls @ 0xe465960c0c80] Opening '/cache/transcodes/ef9af3d80a48ba4ee6d460c1aff75ee272.mp4' for writing
[hls @ 0xe465960c0c80] Opening '/cache/transcodes/ef9af3d80a48ba4ee6d460c1aff75ee273.mp4' for writing
[hls @ 0xe465960c0c80] Opening '/cache/transcodes/ef9af3d80a48ba4ee6d460c1aff75ee274.mp4' for writing
[hls @ 0xe465960c0c80] Opening '/cache/transcodes/ef9af3d80a48ba4ee6d460c1aff75ee275.mp4' for writing
[hls @ 0xe465960c0c80] Opening '/cache/transcodes/ef9af3d80a48ba4ee6d460c1aff75ee276.mp4' for writing
[hls @ 0xe465960c0c80] Opening '/cache/transcodes/ef9af3d80a48ba4ee6d460c1aff75ee277.mp4' for writing
[hls @ 0xe465960c0c80] Opening '/cache/transcodes/ef9af3d80a48ba4ee6d460c1aff75ee278.mp4' for writing
[hls @ 0xe465960c0c80] Opening '/cache/transcodes/ef9af3d80a48ba4ee6d460c1aff75ee279.mp4' for writing
frame=11719 fps=1802 q=-1.0 size=N/A time=00:07:31.86 bitrate=N/A speed=69.5x    
[hls @ 0xe465960c0c80] Opening '/cache/transcodes/ef9af3d80a48ba4ee6d460c1aff75ee280.mp4' for writing
[hls @ 0xe465960c0c80] Opening '/cache/transcodes/ef9af3d80a48ba4ee6d460c1aff75ee281.mp4' for writing
[hls @ 0xe465960c0c80] Opening '/cache/transcodes/ef9af3d80a48ba4ee6d460c1aff75ee282.mp4' for writing
[hls @ 0xe465960c0c80] Opening '/cache/transcodes/ef9af3d80a48ba4ee6d460c1aff75ee283.mp4' for writing
[hls @ 0xe465960c0c80] Opening '/cache/transcodes/ef9af3d80a48ba4ee6d460c1aff75ee284.mp4' for writing
[hls @ 0xe465960c0c80] Opening '/cache/transcodes/ef9af3d80a48ba4ee6d460c1aff75ee285.mp4' for writing
[hls @ 0xe465960c0c80] Opening '/cache/transcodes/ef9af3d80a48ba4ee6d460c1aff75ee286.mp4' for writing
frame=12640 fps=1805 q=-1.0 size=N/A time=00:08:10.30 bitrate=N/A speed=  70x    
[hls @ 0xe465960c0c80] Opening '/cache/transcodes/ef9af3d80a48ba4ee6d460c1aff75ee287.mp4' for writing
[hls @ 0xe465960c0c80] Opening '/cache/transcodes/ef9af3d80a48ba4ee6d460c1aff75ee288.mp4' for writing
[hls @ 0xe465960c0c80] Opening '/cache/transcodes/ef9af3d80a48ba4ee6d460c1aff75ee289.mp4' for writing
[hls @ 0xe465960c0c80] Opening '/cache/transcodes/ef9af3d80a48ba4ee6d460c1aff75ee290.mp4' for writing
[hls @ 0xe465960c0c80] Opening '/cache/transcodes/ef9af3d80a48ba4ee6d460c1aff75ee291.mp4' for writing
frame=13532 fps=1804 q=-1.0 size=N/A time=00:08:47.46 bitrate=N/A speed=70.3x    
[hls @ 0xe465960c0c80] Opening '/cache/transcodes/ef9af3d80a48ba4ee6d460c1aff75ee292.mp4' for writing
[hls @ 0xe465960c0c80] Opening '/cache/transcodes/ef9af3d80a48ba4ee6d460c1aff75ee293.mp4' for writing
[hls @ 0xe465960c0c80] Opening '/cache/transcodes/ef9af3d80a48ba4ee6d460c1aff75ee294.mp4' for writing
[hls @ 0xe465960c0c80] Opening '/cache/transcodes/ef9af3d80a48ba4ee6d460c1aff75ee295.mp4' for writing
[hls @ 0xe465960c0c80] Opening '/cache/transcodes/ef9af3d80a48ba4ee6d460c1aff75ee296.mp4' for writing
[hls @ 0xe465960c0c80] Opening '/cache/transcodes/ef9af3d80a48ba4ee6d460c1aff75ee297.mp4' for writing
[hls @ 0xe465960c0c80] Opening '/cache/transcodes/ef9af3d80a48ba4ee6d460c1aff75ee298.mp4' for writing
frame=14470 fps=1808 q=-1.0 size=N/A time=00:09:26.63 bitrate=N/A speed=70.8x    
[hls @ 0xe465960c0c80] Opening '/cache/transcodes/ef9af3d80a48ba4ee6d460c1aff75ee299.mp4' for writing
[hls @ 0xe465960c0c80] Opening '/cache/transcodes/ef9af3d80a48ba4ee6d460c1aff75ee2100.mp4' for writing
[hls @ 0xe465960c0c80] Opening '/cache/transcodes/ef9af3d80a48ba4ee6d460c1aff75ee2101.mp4' for writing
[hls @ 0xe465960c0c80] Opening '/cache/transcodes/ef9af3d80a48ba4ee6d460c1aff75ee2102.mp4' for writing
[hls @ 0xe465960c0c80] Opening '/cache/transcodes/ef9af3d80a48ba4ee6d460c1aff75ee2103.mp4' for writing
[hls @ 0xe465960c0c80] Opening '/cache/transcodes/ef9af3d80a48ba4ee6d460c1aff75ee2104.mp4' for writing
[hls @ 0xe465960c0c80] Opening '/cache/transcodes/ef9af3d80a48ba4ee6d460c1aff75ee2105.mp4' for writing
frame=15388 fps=1810 q=-1.0 size=N/A time=00:10:04.88 bitrate=N/A speed=71.1x    
[hls @ 0xe465960c0c80] Opening '/cache/transcodes/ef9af3d80a48ba4ee6d460c1aff75ee2106.mp4' for writing
[hls @ 0xe465960c0c80] Opening '/cache/transcodes/ef9af3d80a48ba4ee6d460c1aff75ee2107.mp4' for writing
[hls @ 0xe465960c0c80] Opening '/cache/transcodes/ef9af3d80a48ba4ee6d460c1aff75ee2108.mp4' for writing
[hls @ 0xe465960c0c80] Opening '/cache/transcodes/ef9af3d80a48ba4ee6d460c1aff75ee2109.mp4' for writing
[hls @ 0xe465960c0c80] Opening '/cache/transcodes/ef9af3d80a48ba4ee6d460c1aff75ee2110.mp4' for writing
[hls @ 0xe465960c0c80] Opening '/cache/transcodes/ef9af3d80a48ba4ee6d460c1aff75ee2111.mp4' for writing
[hls @ 0xe465960c0c80] Opening '/cache/transcodes/ef9af3d80a48ba4ee6d460c1aff75ee2112.mp4' for writing
frame=16320 fps=1813 q=-1.0 size=N/A time=00:10:43.79 bitrate=N/A speed=71.5x    
[hls @ 0xe465960c0c80] Opening '/cache/transcodes/ef9af3d80a48ba4ee6d460c1aff75ee2113.mp4' for writing
[hls @ 0xe465960c0c80] Opening '/cache/transcodes/ef9af3d80a48ba4ee6d460c1aff75ee2114.mp4' for writing
[hls @ 0xe465960c0c80] Opening '/cache/transcodes/ef9af3d80a48ba4ee6d460c1aff75ee2115.mp4' for writing
[hls @ 0xe465960c0c80] Opening '/cache/transcodes/ef9af3d80a48ba4ee6d460c1aff75ee2116.mp4' for writing
[hls @ 0xe465960c0c80] Opening '/cache/transcodes/ef9af3d80a48ba4ee6d460c1aff75ee2117.mp4' for writing
[hls @ 0xe465960c0c80] Opening '/cache/transcodes/ef9af3d80a48ba4ee6d460c1aff75ee2118.mp4' for writing
frame=17225 fps=1813 q=-1.0 size=N/A time=00:11:21.51 bitrate=N/A speed=71.7x    
[hls @ 0xe465960c0c80] Opening '/cache/transcodes/ef9af3d80a48ba4ee6d460c1aff75ee2119.mp4' for writing
[hls @ 0xe465960c0c80] Opening '/cache/transcodes/ef9af3d80a48ba4ee6d460c1aff75ee2120.mp4' for writing
[hls @ 0xe465960c0c80] Opening '/cache/transcodes/ef9af3d80a48ba4ee6d460c1aff75ee2121.mp4' for writing
[hls @ 0xe465960c0c80] Opening '/cache/transcodes/ef9af3d80a48ba4ee6d460c1aff75ee2122.mp4' for writing
[hls @ 0xe465960c0c80] Opening '/cache/transcodes/ef9af3d80a48ba4ee6d460c1aff75ee2123.mp4' for writing
frame=18097 fps=1809 q=-1.0 size=N/A time=00:11:57.88 bitrate=N/A speed=71.8x    
[hls @ 0xe465960c0c80] Opening '/cache/transcodes/ef9af3d80a48ba4ee6d460c1aff75ee2124.mp4' for writing
[hls @ 0xe465960c0c80] Opening '/cache/transcodes/ef9af3d80a48ba4ee6d460c1aff75ee2125.mp4' for writing
[hls @ 0xe465960c0c80] Opening '/cache/transcodes/ef9af3d80a48ba4ee6d460c1aff75ee2126.mp4' for writing
[hls @ 0xe465960c0c80] Opening '/cache/transcodes/ef9af3d80a48ba4ee6d460c1aff75ee2127.mp4' for writing
[hls @ 0xe465960c0c80] Opening '/cache/transcodes/ef9af3d80a48ba4ee6d460c1aff75ee2128.mp4' for writing
[hls @ 0xe465960c0c80] Opening '/cache/transcodes/ef9af3d80a48ba4ee6d460c1aff75ee2129.mp4' for writing
frame=19037 fps=1813 q=-1.0 size=N/A time=00:12:37.09 bitrate=N/A speed=72.1x    
[hls @ 0xe465960c0c80] Opening '/cache/transcodes/ef9af3d80a48ba4ee6d460c1aff75ee2130.mp4' for writing
[hls @ 0xe465960c0c80] Opening '/cache/transcodes/ef9af3d80a48ba4ee6d460c1aff75ee2131.mp4' for writing
[hls @ 0xe465960c0c80] Opening '/cache/transcodes/ef9af3d80a48ba4ee6d460c1aff75ee2132.mp4' for writing
[hls @ 0xe465960c0c80] Opening '/cache/transcodes/ef9af3d80a48ba4ee6d460c1aff75ee2133.mp4' for writing
[hls @ 0xe465960c0c80] Opening '/cache/transcodes/ef9af3d80a48ba4ee6d460c1aff75ee2134.mp4' for writing
[hls @ 0xe465960c0c80] Opening '/cache/transcodes/ef9af3d80a48ba4ee6d460c1aff75ee2135.mp4' for writing
frame=19914 fps=1810 q=-1.0 size=N/A time=00:13:13.68 bitrate=N/A speed=72.1x    
[hls @ 0xe465960c0c80] Opening '/cache/transcodes/ef9af3d80a48ba4ee6d460c1aff75ee2136.mp4' for writing
[hls @ 0xe465960c0c80] Opening '/cache/transcodes/ef9af3d80a48ba4ee6d460c1aff75ee2137.mp4' for writing
[hls @ 0xe465960c0c80] Opening '/cache/transcodes/ef9af3d80a48ba4ee6d460c1aff75ee2138.mp4' for writing
[hls @ 0xe465960c0c80] Opening '/cache/transcodes/ef9af3d80a48ba4ee6d460c1aff75ee2139.mp4' for writing
[hls @ 0xe465960c0c80] Opening '/cache/transcodes/ef9af3d80a48ba4ee6d460c1aff75ee2140.mp4' for writing
[hls @ 0xe465960c0c80] Opening '/cache/transcodes/ef9af3d80a48ba4ee6d460c1aff75ee2141.mp4' for writing
[hls @ 0xe465960c0c80] Opening '/cache/transcodes/ef9af3d80a48ba4ee6d460c1aff75ee2142.mp4' for writing
[hls @ 0xe465960c0c80] Opening '/cache/transcodes/ef9af3d80a48ba4ee6d460c1aff75ee2143.mp4' for writing
[hls @ 0xe465960c0c80] Opening '/cache/transcodes/ef9af3d80a48ba4ee6d460c1aff75ee2144.mp4' for writing
frame=20896 fps=1816 q=-1.0 size=N/A time=00:13:54.70 bitrate=N/A speed=72.6x    
[hls @ 0xe465960c0c80] Opening '/cache/transcodes/ef9af3d80a48ba4ee6d460c1aff75ee2145.mp4' for writing
[hls @ 0xe465960c0c80] Opening '/cache/transcodes/ef9af3d80a48ba4ee6d460c1aff75ee2146.mp4' for writing
[hls @ 0xe465960c0c80] Opening '/cache/transcodes/ef9af3d80a48ba4ee6d460c1aff75ee2147.mp4' for writing
[hls @ 0xe465960c0c80] Opening '/cache/transcodes/ef9af3d80a48ba4ee6d460c1aff75ee2148.mp4' for writing
[hls @ 0xe465960c0c80] Opening '/cache/transcodes/ef9af3d80a48ba4ee6d460c1aff75ee2149.mp4' for writing
[hls @ 0xe465960c0c80] Opening '/cache/transcodes/ef9af3d80a48ba4ee6d460c1aff75ee2150.mp4' for writing
frame=21872 fps=1822 q=-1.0 size=N/A time=00:14:35.37 bitrate=N/A speed=72.9x    
[hls @ 0xe465960c0c80] Opening '/cache/transcodes/ef9af3d80a48ba4ee6d460c1aff75ee2151.mp4' for writing
[hls @ 0xe465960c0c80] Opening '/cache/transcodes/ef9af3d80a48ba4ee6d460c1aff75ee2152.mp4' for writing
[hls @ 0xe465960c0c80] Opening '/cache/transcodes/ef9af3d80a48ba4ee6d460c1aff75ee2153.mp4' for writing
[hls @ 0xe465960c0c80] Opening '/cache/transcodes/ef9af3d80a48ba4ee6d460c1aff75ee2154.mp4' for writing
[hls @ 0xe465960c0c80] Opening '/cache/transcodes/ef9af3d80a48ba4ee6d460c1aff75ee2155.mp4' for writing
[hls @ 0xe465960c0c80] Opening '/cache/transcodes/ef9af3d80a48ba4ee6d460c1aff75ee2156.mp4' for writing
[hls @ 0xe465960c0c80] Opening '/cache/transcodes/ef9af3d80a48ba4ee6d460c1aff75ee2157.mp4' for writing
frame=22858 fps=1828 q=-1.0 size=N/A time=00:15:16.48 bitrate=N/A speed=73.3x    
[hls @ 0xe465960c0c80] Opening '/cache/transcodes/ef9af3d80a48ba4ee6d460c1aff75ee2158.mp4' for writing
[hls @ 0xe465960c0c80] Opening '/cache/transcodes/ef9af3d80a48ba4ee6d460c1aff75ee2159.mp4' for writing
[hls @ 0xe465960c0c80] Opening '/cache/transcodes/ef9af3d80a48ba4ee6d460c1aff75ee2160.mp4' for writing
[hls @ 0xe465960c0c80] Opening '/cache/transcodes/ef9af3d80a48ba4ee6d460c1aff75ee2161.mp4' for writing
[hls @ 0xe465960c0c80] Opening '/cache/transcodes/ef9af3d80a48ba4ee6d460c1aff75ee2162.mp4' for writing
[hls @ 0xe465960c0c80] Opening '/cache/transcodes/ef9af3d80a48ba4ee6d460c1aff75ee2163.mp4' for writing
[hls @ 0xe465960c0c80] Opening '/cache/transcodes/ef9af3d80a48ba4ee6d460c1aff75ee2164.mp4' for writing
frame=23845 fps=1834 q=-1.0 size=N/A time=00:15:57.63 bitrate=N/A speed=73.6x    
[hls @ 0xe465960c0c80] Opening '/cache/transcodes/ef9af3d80a48ba4ee6d460c1aff75ee2165.mp4' for writing
[hls @ 0xe465960c0c80] Opening '/cache/transcodes/ef9af3d80a48ba4ee6d460c1aff75ee2166.mp4' for writing
[hls @ 0xe465960c0c80] Opening '/cache/transcodes/ef9af3d80a48ba4ee6d460c1aff75ee2167.mp4' for writing
[hls @ 0xe465960c0c80] Opening '/cache/transcodes/ef9af3d80a48ba4ee6d460c1aff75ee2168.mp4' for writing
[hls @ 0xe465960c0c80] Opening '/cache/transcodes/ef9af3d80a48ba4ee6d460c1aff75ee2169.mp4' for writing
[hls @ 0xe465960c0c80] Opening '/cache/transcodes/ef9af3d80a48ba4ee6d460c1aff75ee2170.mp4' for writing
frame=24829 fps=1839 q=-1.0 size=N/A time=00:16:38.65 bitrate=N/A speed=  74x    
[hls @ 0xe465960c0c80] Opening '/cache/transcodes/ef9af3d80a48ba4ee6d460c1aff75ee2171.mp4' for writing
[hls @ 0xe465960c0c80] Opening '/cache/transcodes/ef9af3d80a48ba4ee6d460c1aff75ee2172.mp4' for writing
[hls @ 0xe465960c0c80] Opening '/cache/transcodes/ef9af3d80a48ba4ee6d460c1aff75ee2173.mp4' for writing
[hls @ 0xe465960c0c80] Opening '/cache/transcodes/ef9af3d80a48ba4ee6d460c1aff75ee2174.mp4' for writing
[hls @ 0xe465960c0c80] Opening '/cache/transcodes/ef9af3d80a48ba4ee6d460c1aff75ee2175.mp4' for writing
[hls @ 0xe465960c0c80] Opening '/cache/transcodes/ef9af3d80a48ba4ee6d460c1aff75ee2176.mp4' for writing
frame=25743 fps=1838 q=-1.0 size=N/A time=00:17:16.80 bitrate=N/A speed=  74x    
[hls @ 0xe465960c0c80] Opening '/cache/transcodes/ef9af3d80a48ba4ee6d460c1aff75ee2177.mp4' for writing
[hls @ 0xe465960c0c80] Opening '/cache/transcodes/ef9af3d80a48ba4ee6d460c1aff75ee2178.mp4' for writing
[hls @ 0xe465960c0c80] Opening '/cache/transcodes/ef9af3d80a48ba4ee6d460c1aff75ee2179.mp4' for writing
[hls @ 0xe465960c0c80] Opening '/cache/transcodes/ef9af3d80a48ba4ee6d460c1aff75ee2180.mp4' for writing
[hls @ 0xe465960c0c80] Opening '/cache/transcodes/ef9af3d80a48ba4ee6d460c1aff75ee2181.mp4' for writing
[hls @ 0xe465960c0c80] Opening '/cache/transcodes/ef9af3d80a48ba4ee6d460c1aff75ee2182.mp4' for writing
frame=26618 fps=1835 q=-1.0 size=N/A time=00:17:53.32 bitrate=N/A speed=  74x    
[hls @ 0xe465960c0c80] Opening '/cache/transcodes/ef9af3d80a48ba4ee6d460c1aff75ee2183.mp4' for writing
[hls @ 0xe465960c0c80] Opening '/cache/transcodes/ef9af3d80a48ba4ee6d460c1aff75ee2184.mp4' for writing
[hls @ 0xe465960c0c80] Opening '/cache/transcodes/ef9af3d80a48ba4ee6d460c1aff75ee2185.mp4' for writing
[hls @ 0xe465960c0c80] Opening '/cache/transcodes/ef9af3d80a48ba4ee6d460c1aff75ee2186.mp4' for writing
[hls @ 0xe465960c0c80] Opening '/cache/transcodes/ef9af3d80a48ba4ee6d460c1aff75ee2187.mp4' for writing
[hls @ 0xe465960c0c80] Opening '/cache/transcodes/ef9af3d80a48ba4ee6d460c1aff75ee2188.mp4' for writing
frame=27609 fps=1840 q=-1.0 size=N/A time=00:18:34.62 bitrate=N/A speed=74.3x    
[hls @ 0xe465960c0c80] Opening '/cache/transcodes/ef9af3d80a48ba4ee6d460c1aff75ee2189.mp4' for writing
[hls @ 0xe465960c0c80] Opening '/cache/transcodes/ef9af3d80a48ba4ee6d460c1aff75ee2190.mp4' for writing
[hls @ 0xe465960c0c80] Opening '/cache/transcodes/ef9af3d80a48ba4ee6d460c1aff75ee2191.mp4' for writing
[hls @ 0xe465960c0c80] Opening '/cache/transcodes/ef9af3d80a48ba4ee6d460c1aff75ee2192.mp4' for writing
[hls @ 0xe465960c0c80] Opening '/cache/transcodes/ef9af3d80a48ba4ee6d460c1aff75ee2193.mp4' for writing
[hls @ 0xe465960c0c80] Opening '/cache/transcodes/ef9af3d80a48ba4ee6d460c1aff75ee2194.mp4' for writing
[hls @ 0xe465960c0c80] Opening '/cache/transcodes/ef9af3d80a48ba4ee6d460c1aff75ee2195.mp4' for writing
[hls @ 0xe465960c0c80] Opening '/cache/transcodes/ef9af3d80a48ba4ee6d460c1aff75ee2196.mp4' for writing
[hls @ 0xe465960c0c80] Opening '/cache/transcodes/ef9af3d80a48ba4ee6d460c1aff75ee2197.mp4' for writing
[hls @ 0xe465960c0c80] Opening '/cache/transcodes/ef9af3d80a48ba4ee6d460c1aff75ee2198.mp4' for writing
frame=28649 fps=1848 q=-1.0 size=N/A time=00:19:18.03 bitrate=N/A speed=74.7x    
[hls @ 0xe465960c0c80] Opening '/cache/transcodes/ef9af3d80a48ba4ee6d460c1aff75ee2199.mp4' for writing
[hls @ 0xe465960c0c80] Opening '/cache/transcodes/ef9af3d80a48ba4ee6d460c1aff75ee2200.mp4' for writing
[hls @ 0xe465960c0c80] Opening '/cache/transcodes/ef9af3d80a48ba4ee6d460c1aff75ee2201.mp4' for writing
frame=29268 fps=1827 q=-1.0 size=N/A time=00:19:43.93 bitrate=N/A speed=73.9x    
[hls @ 0xe465960c0c80] Opening '/cache/transcodes/ef9af3d80a48ba4ee6d460c1aff75ee2202.mp4' for writing
[hls @ 0xe465960c0c80] Opening '/cache/transcodes/ef9af3d80a48ba4ee6d460c1aff75ee2203.mp4' for writing
[hls @ 0xe465960c0c80] Opening '/cache/transcodes/ef9af3d80a48ba4ee6d460c1aff75ee2204.mp4' for writing
[hls @ 0xe465960c0c80] Opening '/cache/transcodes/ef9af3d80a48ba4ee6d460c1aff75ee2205.mp4' for writing
[hls @ 0xe465960c0c80] Opening '/cache/transcodes/ef9af3d80a48ba4ee6d460c1aff75ee2206.mp4' for writing
frame=30086 fps=1821 q=-1.0 size=N/A time=00:20:17.94 bitrate=N/A speed=73.7x    
[hls @ 0xe465960c0c80] Opening '/cache/transcodes/ef9af3d80a48ba4ee6d460c1aff75ee2207.mp4' for writing
[hls @ 0xe465960c0c80] Opening '/cache/transcodes/ef9af3d80a48ba4ee6d460c1aff75ee2208.mp4' for writing
[hls @ 0xe465960c0c80] Opening '/cache/transcodes/ef9af3d80a48ba4ee6d460c1aff75ee2209.mp4' for writing
[hls @ 0xe465960c0c80] Opening '/cache/transcodes/ef9af3d80a48ba4ee6d460c1aff75ee2210.mp4' for writing
[hls @ 0xe465960c0c80] Opening '/cache/transcodes/ef9af3d80a48ba4ee6d460c1aff75ee2211.mp4' for writing
[hls @ 0xe465960c0c80] Opening '/cache/transcodes/ef9af3d80a48ba4ee6d460c1aff75ee2212.mp4' for writing
[hls @ 0xe465960c0c80] Opening '/cache/transcodes/ef9af3d80a48ba4ee6d460c1aff75ee2213.mp4' for writing
frame=30968 fps=1820 q=-1.0 size=N/A time=00:20:54.72 bitrate=N/A speed=73.7x    
[hls @ 0xe465960c0c80] Opening '/cache/transcodes/ef9af3d80a48ba4ee6d460c1aff75ee2214.mp4' for writing
[hls @ 0xe465960c0c80] Opening '/cache/transcodes/ef9af3d80a48ba4ee6d460c1aff75ee2215.mp4' for writing
[hls @ 0xe465960c0c80] Opening '/cache/transcodes/ef9af3d80a48ba4ee6d460c1aff75ee2216.mp4' for writing
[hls @ 0xe465960c0c80] Opening '/cache/transcodes/ef9af3d80a48ba4ee6d460c1aff75ee2217.mp4' for writing
[hls @ 0xe465960c0c80] Opening '/cache/transcodes/ef9af3d80a48ba4ee6d460c1aff75ee2218.mp4' for writing
[hls @ 0xe465960c0c80] Opening '/cache/transcodes/ef9af3d80a48ba4ee6d460c1aff75ee2219.mp4' for writing
frame=31893 fps=1820 q=-1.0 size=N/A time=00:21:33.29 bitrate=N/A speed=73.8x    
[hls @ 0xe465960c0c80] Opening '/cache/transcodes/ef9af3d80a48ba4ee6d460c1aff75ee2220.mp4' for writing
[hls @ 0xe465960c0c80] Opening '/cache/transcodes/ef9af3d80a48ba4ee6d460c1aff75ee2221.mp4' for writing
[hls @ 0xe465960c0c80] Opening '/cache/transcodes/ef9af3d80a48ba4ee6d460c1aff75ee2222.mp4' for writing
[hls @ 0xe465960c0c80] Opening '/cache/transcodes/ef9af3d80a48ba4ee6d460c1aff75ee2223.mp4' for writing
[hls @ 0xe465960c0c80] Opening '/cache/transcodes/ef9af3d80a48ba4ee6d460c1aff75ee2224.mp4' for writing
[hls @ 0xe465960c0c80] Opening '/cache/transcodes/ef9af3d80a48ba4ee6d460c1aff75ee2225.mp4' for writing
frame=32812 fps=1821 q=-1.0 size=N/A time=00:22:11.62 bitrate=N/A speed=73.9x    
[hls @ 0xe465960c0c80] Opening '/cache/transcodes/ef9af3d80a48ba4ee6d460c1aff75ee2226.mp4' for writing
[hls @ 0xe465960c0c80] Opening '/cache/transcodes/ef9af3d80a48ba4ee6d460c1aff75ee2227.mp4' for writing
[hls @ 0xe465960c0c80] Opening '/cache/transcodes/ef9af3d80a48ba4ee6d460c1aff75ee2228.mp4' for writing
[hls @ 0xe465960c0c80] Opening '/cache/transcodes/ef9af3d80a48ba4ee6d460c1aff75ee2229.mp4' for writing
[hls @ 0xe465960c0c80] Opening '/cache/transcodes/ef9af3d80a48ba4ee6d460c1aff75ee2230.mp4' for writing
[hls @ 0xe465960c0c80] Opening '/cache/transcodes/ef9af3d80a48ba4ee6d460c1aff75ee2231.mp4' for writing
[hls @ 0xe465960c0c80] Opening '/cache/transcodes/ef9af3d80a48ba4ee6d460c1aff75ee2232.mp4' for writing
frame=33880 fps=1829 q=-1.0 size=N/A time=00:22:56.17 bitrate=N/A speed=74.3x    
[hls @ 0xe465960c0c80] Opening '/cache/transcodes/ef9af3d80a48ba4ee6d460c1aff75ee2233.mp4' for writing
[hls @ 0xe465960c0c80] Opening '/cache/transcodes/ef9af3d80a48ba4ee6d460c1aff75ee2234.mp4' for writing
[hls @ 0xe465960c0c80] Opening '/cache/transcodes/ef9af3d80a48ba4ee6d460c1aff75ee2235.mp4' for writing
[hls @ 0xe465960c0c80] Opening '/cache/transcodes/ef9af3d80a48ba4ee6d460c1aff75ee2236.mp4' for writing
[hls @ 0xe465960c0c80] Opening '/cache/transcodes/ef9af3d80a48ba4ee6d460c1aff75ee2237.mp4' for writing
[hls @ 0xe465960c0c80] Opening '/cache/transcodes/ef9af3d80a48ba4ee6d460c1aff75ee2238.mp4' for writing
[hls @ 0xe465960c0c80] Opening '/cache/transcodes/ef9af3d80a48ba4ee6d460c1aff75ee2239.mp4' for writing
[hls @ 0xe465960c0c80] Opening '/cache/transcodes/ef9af3d80a48ba4ee6d460c1aff75ee2240.mp4' for writing
frame=34882 fps=1834 q=-1.0 size=N/A time=00:23:37.98 bitrate=N/A speed=74.6x    
[hls @ 0xe465960c0c80] Opening '/cache/transcodes/ef9af3d80a48ba4ee6d460c1aff75ee2241.mp4' for writing
[hls @ 0xe465960c0c80] Opening '/cache/transcodes/ef9af3d80a48ba4ee6d460c1aff75ee2242.mp4' for writing
[hls @ 0xe465960c0c80] Opening '/cache/transcodes/ef9af3d80a48ba4ee6d460c1aff75ee2243.mp4' for writing
[hls @ 0xe465960c0c80] Opening '/cache/transcodes/ef9af3d80a48ba4ee6d460c1aff75ee2244.mp4' for writing
[hls @ 0xe465960c0c80] Opening '/cache/transcodes/ef9af3d80a48ba4ee6d460c1aff75ee2245.mp4' for writing
[hls @ 0xe465960c0c80] Opening '/cache/transcodes/ef9af3d80a48ba4ee6d460c1aff75ee2246.mp4' for writing
[hls @ 0xe465960c0c80] Opening '/cache/transcodes/ef9af3d80a48ba4ee6d460c1aff75ee2247.mp4' for writing
[hls @ 0xe465960c0c80] Opening '/cache/transcodes/ef9af3d80a48ba4ee6d460c1aff75ee2248.mp4' for writing
frame=35919 fps=1840 q=-1.0 size=N/A time=00:24:21.20 bitrate=N/A speed=74.9x    
[hls @ 0xe465960c0c80] Opening '/cache/transcodes/ef9af3d80a48ba4ee6d460c1aff75ee2249.mp4' for writing
[hls @ 0xe465960c0c80] Opening '/cache/transcodes/ef9af3d80a48ba4ee6d460c1aff75ee2250.mp4' for writing
[hls @ 0xe465960c0c80] Opening '/cache/transcodes/ef9af3d80a48ba4ee6d460c1aff75ee2251.mp4' for writing
[hls @ 0xe465960c0c80] Opening '/cache/transcodes/ef9af3d80a48ba4ee6d460c1aff75ee2252.mp4' for writing
[hls @ 0xe465960c0c80] Opening '/cache/transcodes/ef9af3d80a48ba4ee6d460c1aff75ee2253.mp4' for writing
[hls @ 0xe465960c0c80] Opening '/cache/transcodes/ef9af3d80a48ba4ee6d460c1aff75ee2254.mp4' for writing
[hls @ 0xe465960c0c80] Opening '/cache/transcodes/ef9af3d80a48ba4ee6d460c1aff75ee2255.mp4' for writing
frame=37001 fps=1848 q=-1.0 size=N/A time=00:25:06.32 bitrate=N/A speed=75.2x    
[hls @ 0xe465960c0c80] Opening '/cache/transcodes/ef9af3d80a48ba4ee6d460c1aff75ee2256.mp4' for writing
[hls @ 0xe465960c0c80] Opening '/cache/transcodes/ef9af3d80a48ba4ee6d460c1aff75ee2257.mp4' for writing
[hls @ 0xe465960c0c80] Opening '/cache/transcodes/ef9af3d80a48ba4ee6d460c1aff75ee2258.mp4' for writing
[hls @ 0xe465960c0c80] Opening '/cache/transcodes/ef9af3d80a48ba4ee6d460c1aff75ee2259.mp4' for writing
[hls @ 0xe465960c0c80] Opening '/cache/transcodes/ef9af3d80a48ba4ee6d460c1aff75ee2260.mp4' for writing
[hls @ 0xe465960c0c80] Opening '/cache/transcodes/ef9af3d80a48ba4ee6d460c1aff75ee2261.mp4' for writing
[hls @ 0xe465960c0c80] Opening '/cache/transcodes/ef9af3d80a48ba4ee6d460c1aff75ee2262.mp4' for writing
frame=37996 fps=1852 q=-1.0 size=N/A time=00:25:47.81 bitrate=N/A speed=75.4x    
[hls @ 0xe465960c0c80] Opening '/cache/transcodes/ef9af3d80a48ba4ee6d460c1aff75ee2263.mp4' for writing
[hls @ 0xe465960c0c80] Opening '/cache/transcodes/ef9af3d80a48ba4ee6d460c1aff75ee2264.mp4' for writing
[hls @ 0xe465960c0c80] Opening '/cache/transcodes/ef9af3d80a48ba4ee6d460c1aff75ee2265.mp4' for writing
[hls @ 0xe465960c0c80] Opening '/cache/transcodes/ef9af3d80a48ba4ee6d460c1aff75ee2266.mp4' for writing
[hls @ 0xe465960c0c80] Opening '/cache/transcodes/ef9af3d80a48ba4ee6d460c1aff75ee2267.mp4' for writing
[hls @ 0xe465960c0c80] Opening '/cache/transcodes/ef9af3d80a48ba4ee6d460c1aff75ee2268.mp4' for writing
[hls @ 0xe465960c0c80] Opening '/cache/transcodes/ef9af3d80a48ba4ee6d460c1aff75ee2269.mp4' for writing
frame=39005 fps=1856 q=-1.0 size=N/A time=00:26:29.90 bitrate=N/A speed=75.6x    
[hls @ 0xe465960c0c80] Opening '/cache/transcodes/ef9af3d80a48ba4ee6d460c1aff75ee2270.mp4' for writing
[hls @ 0xe465960c0c80] Opening '/cache/transcodes/ef9af3d80a48ba4ee6d460c1aff75ee2271.mp4' for writing
[hls @ 0xe465960c0c80] Opening '/cache/transcodes/ef9af3d80a48ba4ee6d460c1aff75ee2272.mp4' for writing
[hls @ 0xe465960c0c80] Opening '/cache/transcodes/ef9af3d80a48ba4ee6d460c1aff75ee2273.mp4' for writing
[hls @ 0xe465960c0c80] Opening '/cache/transcodes/ef9af3d80a48ba4ee6d460c1aff75ee2274.mp4' for writing
[hls @ 0xe465960c0c80] Opening '/cache/transcodes/ef9af3d80a48ba4ee6d460c1aff75ee2275.mp4' for writing
[hls @ 0xe465960c0c80] Opening '/cache/transcodes/ef9af3d80a48ba4ee6d460c1aff75ee2276.mp4' for writing
[hls @ 0xe465960c0c80] Opening '/cache/transcodes/ef9af3d80a48ba4ee6d460c1aff75ee2277.mp4' for writing
frame=40009 fps=1859 q=-1.0 size=N/A time=00:27:11.82 bitrate=N/A speed=75.8x    
[hls @ 0xe465960c0c80] Opening '/cache/transcodes/ef9af3d80a48ba4ee6d460c1aff75ee2278.mp4' for writing
[hls @ 0xe465960c0c80] Opening '/cache/transcodes/ef9af3d80a48ba4ee6d460c1aff75ee2279.mp4' for writing
[hls @ 0xe465960c0c80] Opening '/cache/transcodes/ef9af3d80a48ba4ee6d460c1aff75ee2280.mp4' for writing
[hls @ 0xe465960c0c80] Opening '/cache/transcodes/ef9af3d80a48ba4ee6d460c1aff75ee2281.mp4' for writing
[hls @ 0xe465960c0c80] Opening '/cache/transcodes/ef9af3d80a48ba4ee6d460c1aff75ee2282.mp4' for writing
frame=40962 fps=1860 q=-1.0 size=N/A time=00:27:51.55 bitrate=N/A speed=75.9x    
[hls @ 0xe465960c0c80] Opening '/cache/transcodes/ef9af3d80a48ba4ee6d460c1aff75ee2283.mp4' for writing
[hls @ 0xe465960c0c80] Opening '/cache/transcodes/ef9af3d80a48ba4ee6d460c1aff75ee2284.mp4' for writing
[hls @ 0xe465960c0c80] Opening '/cache/transcodes/ef9af3d80a48ba4ee6d460c1aff75ee2285.mp4' for writing
[hls @ 0xe465960c0c80] Opening '/cache/transcodes/ef9af3d80a48ba4ee6d460c1aff75ee2286.mp4' for writing
[hls @ 0xe465960c0c80] Opening '/cache/transcodes/ef9af3d80a48ba4ee6d460c1aff75ee2287.mp4' for writing
frame=41826 fps=1857 q=-1.0 size=N/A time=00:28:27.58 bitrate=N/A speed=75.8x    
[hls @ 0xe465960c0c80] Opening '/cache/transcodes/ef9af3d80a48ba4ee6d460c1aff75ee2288.mp4' for writing
[hls @ 0xe465960c0c80] Opening '/cache/transcodes/ef9af3d80a48ba4ee6d460c1aff75ee2289.mp4' for writing
[hls @ 0xe465960c0c80] Opening '/cache/transcodes/ef9af3d80a48ba4ee6d460c1aff75ee2290.mp4' for writing
[hls @ 0xe465960c0c80] Opening '/cache/transcodes/ef9af3d80a48ba4ee6d460c1aff75ee2291.mp4' for writing
[hls @ 0xe465960c0c80] Opening '/cache/transcodes/ef9af3d80a48ba4ee6d460c1aff75ee2292.mp4' for writing
[hls @ 0xe465960c0c80] Opening '/cache/transcodes/ef9af3d80a48ba4ee6d460c1aff75ee2293.mp4' for writing
[hls @ 0xe465960c0c80] Opening '/cache/transcodes/ef9af3d80a48ba4ee6d460c1aff75ee2294.mp4' for writing
[hls @ 0xe465960c0c80] Opening '/cache/transcodes/ef9af3d80a48ba4ee6d460c1aff75ee2295.mp4' for writing
frame=42888 fps=1863 q=-1.0 size=N/A time=00:29:11.89 bitrate=N/A speed=76.1x    
[hls @ 0xe465960c0c80] Opening '/cache/transcodes/ef9af3d80a48ba4ee6d460c1aff75ee2296.mp4' for writing
[hls @ 0xe465960c0c80] Opening '/cache/transcodes/ef9af3d80a48ba4ee6d460c1aff75ee2297.mp4' for writing
[hls @ 0xe465960c0c80] Opening '/cache/transcodes/ef9af3d80a48ba4ee6d460c1aff75ee2298.mp4' for writing
[hls @ 0xe465960c0c80] Opening '/cache/transcodes/ef9af3d80a48ba4ee6d460c1aff75ee2299.mp4' for writing
[hls @ 0xe465960c0c80] Opening '/cache/transcodes/ef9af3d80a48ba4ee6d460c1aff75ee2300.mp4' for writing
[hls @ 0xe465960c0c80] Opening '/cache/transcodes/ef9af3d80a48ba4ee6d460c1aff75ee2301.mp4' for writing
[hls @ 0xe465960c0c80] Opening '/cache/transcodes/ef9af3d80a48ba4ee6d460c1aff75ee2302.mp4' for writing
frame=43831 fps=1864 q=-1.0 size=N/A time=00:29:51.23 bitrate=N/A speed=76.2x    
[hls @ 0xe465960c0c80] Opening '/cache/transcodes/ef9af3d80a48ba4ee6d460c1aff75ee2303.mp4' for writing
[hls @ 0xe465960c0c80] Opening '/cache/transcodes/ef9af3d80a48ba4ee6d460c1aff75ee2304.mp4' for writing
[hls @ 0xe465960c0c80] Opening '/cache/transcodes/ef9af3d80a48ba4ee6d460c1aff75ee2305.mp4' for writing
[hls @ 0xe465960c0c80] Opening '/cache/transcodes/ef9af3d80a48ba4ee6d460c1aff75ee2306.mp4' for writing
[hls @ 0xe465960c0c80] Opening '/cache/transcodes/ef9af3d80a48ba4ee6d460c1aff75ee2307.mp4' for writing
[hls @ 0xe465960c0c80] Opening '/cache/transcodes/ef9af3d80a48ba4ee6d460c1aff75ee2308.mp4' for writing
[hls @ 0xe465960c0c80] Opening '/cache/transcodes/ef9af3d80a48ba4ee6d460c1aff75ee2309.mp4' for writing
frame=44761 fps=1863 q=-1.0 size=N/A time=00:30:30.01 bitrate=N/A speed=76.2x    
[hls @ 0xe465960c0c80] Opening '/cache/transcodes/ef9af3d80a48ba4ee6d460c1aff75ee2310.mp4' for writing
[hls @ 0xe465960c0c80] Opening '/cache/transcodes/ef9af3d80a48ba4ee6d460c1aff75ee2311.mp4' for writing
[hls @ 0xe465960c0c80] Opening '/cache/transcodes/ef9af3d80a48ba4ee6d460c1aff75ee2312.mp4' for writing
[hls @ 0xe465960c0c80] Opening '/cache/transcodes/ef9af3d80a48ba4ee6d460c1aff75ee2313.mp4' for writing
[hls @ 0xe465960c0c80] Opening '/cache/transcodes/ef9af3d80a48ba4ee6d460c1aff75ee2314.mp4' for writing
[hls @ 0xe465960c0c80] Opening '/cache/transcodes/ef9af3d80a48ba4ee6d460c1aff75ee2315.mp4' for writing
frame=45673 fps=1863 q=-1.0 size=N/A time=00:31:08.05 bitrate=N/A speed=76.2x    
[hls @ 0xe465960c0c80] Opening '/cache/transcodes/ef9af3d80a48ba4ee6d460c1aff75ee2316.mp4' for writing
[hls @ 0xe465960c0c80] Opening '/cache/transcodes/ef9af3d80a48ba4ee6d460c1aff75ee2317.mp4' for writing
[hls @ 0xe465960c0c80] Opening '/cache/transcodes/ef9af3d80a48ba4ee6d460c1aff75ee2318.mp4' for writing
[hls @ 0xe465960c0c80] Opening '/cache/transcodes/ef9af3d80a48ba4ee6d460c1aff75ee2319.mp4' for writing
[hls @ 0xe465960c0c80] Opening '/cache/transcodes/ef9af3d80a48ba4ee6d460c1aff75ee2320.mp4' for writing
[hls @ 0xe465960c0c80] Opening '/cache/transcodes/ef9af3d80a48ba4ee6d460c1aff75ee2321.mp4' for writing
[hls @ 0xe465960c0c80] Opening '/cache/transcodes/ef9af3d80a48ba4ee6d460c1aff75ee2322.mp4' for writing
[hls @ 0xe465960c0c80] Opening '/cache/transcodes/ef9af3d80a48ba4ee6d460c1aff75ee2323.mp4' for writing
frame=46669 fps=1865 q=-1.0 size=N/A time=00:31:49.58 bitrate=N/A speed=76.3x    
[hls @ 0xe465960c0c80] Opening '/cache/transcodes/ef9af3d80a48ba4ee6d460c1aff75ee2324.mp4' for writing
[hls @ 0xe465960c0c80] Opening '/cache/transcodes/ef9af3d80a48ba4ee6d460c1aff75ee2325.mp4' for writing
[hls @ 0xe465960c0c80] Opening '/cache/transcodes/ef9af3d80a48ba4ee6d460c1aff75ee2326.mp4' for writing
[hls @ 0xe465960c0c80] Opening '/cache/transcodes/ef9af3d80a48ba4ee6d460c1aff75ee2327.mp4' for writing
[hls @ 0xe465960c0c80] Opening '/cache/transcodes/ef9af3d80a48ba4ee6d460c1aff75ee2328.mp4' for writing
[hls @ 0xe465960c0c80] Opening '/cache/transcodes/ef9af3d80a48ba4ee6d460c1aff75ee2329.mp4' for writing
frame=47633 fps=1866 q=-1.0 size=N/A time=00:32:29.78 bitrate=N/A speed=76.4x    
[hls @ 0xe465960c0c80] Opening '/cache/transcodes/ef9af3d80a48ba4ee6d460c1aff75ee2330.mp4' for writing
[hls @ 0xe465960c0c80] Opening '/cache/transcodes/ef9af3d80a48ba4ee6d460c1aff75ee2331.mp4' for writing
[hls @ 0xe465960c0c80] Opening '/cache/transcodes/ef9af3d80a48ba4ee6d460c1aff75ee2332.mp4' for writing
[hls @ 0xe465960c0c80] Opening '/cache/transcodes/ef9af3d80a48ba4ee6d460c1aff75ee2333.mp4' for writing
[hls @ 0xe465960c0c80] Opening '/cache/transcodes/ef9af3d80a48ba4ee6d460c1aff75ee2334.mp4' for writing
[hls @ 0xe465960c0c80] Opening '/cache/transcodes/ef9af3d80a48ba4ee6d460c1aff75ee2335.mp4' for writing
frame=48564 fps=1866 q=-1.0 size=N/A time=00:33:08.60 bitrate=N/A speed=76.4x    
[hls @ 0xe465960c0c80] Opening '/cache/transcodes/ef9af3d80a48ba4ee6d460c1aff75ee2336.mp4' for writing
[hls @ 0xe465960c0c80] Opening '/cache/transcodes/ef9af3d80a48ba4ee6d460c1aff75ee2337.mp4' for writing
[hls @ 0xe465960c0c80] Opening '/cache/transcodes/ef9af3d80a48ba4ee6d460c1aff75ee2338.mp4' for writing
[hls @ 0xe465960c0c80] Opening '/cache/transcodes/ef9af3d80a48ba4ee6d460c1aff75ee2339.mp4' for writing
[hls @ 0xe465960c0c80] Opening '/cache/transcodes/ef9af3d80a48ba4ee6d460c1aff75ee2340.mp4' for writing
[hls @ 0xe465960c0c80] Opening '/cache/transcodes/ef9af3d80a48ba4ee6d460c1aff75ee2341.mp4' for writing
[hls @ 0xe465960c0c80] Opening '/cache/transcodes/ef9af3d80a48ba4ee6d460c1aff75ee2342.mp4' for writing
frame=49498 fps=1866 q=-1.0 size=N/A time=00:33:47.58 bitrate=N/A speed=76.4x    
[hls @ 0xe465960c0c80] Opening '/cache/transcodes/ef9af3d80a48ba4ee6d460c1aff75ee2343.mp4' for writing
[hls @ 0xe465960c0c80] Opening '/cache/transcodes/ef9af3d80a48ba4ee6d460c1aff75ee2344.mp4' for writing
[hls @ 0xe465960c0c80] Opening '/cache/transcodes/ef9af3d80a48ba4ee6d460c1aff75ee2345.mp4' for writing
[hls @ 0xe465960c0c80] Opening '/cache/transcodes/ef9af3d80a48ba4ee6d460c1aff75ee2346.mp4' for writing
[hls @ 0xe465960c0c80] Opening '/cache/transcodes/ef9af3d80a48ba4ee6d460c1aff75ee2347.mp4' for writing
[hls @ 0xe465960c0c80] Opening '/cache/transcodes/ef9af3d80a48ba4ee6d460c1aff75ee2348.mp4' for writing
frame=50479 fps=1868 q=-1.0 size=N/A time=00:34:28.50 bitrate=N/A speed=76.5x    
[hls @ 0xe465960c0c80] Opening '/cache/transcodes/ef9af3d80a48ba4ee6d460c1aff75ee2349.mp4' for writing
[hls @ 0xe465960c0c80] Opening '/cache/transcodes/ef9af3d80a48ba4ee6d460c1aff75ee2350.mp4' for writing
[hls @ 0xe465960c0c80] Opening '/cache/transcodes/ef9af3d80a48ba4ee6d460c1aff75ee2351.mp4' for writing
[hls @ 0xe465960c0c80] Opening '/cache/transcodes/ef9af3d80a48ba4ee6d460c1aff75ee2352.mp4' for writing
[hls @ 0xe465960c0c80] Opening '/cache/transcodes/ef9af3d80a48ba4ee6d460c1aff75ee2353.mp4' for writing
[hls @ 0xe465960c0c80] Opening '/cache/transcodes/ef9af3d80a48ba4ee6d460c1aff75ee2354.mp4' for writing
frame=51377 fps=1867 q=-1.0 size=N/A time=00:35:06.00 bitrate=N/A speed=76.5x    
[hls @ 0xe465960c0c80] Opening '/cache/transcodes/ef9af3d80a48ba4ee6d460c1aff75ee2355.mp4' for writing
[hls @ 0xe465960c0c80] Opening '/cache/transcodes/ef9af3d80a48ba4ee6d460c1aff75ee2356.mp4' for writing
[hls @ 0xe465960c0c80] Opening '/cache/transcodes/ef9af3d80a48ba4ee6d460c1aff75ee2357.mp4' for writing
[hls @ 0xe465960c0c80] Opening '/cache/transcodes/ef9af3d80a48ba4ee6d460c1aff75ee2358.mp4' for writing
[hls @ 0xe465960c0c80] Opening '/cache/transcodes/ef9af3d80a48ba4ee6d460c1aff75ee2359.mp4' for writing
[hls @ 0xe465960c0c80] Opening '/cache/transcodes/ef9af3d80a48ba4ee6d460c1aff75ee2360.mp4' for writing
[hls @ 0xe465960c0c80] Opening '/cache/transcodes/ef9af3d80a48ba4ee6d460c1aff75ee2361.mp4' for writing
frame=52279 fps=1865 q=-1.0 size=N/A time=00:35:43.53 bitrate=N/A speed=76.5x    
[hls @ 0xe465960c0c80] Opening '/cache/transcodes/ef9af3d80a48ba4ee6d460c1aff75ee2362.mp4' for writing
[hls @ 0xe465960c0c80] Opening '/cache/transcodes/ef9af3d80a48ba4ee6d460c1aff75ee2363.mp4' for writing
[hls @ 0xe465960c0c80] Opening '/cache/transcodes/ef9af3d80a48ba4ee6d460c1aff75ee2364.mp4' for writing
[hls @ 0xe465960c0c80] Opening '/cache/transcodes/ef9af3d80a48ba4ee6d460c1aff75ee2365.mp4' for writing
[hls @ 0xe465960c0c80] Opening '/cache/transcodes/ef9af3d80a48ba4ee6d460c1aff75ee2366.mp4' for writing
[hls @ 0xe465960c0c80] Opening '/cache/transcodes/ef9af3d80a48ba4ee6d460c1aff75ee2367.mp4' for writing
[hls @ 0xe465960c0c80] Opening '/cache/transcodes/ef9af3d80a48ba4ee6d460c1aff75ee2368.mp4' for writing
frame=53207 fps=1865 q=-1.0 size=N/A time=00:36:22.25 bitrate=N/A speed=76.5x    
[hls @ 0xe465960c0c80] Opening '/cache/transcodes/ef9af3d80a48ba4ee6d460c1aff75ee2369.mp4' for writing
[hls @ 0xe465960c0c80] Opening '/cache/transcodes/ef9af3d80a48ba4ee6d460c1aff75ee2370.mp4' for writing
[hls @ 0xe465960c0c80] Opening '/cache/transcodes/ef9af3d80a48ba4ee6d460c1aff75ee2371.mp4' for writing
[hls @ 0xe465960c0c80] Opening '/cache/transcodes/ef9af3d80a48ba4ee6d460c1aff75ee2372.mp4' for writing
[hls @ 0xe465960c0c80] Opening '/cache/transcodes/ef9af3d80a48ba4ee6d460c1aff75ee2373.mp4' for writing
[hls @ 0xe465960c0c80] Opening '/cache/transcodes/ef9af3d80a48ba4ee6d460c1aff75ee2374.mp4' for writing
frame=54130 fps=1865 q=-1.0 size=N/A time=00:37:00.75 bitrate=N/A speed=76.5x    
[hls @ 0xe465960c0c80] Opening '/cache/transcodes/ef9af3d80a48ba4ee6d460c1aff75ee2375.mp4' for writing
[hls @ 0xe465960c0c80] Opening '/cache/transcodes/ef9af3d80a48ba4ee6d460c1aff75ee2376.mp4' for writing
[hls @ 0xe465960c0c80] Opening '/cache/transcodes/ef9af3d80a48ba4ee6d460c1aff75ee2377.mp4' for writing
[hls @ 0xe465960c0c80] Opening '/cache/transcodes/ef9af3d80a48ba4ee6d460c1aff75ee2378.mp4' for writing
[hls @ 0xe465960c0c80] Opening '/cache/transcodes/ef9af3d80a48ba4ee6d460c1aff75ee2379.mp4' for writing
frame=55051 fps=1865 q=-1.0 size=N/A time=00:37:39.15 bitrate=N/A speed=76.5x    
[hls @ 0xe465960c0c80] Opening '/cache/transcodes/ef9af3d80a48ba4ee6d460c1aff75ee2380.mp4' for writing
[hls @ 0xe465960c0c80] Opening '/cache/transcodes/ef9af3d80a48ba4ee6d460c1aff75ee2381.mp4' for writing
[hls @ 0xe465960c0c80] Opening '/cache/transcodes/ef9af3d80a48ba4ee6d460c1aff75ee2382.mp4' for writing
[hls @ 0xe465960c0c80] Opening '/cache/transcodes/ef9af3d80a48ba4ee6d460c1aff75ee2383.mp4' for writing
[hls @ 0xe465960c0c80] Opening '/cache/transcodes/ef9af3d80a48ba4ee6d460c1aff75ee2384.mp4' for writing
frame=55960 fps=1864 q=-1.0 size=N/A time=00:38:17.06 bitrate=N/A speed=76.5x    
[hls @ 0xe465960c0c80] Opening '/cache/transcodes/ef9af3d80a48ba4ee6d460c1aff75ee2385.mp4' for writing
[hls @ 0xe465960c0c80] Opening '/cache/transcodes/ef9af3d80a48ba4ee6d460c1aff75ee2386.mp4' for writing
[hls @ 0xe465960c0c80] Opening '/cache/transcodes/ef9af3d80a48ba4ee6d460c1aff75ee2387.mp4' for writing
[hls @ 0xe465960c0c80] Opening '/cache/transcodes/ef9af3d80a48ba4ee6d460c1aff75ee2388.mp4' for writing
[hls @ 0xe465960c0c80] Opening '/cache/transcodes/ef9af3d80a48ba4ee6d460c1aff75ee2389.mp4' for writing
[hls @ 0xe465960c0c80] Opening '/cache/transcodes/ef9af3d80a48ba4ee6d460c1aff75ee2390.mp4' for writing
[hls @ 0xe465960c0c80] Opening '/cache/transcodes/ef9af3d80a48ba4ee6d460c1aff75ee2391.mp4' for writing
frame=56867 fps=1863 q=-1.0 size=N/A time=00:38:54.93 bitrate=N/A speed=76.5x    
[hls @ 0xe465960c0c80] Opening '/cache/transcodes/ef9af3d80a48ba4ee6d460c1aff75ee2392.mp4' for writing
[hls @ 0xe465960c0c80] Opening '/cache/transcodes/ef9af3d80a48ba4ee6d460c1aff75ee2393.mp4' for writing
[hls @ 0xe465960c0c80] Opening '/cache/transcodes/ef9af3d80a48ba4ee6d460c1aff75ee2394.mp4' for writing
[hls @ 0xe465960c0c80] Opening '/cache/transcodes/ef9af3d80a48ba4ee6d460c1aff75ee2395.mp4' for writing
[hls @ 0xe465960c0c80] Opening '/cache/transcodes/ef9af3d80a48ba4ee6d460c1aff75ee2396.mp4' for writing
[hls @ 0xe465960c0c80] Opening '/cache/transcodes/ef9af3d80a48ba4ee6d460c1aff75ee2397.mp4' for writing
[hls @ 0xe465960c0c80] Opening '/cache/transcodes/ef9af3d80a48ba4ee6d460c1aff75ee2398.mp4' for writing
[hls @ 0xe465960c0c80] Opening '/cache/transcodes/ef9af3d80a48ba4ee6d460c1aff75ee2399.mp4' for writing
[hls @ 0xe465960c0c80] Opening '/cache/transcodes/ef9af3d80a48ba4ee6d460c1aff75ee2400.mp4' for writing
[hls @ 0xe465960c0c80] Opening '/cache/transcodes/ef9af3d80a48ba4ee6d460c1aff75ee2401.mp4' for writing
frame=57935 fps=1867 q=-1.0 size=N/A time=00:39:39.45 bitrate=N/A speed=76.7x    
[hls @ 0xe465960c0c80] Opening '/cache/transcodes/ef9af3d80a48ba4ee6d460c1aff75ee2402.mp4' for writing
[hls @ 0xe465960c0c80] Opening '/cache/transcodes/ef9af3d80a48ba4ee6d460c1aff75ee2403.mp4' for writing
[hls @ 0xe465960c0c80] Opening '/cache/transcodes/ef9af3d80a48ba4ee6d460c1aff75ee2404.mp4' for writing
[hls @ 0xe465960c0c80] Opening '/cache/transcodes/ef9af3d80a48ba4ee6d460c1aff75ee2405.mp4' for writing
[hls @ 0xe465960c0c80] Opening '/cache/transcodes/ef9af3d80a48ba4ee6d460c1aff75ee2406.mp4' for writing
[hls @ 0xe465960c0c80] Opening '/cache/transcodes/ef9af3d80a48ba4ee6d460c1aff75ee2407.mp4' for writing
[hls @ 0xe465960c0c80] Opening '/cache/transcodes/ef9af3d80a48ba4ee6d460c1aff75ee2408.mp4' for writing
frame=59024 fps=1872 q=-1.0 size=N/A time=00:40:24.91 bitrate=N/A speed=76.9x    
[hls @ 0xe465960c0c80] Opening '/cache/transcodes/ef9af3d80a48ba4ee6d460c1aff75ee2409.mp4' for writing
[hls @ 0xe465960c0c80] Opening '/cache/transcodes/ef9af3d80a48ba4ee6d460c1aff75ee2410.mp4' for writing
[hls @ 0xe465960c0c80] Opening '/cache/transcodes/ef9af3d80a48ba4ee6d460c1aff75ee2411.mp4' for writing
[hls @ 0xe465960c0c80] Opening '/cache/transcodes/ef9af3d80a48ba4ee6d460c1aff75ee2412.mp4' for writing
[hls @ 0xe465960c0c80] Opening '/cache/transcodes/ef9af3d80a48ba4ee6d460c1aff75ee2413.mp4' for writing
[hls @ 0xe465960c0c80] Opening '/cache/transcodes/ef9af3d80a48ba4ee6d460c1aff75ee2414.mp4' for writing
[hls @ 0xe465960c0c80] Opening '/cache/transcodes/ef9af3d80a48ba4ee6d460c1aff75ee2415.mp4' for writing
[hls @ 0xe465960c0c80] Opening '/cache/transcodes/ef9af3d80a48ba4ee6d460c1aff75ee2416.mp4' for writing
frame=60123 fps=1877 q=-1.0 size=N/A time=00:41:10.72 bitrate=N/A speed=77.1x    
[hls @ 0xe465960c0c80] Opening '/cache/transcodes/ef9af3d80a48ba4ee6d460c1aff75ee2417.mp4' for writing
[hls @ 0xe465960c0c80] Opening '/cache/transcodes/ef9af3d80a48ba4ee6d460c1aff75ee2418.mp4' for writing
[hls @ 0xe465960c0c80] Opening '/cache/transcodes/ef9af3d80a48ba4ee6d460c1aff75ee2419.mp4' for writing
[hls @ 0xe465960c0c80] Opening '/cache/transcodes/ef9af3d80a48ba4ee6d460c1aff75ee2420.mp4' for writing
[hls @ 0xe465960c0c80] Opening '/cache/transcodes/ef9af3d80a48ba4ee6d460c1aff75ee2421.mp4' for writing
[hls @ 0xe465960c0c80] Opening '/cache/transcodes/ef9af3d80a48ba4ee6d460c1aff75ee2422.mp4' for writing
frame=61191 fps=1881 q=-1.0 size=N/A time=00:41:55.26 bitrate=N/A speed=77.3x    
[hls @ 0xe465960c0c80] Opening '/cache/transcodes/ef9af3d80a48ba4ee6d460c1aff75ee2423.mp4' for writing
[hls @ 0xe465960c0c80] Opening '/cache/transcodes/ef9af3d80a48ba4ee6d460c1aff75ee2424.mp4' for writing
[hls @ 0xe465960c0c80] Opening '/cache/transcodes/ef9af3d80a48ba4ee6d460c1aff75ee2425.mp4' for writing
[hls @ 0xe465960c0c80] Opening '/cache/transcodes/ef9af3d80a48ba4ee6d460c1aff75ee2426.mp4' for writing
[hls @ 0xe465960c0c80] Opening '/cache/transcodes/ef9af3d80a48ba4ee6d460c1aff75ee2427.mp4' for writing
[hls @ 0xe465960c0c80] Opening '/cache/transcodes/ef9af3d80a48ba4ee6d460c1aff75ee2428.mp4' for writing
[hls @ 0xe465960c0c80] Opening '/cache/transcodes/ef9af3d80a48ba4ee6d460c1aff75ee2429.mp4' for writing
[hls @ 0xe465960c0c80] Opening '/cache/transcodes/ef9af3d80a48ba4ee6d460c1aff75ee2430.mp4' for writing
frame=62215 fps=1884 q=-1.0 size=N/A time=00:42:38.03 bitrate=N/A speed=77.5x    
[hls @ 0xe465960c0c80] Opening '/cache/transcodes/ef9af3d80a48ba4ee6d460c1aff75ee2431.mp4' for writing
[hls @ 0xe465960c0c80] Opening '/cache/transcodes/ef9af3d80a48ba4ee6d460c1aff75ee2432.mp4' for writing
[hls @ 0xe465960c0c80] Opening '/cache/transcodes/ef9af3d80a48ba4ee6d460c1aff75ee2433.mp4' for writing
[hls @ 0xe465960c0c80] Opening '/cache/transcodes/ef9af3d80a48ba4ee6d460c1aff75ee2434.mp4' for writing
[hls @ 0xe465960c0c80] Opening '/cache/transcodes/ef9af3d80a48ba4ee6d460c1aff75ee2435.mp4' for writing
[hls @ 0xe465960c0c80] Opening '/cache/transcodes/ef9af3d80a48ba4ee6d460c1aff75ee2436.mp4' for writing
frame=63161 fps=1884 q=-1.0 size=N/A time=00:43:17.44 bitrate=N/A speed=77.5x    
[hls @ 0xe465960c0c80] Opening '/cache/transcodes/ef9af3d80a48ba4ee6d460c1aff75ee2437.mp4' for writing
[hls @ 0xe465960c0c80] Opening '/cache/transcodes/ef9af3d80a48ba4ee6d460c1aff75ee2438.mp4' for writing
[hls @ 0xe465960c0c80] Opening '/cache/transcodes/ef9af3d80a48ba4ee6d460c1aff75ee2439.mp4' for writing
[hls @ 0xe465960c0c80] Opening '/cache/transcodes/ef9af3d80a48ba4ee6d460c1aff75ee2440.mp4' for writing
[hls @ 0xe465960c0c80] Opening '/cache/transcodes/ef9af3d80a48ba4ee6d460c1aff75ee2441.mp4' for writing
[hls @ 0xe465960c0c80] Opening '/cache/transcodes/ef9af3d80a48ba4ee6d460c1aff75ee2442.mp4' for writing
[hls @ 0xe465960c0c80] Opening '/cache/transcodes/ef9af3d80a48ba4ee6d460c1aff75ee2443.mp4' for writing
frame=64135 fps=1885 q=-1.0 size=N/A time=00:43:58.08 bitrate=N/A speed=77.5x    
[hls @ 0xe465960c0c80] Opening '/cache/transcodes/ef9af3d80a48ba4ee6d460c1aff75ee2444.mp4' for writing
[hls @ 0xe465960c0c80] Opening '/cache/transcodes/ef9af3d80a48ba4ee6d460c1aff75ee2445.mp4' for writing
[hls @ 0xe465960c0c80] Opening '/cache/transcodes/ef9af3d80a48ba4ee6d460c1aff75ee2446.mp4' for writing
[hls @ 0xe465960c0c80] Opening '/cache/transcodes/ef9af3d80a48ba4ee6d460c1aff75ee2447.mp4' for writing
[hls @ 0xe465960c0c80] Opening '/cache/transcodes/ef9af3d80a48ba4ee6d460c1aff75ee2448.mp4' for writing
frame=65018 fps=1883 q=-1.0 size=N/A time=00:44:34.92 bitrate=N/A speed=77.5x    
[hls @ 0xe465960c0c80] Opening '/cache/transcodes/ef9af3d80a48ba4ee6d460c1aff75ee2449.mp4' for writing
[hls @ 0xe465960c0c80] Opening '/cache/transcodes/ef9af3d80a48ba4ee6d460c1aff75ee2450.mp4' for writing
[hls @ 0xe465960c0c80] Opening '/cache/transcodes/ef9af3d80a48ba4ee6d460c1aff75ee2451.mp4' for writing
[hls @ 0xe465960c0c80] Opening '/cache/transcodes/ef9af3d80a48ba4ee6d460c1aff75ee2452.mp4' for writing
frame=65977 fps=1884 q=-1.0 size=N/A time=00:45:14.88 bitrate=N/A speed=77.5x    
[hls @ 0xe465960c0c80] Opening '/cache/transcodes/ef9af3d80a48ba4ee6d460c1aff75ee2453.mp4' for writing
[hls @ 0xe465960c0c80] Opening '/cache/transcodes/ef9af3d80a48ba4ee6d460c1aff75ee2454.mp4' for writing
[hls @ 0xe465960c0c80] Opening '/cache/transcodes/ef9af3d80a48ba4ee6d460c1aff75ee2455.mp4' for writing
[hls @ 0xe465960c0c80] Opening '/cache/transcodes/ef9af3d80a48ba4ee6d460c1aff75ee2456.mp4' for writing
frame=66897 fps=1883 q=-1.0 size=N/A time=00:45:53.34 bitrate=N/A speed=77.5x    
[hls @ 0xe465960c0c80] Opening '/cache/transcodes/ef9af3d80a48ba4ee6d460c1aff75ee2457.mp4' for writing
[hls @ 0xe465960c0c80] Opening '/cache/transcodes/ef9af3d80a48ba4ee6d460c1aff75ee2458.mp4' for writing
[hls @ 0xe465960c0c80] Opening '/cache/transcodes/ef9af3d80a48ba4ee6d460c1aff75ee2459.mp4' for writing
[hls @ 0xe465960c0c80] Opening '/cache/transcodes/ef9af3d80a48ba4ee6d460c1aff75ee2460.mp4' for writing
[hls @ 0xe465960c0c80] Opening '/cache/transcodes/ef9af3d80a48ba4ee6d460c1aff75ee2461.mp4' for writing
[hls @ 0xe465960c0c80] Opening '/cache/transcodes/ef9af3d80a48ba4ee6d460c1aff75ee2462.mp4' for writing
[hls @ 0xe465960c0c80] Opening '/cache/transcodes/ef9af3d80a48ba4ee6d460c1aff75ee2463.mp4' for writing
[hls @ 0xe465960c0c80] Opening '/cache/transcodes/ef9af3d80a48ba4ee6d460c1aff75ee2464.mp4' for writing
frame=68043 fps=1889 q=-1.0 size=N/A time=00:46:41.06 bitrate=N/A speed=77.7x    
[hls @ 0xe465960c0c80] Opening '/cache/transcodes/ef9af3d80a48ba4ee6d460c1aff75ee2465.mp4' for writing
[hls @ 0xe465960c0c80] Opening '/cache/transcodes/ef9af3d80a48ba4ee6d460c1aff75ee2466.mp4' for writing
[hls @ 0xe465960c0c80] Opening '/cache/transcodes/ef9af3d80a48ba4ee6d460c1aff75ee2467.mp4' for writing
[hls @ 0xe465960c0c80] Opening '/cache/transcodes/ef9af3d80a48ba4ee6d460c1aff75ee2468.mp4' for writing
[hls @ 0xe465960c0c80] Opening '/cache/transcodes/ef9af3d80a48ba4ee6d460c1aff75ee2469.mp4' for writing
frame=69248 fps=1896 q=-1.0 size=N/A time=00:47:31.32 bitrate=N/A speed=78.1x    
[hls @ 0xe465960c0c80] Opening '/cache/transcodes/ef9af3d80a48ba4ee6d460c1aff75ee2470.mp4' for writing
[hls @ 0xe465960c0c80] Opening '/cache/transcodes/ef9af3d80a48ba4ee6d460c1aff75ee2471.mp4' for writing
[hls @ 0xe465960c0c80] Opening '/cache/transcodes/ef9af3d80a48ba4ee6d460c1aff75ee2472.mp4' for writing
[hls @ 0xe465960c0c80] Opening '/cache/transcodes/ef9af3d80a48ba4ee6d460c1aff75ee2473.mp4' for writing
[hls @ 0xe465960c0c80] Opening '/cache/transcodes/ef9af3d80a48ba4ee6d460c1aff75ee2474.mp4' for writing
[out#0/hls @ 0xe4659659d640] video:543603KiB audio:91563KiB subtitle:0KiB other streams:0KiB global headers:2KiB muxing overhead: unknown
frame=70248 fps=1902 q=-1.0 Lsize=N/A time=00:48:13.47 bitrate=N/A speed=78.3x    