{"Protocol":0,"Id":"6edc9e858b5db4f70aaa9d2613d649d2","Path":"/media/tv/Reacher/Season 04/Reacher.S04E03.1080p.x265-ELiTE.mkv","EncoderPath":null,"EncoderProtocol":null,"Type":0,"Container":"mkv","Size":595094566,"Name":"Reacher.S04E03.1080p.x265-ELiTE","IsRemote":false,"ETag":"8d743d8c39b52ee843ab7957596dd177","RunTimeTicks":26797760000,"ReadAtNativeFramerate":false,"IgnoreDts":false,"IgnoreIndex":false,"GenPtsInput":false,"SupportsTranscoding":true,"SupportsDirectStream":true,"SupportsDirectPlay":true,"IsInfiniteStream":false,"UseMostCompatibleTranscodingProfile":false,"RequiresOpening":false,"OpenToken":null,"RequiresClosing":false,"LiveStreamId":null,"BufferMs":null,"RequiresLooping":false,"SupportsProbing":true,"VideoType":0,"IsoType":null,"Video3DFormat":null,"MediaStreams":[{"Codec":"hevc","CodecTag":null,"Language":null,"ColorRange":null,"ColorSpace":"bt709","ColorTransfer":"bt709","ColorPrimaries":"bt709","DvVersionMajor":null,"DvVersionMinor":null,"DvProfile":null,"DvLevel":null,"RpuPresentFlag":null,"ElPresentFlag":null,"BlPresentFlag":null,"DvBlSignalCompatibilityId":null,"Rotation":null,"Comment":null,"TimeBase":"1/1000","CodecTimeBase":null,"Title":null,"Hdr10PlusPresentFlag":null,"VideoRange":1,"VideoRangeType":1,"VideoDoViTitle":null,"AudioSpatialFormat":0,"LocalizedUndefined":null,"LocalizedDefault":null,"LocalizedForced":null,"LocalizedExternal":null,"LocalizedHearingImpaired":null,"DisplayTitle":"1080p HEVC SDR","NalLengthSize":null,"IsInterlaced":false,"IsAVC":false,"ChannelLayout":null,"BitRate":1776550,"BitDepth":10,"RefFrames":1,"PacketLength":null,"Channels":null,"SampleRate":null,"IsDefault":true,"IsForced":false,"IsHearingImpaired":false,"Height":960,"Width":1920,"AverageFrameRate":23.976025,"RealFrameRate":23.976025,"ReferenceFrameRate":23.976025,"Profile":"Main 10","Type":1,"AspectRatio":"2:1","Index":0,"Score":null,"IsExternal":false,"DeliveryMethod":null,"DeliveryUrl":null,"IsExternalUrl":null,"IsTextSubtitleStream":false,"SupportsExternalStream":false,"Path":null,"PixelFormat":"yuv420p10le","Level":120,"IsAnamorphic":false},{"Codec":"ac3","CodecTag":null,"Language":"eng","ColorRange":null,"ColorSpace":null,"ColorTransfer":null,"ColorPrimaries":null,"DvVersionMajor":null,"DvVersionMinor":null,"DvProfile":null,"DvLevel":null,"RpuPresentFlag":null,"ElPresentFlag":null,"BlPresentFlag":null,"DvBlSignalCompatibilityId":null,"Rotation":null,"Comment":null,"TimeBase":"1/1000","CodecTimeBase":null,"Title":null,"Hdr10PlusPresentFlag":null,"VideoRange":0,"VideoRangeType":0,"VideoDoViTitle":null,"AudioSpatialFormat":0,"LocalizedUndefined":null,"LocalizedDefault":"Default","LocalizedForced":null,"LocalizedExternal":"External","LocalizedHearingImpaired":null,"DisplayTitle":"English - Dolby Digital - 5.1 - Default","NalLengthSize":null,"IsInterlaced":false,"IsAVC":false,"ChannelLayout":"5.1","BitRate":448000,"BitDepth":null,"RefFrames":null,"PacketLength":null,"Channels":6,"SampleRate":48000,"IsDefault":true,"IsForced":false,"IsHearingImpaired":false,"Height":null,"Width":null,"AverageFrameRate":null,"RealFrameRate":null,"ReferenceFrameRate":null,"Profile":null,"Type":0,"AspectRatio":null,"Index":1,"Score":null,"IsExternal":false,"DeliveryMethod":null,"DeliveryUrl":null,"IsExternalUrl":null,"IsTextSubtitleStream":false,"SupportsExternalStream":false,"Path":null,"PixelFormat":null,"Level":0,"IsAnamorphic":null},{"Codec":"subrip","CodecTag":null,"Language":"eng","ColorRange":null,"ColorSpace":null,"ColorTransfer":null,"ColorPrimaries":null,"DvVersionMajor":null,"DvVersionMinor":null,"DvProfile":null,"DvLevel":null,"RpuPresentFlag":null,"ElPresentFlag":null,"BlPresentFlag":null,"DvBlSignalCompatibilityId":null,"Rotation":null,"Comment":null,"TimeBase":"1/1000","CodecTimeBase":null,"Title":null,"Hdr10PlusPresentFlag":null,"VideoRange":0,"VideoRangeType":0,"VideoDoViTitle":null,"AudioSpatialFormat":0,"LocalizedUndefined":"Undefined","LocalizedDefault":"Default","LocalizedForced":"Forced","LocalizedExternal":"External","LocalizedHearingImpaired":"Hearing Impaired","DisplayTitle":"English - SUBRIP","NalLengthSize":null,"IsInterlaced":false,"IsAVC":false,"ChannelLayout":null,"BitRate":null,"BitDepth":null,"RefFrames":null,"PacketLength":null,"Channels":null,"SampleRate":null,"IsDefault":false,"IsForced":false,"IsHearingImpaired":false,"Height":0,"Width":0,"AverageFrameRate":null,"RealFrameRate":null,"ReferenceFrameRate":null,"Profile":null,"Type":2,"AspectRatio":null,"Index":2,"Score":null,"IsExternal":false,"DeliveryMethod":null,"DeliveryUrl":null,"IsExternalUrl":null,"IsTextSubtitleStream":true,"SupportsExternalStream":true,"Path":null,"PixelFormat":null,"Level":0,"IsAnamorphic":null}],"MediaAttachments":[],"Formats":[],"Bitrate":2224550,"FallbackMaxStreamingBitrate":null,"Timestamp":null,"RequiredHttpHeaders":{},"TranscodingUrl":null,"TranscodingSubProtocol":0,"TranscodingContainer":null,"AnalyzeDurationMs":null,"DefaultAudioStreamIndex":null,"DefaultSubtitleStreamIndex":null,"HasSegments":false}

/usr/lib/jellyfin-ffmpeg/ffmpeg -analyzeduration 200M -probesize 1G -fflags +genpts  -i file:"/media/tv/Reacher/Season 04/Reacher.S04E03.1080p.x265-ELiTE.mkv" -map_metadata -1 -map_chapters -1 -threads 0 -map 0:0 -map 0:1 -map -0:s -codec:v:0 copy -tag:v:0 hvc1 -bsf:v hevc_mp4toannexb -start_at_zero -codec:a:0 libfdk_aac -ac 2 -ab 256000 -af "volume=2" -copyts -avoid_negative_ts disabled -max_muxing_queue_size 2048 -f hls -max_delay 5000000 -hls_time 6 -hls_segment_type fmp4 -hls_fmp4_init_filename "e5f655195f0624cd86fd3526c4c10bb6-1.mp4" -start_number 0 -hls_segment_filename "/cache/transcodes/e5f655195f0624cd86fd3526c4c10bb6%d.mp4" -hls_playlist_type vod -hls_list_size 0 -hls_segment_options movflags=+frag_discont -y "/cache/transcodes/e5f655195f0624cd86fd3526c4c10bb6.m3u8"


ffmpeg version 7.1.4-Jellyfin Copyright (c) 2000-2026 the FFmpeg developers
  built with gcc 14 (Debian 14.2.0-19)
  configuration: --prefix=/usr/lib/jellyfin-ffmpeg --target-os=linux --extra-version=Jellyfin --disable-doc --disable-ffplay --disable-static --disable-libxcb --disable-sdl2 --disable-xlib --enable-lto=auto --enable-gpl --enable-version3 --enable-shared --enable-gmp --enable-gnutls --enable-chromaprint --enable-opencl --enable-libdrm --enable-libxml2 --enable-libass --enable-libfreetype --enable-libfribidi --enable-libfontconfig --enable-libharfbuzz --enable-libbluray --enable-libmp3lame --enable-libopus --enable-libtheora --enable-libvorbis --enable-libopenmpt --enable-libdav1d --enable-libsvtav1 --enable-libwebp --enable-libvpx --enable-libx264 --enable-libx265 --enable-libzvbi --enable-libzimg --enable-libfdk-aac --arch=arm64 --cross-prefix=/usr/bin/aarch64-linux-gnu- --enable-cross-compile --enable-rkmpp --enable-rkrga --enable-ffnvcodec --enable-cuda --enable-cuda-llvm --enable-cuvid --enable-nvdec --enable-nvenc
  libavutil      59. 39.100 / 59. 39.100
  libavcodec     61. 19.101 / 61. 19.101
  libavformat    61.  7.103 / 61.  7.103
  libavdevice    61.  3.100 / 61.  3.100
  libavfilter    10.  5.100 / 10.  5.100
  libswscale      8.  3.100 /  8.  3.100
  libswresample   5.  3.100 /  5.  3.100
  libpostproc    58.  3.100 / 58.  3.100
Input #0, matroska,webm, from 'file:/media/tv/Reacher/Season 04/Reacher.S04E03.1080p.x265-ELiTE.mkv':
  Metadata:
    title           : Reacher.S04E03
    COMMENT         : ELiTE-Wed-12-Aug-2026,09:24:04,1080p,21,fast,Y,8124970,1920,960,2
    ENCODER         : Lavf62.3.100
  Duration: 00:44:39.78, start: -0.005000, bitrate: 1776 kb/s
  Stream #0:0: Video: hevc (Main 10), yuv420p10le(tv, bt709, progressive), 1920x960 [SAR 1:1 DAR 2:1], 23.98 fps, 23.98 tbr, 1k tbn (default)
      Metadata:
        ENCODER         : Lavc62.11.100 libx265
        DURATION        : 00:44:39.761000000
  Stream #0:1(eng): Audio: ac3, 48000 Hz, 5.1(side), fltp, 448 kb/s (default)
      Metadata:
        ENCODER         : Lavc62.11.100 ac3
        DURATION        : 00:44:39.776000000
  Stream #0:2(eng): Subtitle: subrip (srt)
      Metadata:
        DURATION        : 00:42:21.539000000
Stream mapping:
  Stream #0:0 -> #0:0 (copy)
  Stream #0:1 -> #0:1 (ac3 (native) -> aac (libfdk_aac))
Press [q] to stop, [?] for help
[hls @ 0xe8b7c66c0c80] Opening '/cache/transcodes/e5f655195f0624cd86fd3526c4c10bb6-1.mp4' for writing
Output #0, hls, to '/cache/transcodes/e5f655195f0624cd86fd3526c4c10bb6.m3u8':
  Metadata:
    encoder         : Lavf61.7.103
  Stream #0:0: Video: hevc (Main 10) (hvc1 / 0x31637668), yuv420p10le(tv, bt709, progressive), 1920x960 [SAR 1:1 DAR 2:1], q=2-31, 23.98 fps, 23.98 tbr, 16k tbn (default)
  Stream #0:1: Audio: aac, 48000 Hz, stereo, s16, 256 kb/s (default)
      Metadata:
        encoder         : Lavc61.19.101 libfdk_aac
      Side data:
        cpb: bitrate max/min/avg: 256000/256000/256000 buffer size: 0 vbv_delay: N/A
[hls @ 0xe8b7c66c0c80] Opening '/cache/transcodes/e5f655195f0624cd86fd3526c4c10bb60.mp4' for writing
[hls @ 0xe8b7c66c0c80] Opening '/cache/transcodes/e5f655195f0624cd86fd3526c4c10bb61.mp4' for writing
[hls @ 0xe8b7c66c0c80] Opening '/cache/transcodes/e5f655195f0624cd86fd3526c4c10bb62.mp4' for writing
[hls @ 0xe8b7c66c0c80] Opening '/cache/transcodes/e5f655195f0624cd86fd3526c4c10bb63.mp4' for writing
[hls @ 0xe8b7c66c0c80] Opening '/cache/transcodes/e5f655195f0624cd86fd3526c4c10bb64.mp4' for writing
[hls @ 0xe8b7c66c0c80] Opening '/cache/transcodes/e5f655195f0624cd86fd3526c4c10bb65.mp4' for writing
frame=  918 fps=0.0 q=-1.0 size=N/A time=00:00:00.00 bitrate=N/A speed=   0x    
[hls @ 0xe8b7c66c0c80] Opening '/cache/transcodes/e5f655195f0624cd86fd3526c4c10bb66.mp4' for writing
[hls @ 0xe8b7c66c0c80] Opening '/cache/transcodes/e5f655195f0624cd86fd3526c4c10bb67.mp4' for writing
[hls @ 0xe8b7c66c0c80] Opening '/cache/transcodes/e5f655195f0624cd86fd3526c4c10bb68.mp4' for writing
[hls @ 0xe8b7c66c0c80] Opening '/cache/transcodes/e5f655195f0624cd86fd3526c4c10bb69.mp4' for writing
[hls @ 0xe8b7c66c0c80] Opening '/cache/transcodes/e5f655195f0624cd86fd3526c4c10bb610.mp4' for writing
frame= 1861 fps=1859 q=-1.0 size=N/A time=00:00:39.38 bitrate=N/A speed=39.3x    
[hls @ 0xe8b7c66c0c80] Opening '/cache/transcodes/e5f655195f0624cd86fd3526c4c10bb611.mp4' for writing
[hls @ 0xe8b7c66c0c80] Opening '/cache/transcodes/e5f655195f0624cd86fd3526c4c10bb612.mp4' for writing
[hls @ 0xe8b7c66c0c80] Opening '/cache/transcodes/e5f655195f0624cd86fd3526c4c10bb613.mp4' for writing
[hls @ 0xe8b7c66c0c80] Opening '/cache/transcodes/e5f655195f0624cd86fd3526c4c10bb614.mp4' for writing
[hls @ 0xe8b7c66c0c80] Opening '/cache/transcodes/e5f655195f0624cd86fd3526c4c10bb615.mp4' for writing
[hls @ 0xe8b7c66c0c80] Opening '/cache/transcodes/e5f655195f0624cd86fd3526c4c10bb616.mp4' for writing
frame= 2748 fps=1831 q=-1.0 size=N/A time=00:01:16.30 bitrate=N/A speed=50.8x    
[hls @ 0xe8b7c66c0c80] Opening '/cache/transcodes/e5f655195f0624cd86fd3526c4c10bb617.mp4' for writing
[hls @ 0xe8b7c66c0c80] Opening '/cache/transcodes/e5f655195f0624cd86fd3526c4c10bb618.mp4' for writing
[hls @ 0xe8b7c66c0c80] Opening '/cache/transcodes/e5f655195f0624cd86fd3526c4c10bb619.mp4' for writing
[hls @ 0xe8b7c66c0c80] Opening '/cache/transcodes/e5f655195f0624cd86fd3526c4c10bb620.mp4' for writing
[hls @ 0xe8b7c66c0c80] Opening '/cache/transcodes/e5f655195f0624cd86fd3526c4c10bb621.mp4' for writing
[hls @ 0xe8b7c66c0c80] Opening '/cache/transcodes/e5f655195f0624cd86fd3526c4c10bb622.mp4' for writing
[hls @ 0xe8b7c66c0c80] Opening '/cache/transcodes/e5f655195f0624cd86fd3526c4c10bb623.mp4' for writing
[hls @ 0xe8b7c66c0c80] Opening '/cache/transcodes/e5f655195f0624cd86fd3526c4c10bb624.mp4' for writing
frame= 3710 fps=1854 q=-1.0 size=N/A time=00:01:56.48 bitrate=N/A speed=58.2x    
[hls @ 0xe8b7c66c0c80] Opening '/cache/transcodes/e5f655195f0624cd86fd3526c4c10bb625.mp4' for writing
[hls @ 0xe8b7c66c0c80] Opening '/cache/transcodes/e5f655195f0624cd86fd3526c4c10bb626.mp4' for writing
[hls @ 0xe8b7c66c0c80] Opening '/cache/transcodes/e5f655195f0624cd86fd3526c4c10bb627.mp4' for writing
[hls @ 0xe8b7c66c0c80] Opening '/cache/transcodes/e5f655195f0624cd86fd3526c4c10bb628.mp4' for writing
[hls @ 0xe8b7c66c0c80] Opening '/cache/transcodes/e5f655195f0624cd86fd3526c4c10bb629.mp4' for writing
[hls @ 0xe8b7c66c0c80] Opening '/cache/transcodes/e5f655195f0624cd86fd3526c4c10bb630.mp4' for writing
[hls @ 0xe8b7c66c0c80] Opening '/cache/transcodes/e5f655195f0624cd86fd3526c4c10bb631.mp4' for writing
frame= 4663 fps=1864 q=-1.0 size=N/A time=00:02:36.26 bitrate=N/A speed=62.5x    
[hls @ 0xe8b7c66c0c80] Opening '/cache/transcodes/e5f655195f0624cd86fd3526c4c10bb632.mp4' for writing
[hls @ 0xe8b7c66c0c80] Opening '/cache/transcodes/e5f655195f0624cd86fd3526c4c10bb633.mp4' for writing
[hls @ 0xe8b7c66c0c80] Opening '/cache/transcodes/e5f655195f0624cd86fd3526c4c10bb634.mp4' for writing
[hls @ 0xe8b7c66c0c80] Opening '/cache/transcodes/e5f655195f0624cd86fd3526c4c10bb635.mp4' for writing
[hls @ 0xe8b7c66c0c80] Opening '/cache/transcodes/e5f655195f0624cd86fd3526c4c10bb636.mp4' for writing
frame= 5501 fps=1833 q=-1.0 size=N/A time=00:03:11.21 bitrate=N/A speed=63.7x    
[hls @ 0xe8b7c66c0c80] Opening '/cache/transcodes/e5f655195f0624cd86fd3526c4c10bb637.mp4' for writing
[hls @ 0xe8b7c66c0c80] Opening '/cache/transcodes/e5f655195f0624cd86fd3526c4c10bb638.mp4' for writing
[hls @ 0xe8b7c66c0c80] Opening '/cache/transcodes/e5f655195f0624cd86fd3526c4c10bb639.mp4' for writing
[hls @ 0xe8b7c66c0c80] Opening '/cache/transcodes/e5f655195f0624cd86fd3526c4c10bb640.mp4' for writing
[hls @ 0xe8b7c66c0c80] Opening '/cache/transcodes/e5f655195f0624cd86fd3526c4c10bb641.mp4' for writing
[hls @ 0xe8b7c66c0c80] Opening '/cache/transcodes/e5f655195f0624cd86fd3526c4c10bb642.mp4' for writing
[hls @ 0xe8b7c66c0c80] Opening '/cache/transcodes/e5f655195f0624cd86fd3526c4c10bb643.mp4' for writing
frame= 6403 fps=1829 q=-1.0 size=N/A time=00:03:48.75 bitrate=N/A speed=65.3x    
[hls @ 0xe8b7c66c0c80] Opening '/cache/transcodes/e5f655195f0624cd86fd3526c4c10bb644.mp4' for writing
[hls @ 0xe8b7c66c0c80] Opening '/cache/transcodes/e5f655195f0624cd86fd3526c4c10bb645.mp4' for writing
[hls @ 0xe8b7c66c0c80] Opening '/cache/transcodes/e5f655195f0624cd86fd3526c4c10bb646.mp4' for writing
[hls @ 0xe8b7c66c0c80] Opening '/cache/transcodes/e5f655195f0624cd86fd3526c4c10bb647.mp4' for writing
[hls @ 0xe8b7c66c0c80] Opening '/cache/transcodes/e5f655195f0624cd86fd3526c4c10bb648.mp4' for writing
[hls @ 0xe8b7c66c0c80] Opening '/cache/transcodes/e5f655195f0624cd86fd3526c4c10bb649.mp4' for writing
frame= 7313 fps=1827 q=-1.0 size=N/A time=00:04:26.73 bitrate=N/A speed=66.7x    
[hls @ 0xe8b7c66c0c80] Opening '/cache/transcodes/e5f655195f0624cd86fd3526c4c10bb650.mp4' for writing
[hls @ 0xe8b7c66c0c80] Opening '/cache/transcodes/e5f655195f0624cd86fd3526c4c10bb651.mp4' for writing
[hls @ 0xe8b7c66c0c80] Opening '/cache/transcodes/e5f655195f0624cd86fd3526c4c10bb652.mp4' for writing
[hls @ 0xe8b7c66c0c80] Opening '/cache/transcodes/e5f655195f0624cd86fd3526c4c10bb653.mp4' for writing
[hls @ 0xe8b7c66c0c80] Opening '/cache/transcodes/e5f655195f0624cd86fd3526c4c10bb654.mp4' for writing
frame= 8241 fps=1831 q=-1.0 size=N/A time=00:05:05.45 bitrate=N/A speed=67.8x    
[hls @ 0xe8b7c66c0c80] Opening '/cache/transcodes/e5f655195f0624cd86fd3526c4c10bb655.mp4' for writing
[hls @ 0xe8b7c66c0c80] Opening '/cache/transcodes/e5f655195f0624cd86fd3526c4c10bb656.mp4' for writing
[hls @ 0xe8b7c66c0c80] Opening '/cache/transcodes/e5f655195f0624cd86fd3526c4c10bb657.mp4' for writing
[hls @ 0xe8b7c66c0c80] Opening '/cache/transcodes/e5f655195f0624cd86fd3526c4c10bb658.mp4' for writing
[hls @ 0xe8b7c66c0c80] Opening '/cache/transcodes/e5f655195f0624cd86fd3526c4c10bb659.mp4' for writing
[hls @ 0xe8b7c66c0c80] Opening '/cache/transcodes/e5f655195f0624cd86fd3526c4c10bb660.mp4' for writing
[hls @ 0xe8b7c66c0c80] Opening '/cache/transcodes/e5f655195f0624cd86fd3526c4c10bb661.mp4' for writing
[hls @ 0xe8b7c66c0c80] Opening '/cache/transcodes/e5f655195f0624cd86fd3526c4c10bb662.mp4' for writing


[q] command received. Exiting.

[hls @ 0xe8b7c66c0c80] Opening '/cache/transcodes/e5f655195f0624cd86fd3526c4c10bb663.mp4' for writing
[out#0/hls @ 0xe8b7c6b9d640] video:67344KiB audio:11891KiB subtitle:0KiB other streams:0KiB global headers:2KiB muxing overhead: unknown
frame= 9123 fps=1820 q=-1.0 Lsize=N/A time=00:05:42.68 bitrate=N/A speed=68.4x    