{"Protocol":0,"Id":"6edc9e858b5db4f70aaa9d2613d649d2","Path":"/media/tv/Reacher/Season 04/Reacher.S04E03.1080p.x265-ELiTE.mkv","EncoderPath":null,"EncoderProtocol":null,"Type":0,"Container":"mkv","Size":595094566,"Name":"Reacher.S04E03.1080p.x265-ELiTE","IsRemote":false,"ETag":"8d743d8c39b52ee843ab7957596dd177","RunTimeTicks":26797760000,"ReadAtNativeFramerate":false,"IgnoreDts":false,"IgnoreIndex":false,"GenPtsInput":false,"SupportsTranscoding":true,"SupportsDirectStream":true,"SupportsDirectPlay":true,"IsInfiniteStream":false,"UseMostCompatibleTranscodingProfile":false,"RequiresOpening":false,"OpenToken":null,"RequiresClosing":false,"LiveStreamId":null,"BufferMs":null,"RequiresLooping":false,"SupportsProbing":true,"VideoType":0,"IsoType":null,"Video3DFormat":null,"MediaStreams":[{"Codec":"hevc","CodecTag":null,"Language":null,"ColorRange":null,"ColorSpace":"bt709","ColorTransfer":"bt709","ColorPrimaries":"bt709","DvVersionMajor":null,"DvVersionMinor":null,"DvProfile":null,"DvLevel":null,"RpuPresentFlag":null,"ElPresentFlag":null,"BlPresentFlag":null,"DvBlSignalCompatibilityId":null,"Rotation":null,"Comment":null,"TimeBase":"1/1000","CodecTimeBase":null,"Title":null,"Hdr10PlusPresentFlag":null,"VideoRange":1,"VideoRangeType":1,"VideoDoViTitle":null,"AudioSpatialFormat":0,"LocalizedUndefined":null,"LocalizedDefault":null,"LocalizedForced":null,"LocalizedExternal":null,"LocalizedHearingImpaired":null,"DisplayTitle":"1080p HEVC SDR","NalLengthSize":null,"IsInterlaced":false,"IsAVC":false,"ChannelLayout":null,"BitRate":1776550,"BitDepth":10,"RefFrames":1,"PacketLength":null,"Channels":null,"SampleRate":null,"IsDefault":true,"IsForced":false,"IsHearingImpaired":false,"Height":960,"Width":1920,"AverageFrameRate":23.976025,"RealFrameRate":23.976025,"ReferenceFrameRate":23.976025,"Profile":"Main 10","Type":1,"AspectRatio":"2:1","Index":0,"Score":null,"IsExternal":false,"DeliveryMethod":null,"DeliveryUrl":null,"IsExternalUrl":null,"IsTextSubtitleStream":false,"SupportsExternalStream":false,"Path":null,"PixelFormat":"yuv420p10le","Level":120,"IsAnamorphic":false},{"Codec":"ac3","CodecTag":null,"Language":"eng","ColorRange":null,"ColorSpace":null,"ColorTransfer":null,"ColorPrimaries":null,"DvVersionMajor":null,"DvVersionMinor":null,"DvProfile":null,"DvLevel":null,"RpuPresentFlag":null,"ElPresentFlag":null,"BlPresentFlag":null,"DvBlSignalCompatibilityId":null,"Rotation":null,"Comment":null,"TimeBase":"1/1000","CodecTimeBase":null,"Title":null,"Hdr10PlusPresentFlag":null,"VideoRange":0,"VideoRangeType":0,"VideoDoViTitle":null,"AudioSpatialFormat":0,"LocalizedUndefined":null,"LocalizedDefault":"Default","LocalizedForced":null,"LocalizedExternal":"External","LocalizedHearingImpaired":null,"DisplayTitle":"English - Dolby Digital - 5.1 - Default","NalLengthSize":null,"IsInterlaced":false,"IsAVC":false,"ChannelLayout":"5.1","BitRate":448000,"BitDepth":null,"RefFrames":null,"PacketLength":null,"Channels":6,"SampleRate":48000,"IsDefault":true,"IsForced":false,"IsHearingImpaired":false,"Height":null,"Width":null,"AverageFrameRate":null,"RealFrameRate":null,"ReferenceFrameRate":null,"Profile":null,"Type":0,"AspectRatio":null,"Index":1,"Score":null,"IsExternal":false,"DeliveryMethod":null,"DeliveryUrl":null,"IsExternalUrl":null,"IsTextSubtitleStream":false,"SupportsExternalStream":false,"Path":null,"PixelFormat":null,"Level":0,"IsAnamorphic":null},{"Codec":"subrip","CodecTag":null,"Language":"eng","ColorRange":null,"ColorSpace":null,"ColorTransfer":null,"ColorPrimaries":null,"DvVersionMajor":null,"DvVersionMinor":null,"DvProfile":null,"DvLevel":null,"RpuPresentFlag":null,"ElPresentFlag":null,"BlPresentFlag":null,"DvBlSignalCompatibilityId":null,"Rotation":null,"Comment":null,"TimeBase":"1/1000","CodecTimeBase":null,"Title":null,"Hdr10PlusPresentFlag":null,"VideoRange":0,"VideoRangeType":0,"VideoDoViTitle":null,"AudioSpatialFormat":0,"LocalizedUndefined":"Undefined","LocalizedDefault":"Default","LocalizedForced":"Forced","LocalizedExternal":"External","LocalizedHearingImpaired":"Hearing Impaired","DisplayTitle":"English - SUBRIP","NalLengthSize":null,"IsInterlaced":false,"IsAVC":false,"ChannelLayout":null,"BitRate":null,"BitDepth":null,"RefFrames":null,"PacketLength":null,"Channels":null,"SampleRate":null,"IsDefault":false,"IsForced":false,"IsHearingImpaired":false,"Height":0,"Width":0,"AverageFrameRate":null,"RealFrameRate":null,"ReferenceFrameRate":null,"Profile":null,"Type":2,"AspectRatio":null,"Index":2,"Score":null,"IsExternal":false,"DeliveryMethod":null,"DeliveryUrl":null,"IsExternalUrl":null,"IsTextSubtitleStream":true,"SupportsExternalStream":true,"Path":null,"PixelFormat":null,"Level":0,"IsAnamorphic":null}],"MediaAttachments":[],"Formats":[],"Bitrate":2224550,"FallbackMaxStreamingBitrate":null,"Timestamp":null,"RequiredHttpHeaders":{},"TranscodingUrl":null,"TranscodingSubProtocol":0,"TranscodingContainer":null,"AnalyzeDurationMs":null,"DefaultAudioStreamIndex":null,"DefaultSubtitleStreamIndex":null,"HasSegments":false}

/usr/lib/jellyfin-ffmpeg/ffmpeg -analyzeduration 200M -probesize 1G -fflags +genpts  -i file:"/media/tv/Reacher/Season 04/Reacher.S04E03.1080p.x265-ELiTE.mkv" -map_metadata -1 -map_chapters -1 -threads 0 -map 0:0 -map 0:1 -map -0:s -codec:v:0 copy -tag:v:0 hvc1 -bsf:v hevc_mp4toannexb -start_at_zero -codec:a:0 copy -copyts -avoid_negative_ts disabled -max_muxing_queue_size 2048 -f hls -max_delay 5000000 -hls_time 6 -hls_segment_type fmp4 -hls_fmp4_init_filename "ea5683cff900e292e0ab7fee49357116-1.mp4" -start_number 0 -hls_segment_filename "/cache/transcodes/ea5683cff900e292e0ab7fee49357116%d.mp4" -hls_playlist_type vod -hls_list_size 0 -hls_segment_options movflags=+frag_discont -y "/cache/transcodes/ea5683cff900e292e0ab7fee49357116.m3u8"


ffmpeg version 7.1.4-Jellyfin Copyright (c) 2000-2026 the FFmpeg developers
  built with gcc 14 (Debian 14.2.0-19)
  configuration: --prefix=/usr/lib/jellyfin-ffmpeg --target-os=linux --extra-version=Jellyfin --disable-doc --disable-ffplay --disable-static --disable-libxcb --disable-sdl2 --disable-xlib --enable-lto=auto --enable-gpl --enable-version3 --enable-shared --enable-gmp --enable-gnutls --enable-chromaprint --enable-opencl --enable-libdrm --enable-libxml2 --enable-libass --enable-libfreetype --enable-libfribidi --enable-libfontconfig --enable-libharfbuzz --enable-libbluray --enable-libmp3lame --enable-libopus --enable-libtheora --enable-libvorbis --enable-libopenmpt --enable-libdav1d --enable-libsvtav1 --enable-libwebp --enable-libvpx --enable-libx264 --enable-libx265 --enable-libzvbi --enable-libzimg --enable-libfdk-aac --arch=arm64 --cross-prefix=/usr/bin/aarch64-linux-gnu- --enable-cross-compile --enable-rkmpp --enable-rkrga --enable-ffnvcodec --enable-cuda --enable-cuda-llvm --enable-cuvid --enable-nvdec --enable-nvenc
  libavutil      59. 39.100 / 59. 39.100
  libavcodec     61. 19.101 / 61. 19.101
  libavformat    61.  7.103 / 61.  7.103
  libavdevice    61.  3.100 / 61.  3.100
  libavfilter    10.  5.100 / 10.  5.100
  libswscale      8.  3.100 /  8.  3.100
  libswresample   5.  3.100 /  5.  3.100
  libpostproc    58.  3.100 / 58.  3.100
Input #0, matroska,webm, from 'file:/media/tv/Reacher/Season 04/Reacher.S04E03.1080p.x265-ELiTE.mkv':
  Metadata:
    title           : Reacher.S04E03
    COMMENT         : ELiTE-Wed-12-Aug-2026,09:24:04,1080p,21,fast,Y,8124970,1920,960,2
    ENCODER         : Lavf62.3.100
  Duration: 00:44:39.78, start: -0.005000, bitrate: 1776 kb/s
  Stream #0:0: Video: hevc (Main 10), yuv420p10le(tv, bt709, progressive), 1920x960 [SAR 1:1 DAR 2:1], 23.98 fps, 23.98 tbr, 1k tbn (default)
      Metadata:
        ENCODER         : Lavc62.11.100 libx265
        DURATION        : 00:44:39.761000000
  Stream #0:1(eng): Audio: ac3, 48000 Hz, 5.1(side), fltp, 448 kb/s (default)
      Metadata:
        ENCODER         : Lavc62.11.100 ac3
        DURATION        : 00:44:39.776000000
  Stream #0:2(eng): Subtitle: subrip (srt)
      Metadata:
        DURATION        : 00:42:21.539000000
Stream mapping:
  Stream #0:0 -> #0:0 (copy)
  Stream #0:1 -> #0:1 (copy)
[hls @ 0xec488c2c0c80] Opening '/cache/transcodes/ea5683cff900e292e0ab7fee49357116-1.mp4' for writing
[mp4 @ 0xec488c2c0280] track 1: codec frame size is not set
Output #0, hls, to '/cache/transcodes/ea5683cff900e292e0ab7fee49357116.m3u8':
  Metadata:
    encoder         : Lavf61.7.103
  Stream #0:0: Video: hevc (Main 10) (hvc1 / 0x31637668), yuv420p10le(tv, bt709, progressive), 1920x960 [SAR 1:1 DAR 2:1], q=2-31, 23.98 fps, 23.98 tbr, 16k tbn (default)
  Stream #0:1: Audio: ac3, 48000 Hz, 5.1(side), fltp, 448 kb/s (default)
Press [q] to stop, [?] for help
[hls @ 0xec488c2c0c80] Opening '/cache/transcodes/ea5683cff900e292e0ab7fee493571160.mp4' for writing
[hls @ 0xec488c2c0c80] Opening '/cache/transcodes/ea5683cff900e292e0ab7fee493571161.mp4' for writing
[hls @ 0xec488c2c0c80] Opening '/cache/transcodes/ea5683cff900e292e0ab7fee493571162.mp4' for writing
[hls @ 0xec488c2c0c80] Opening '/cache/transcodes/ea5683cff900e292e0ab7fee493571163.mp4' for writing
[hls @ 0xec488c2c0c80] Opening '/cache/transcodes/ea5683cff900e292e0ab7fee493571164.mp4' for writing
[hls @ 0xec488c2c0c80] Opening '/cache/transcodes/ea5683cff900e292e0ab7fee493571165.mp4' for writing
[hls @ 0xec488c2c0c80] Opening '/cache/transcodes/ea5683cff900e292e0ab7fee493571166.mp4' for writing
[hls @ 0xec488c2c0c80] Opening '/cache/transcodes/ea5683cff900e292e0ab7fee493571167.mp4' for writing
[hls @ 0xec488c2c0c80] Opening '/cache/transcodes/ea5683cff900e292e0ab7fee493571168.mp4' for writing
[hls @ 0xec488c2c0c80] Opening '/cache/transcodes/ea5683cff900e292e0ab7fee493571169.mp4' for writing
[hls @ 0xec488c2c0c80] Opening '/cache/transcodes/ea5683cff900e292e0ab7fee4935711610.mp4' for writing
[hls @ 0xec488c2c0c80] Opening '/cache/transcodes/ea5683cff900e292e0ab7fee4935711611.mp4' for writing
[hls @ 0xec488c2c0c80] Opening '/cache/transcodes/ea5683cff900e292e0ab7fee4935711612.mp4' for writing
[hls @ 0xec488c2c0c80] Opening '/cache/transcodes/ea5683cff900e292e0ab7fee4935711613.mp4' for writing
[hls @ 0xec488c2c0c80] Opening '/cache/transcodes/ea5683cff900e292e0ab7fee4935711614.mp4' for writing
[hls @ 0xec488c2c0c80] Opening '/cache/transcodes/ea5683cff900e292e0ab7fee4935711615.mp4' for writing
[hls @ 0xec488c2c0c80] Opening '/cache/transcodes/ea5683cff900e292e0ab7fee4935711616.mp4' for writing
[hls @ 0xec488c2c0c80] Opening '/cache/transcodes/ea5683cff900e292e0ab7fee4935711617.mp4' for writing
[hls @ 0xec488c2c0c80] Opening '/cache/transcodes/ea5683cff900e292e0ab7fee4935711618.mp4' for writing
[hls @ 0xec488c2c0c80] Opening '/cache/transcodes/ea5683cff900e292e0ab7fee4935711619.mp4' for writing
[hls @ 0xec488c2c0c80] Opening '/cache/transcodes/ea5683cff900e292e0ab7fee4935711620.mp4' for writing
[hls @ 0xec488c2c0c80] Opening '/cache/transcodes/ea5683cff900e292e0ab7fee4935711621.mp4' for writing
[hls @ 0xec488c2c0c80] Opening '/cache/transcodes/ea5683cff900e292e0ab7fee4935711622.mp4' for writing
[hls @ 0xec488c2c0c80] Opening '/cache/transcodes/ea5683cff900e292e0ab7fee4935711623.mp4' for writing
[hls @ 0xec488c2c0c80] Opening '/cache/transcodes/ea5683cff900e292e0ab7fee4935711624.mp4' for writing
[hls @ 0xec488c2c0c80] Opening '/cache/transcodes/ea5683cff900e292e0ab7fee4935711625.mp4' for writing
[hls @ 0xec488c2c0c80] Opening '/cache/transcodes/ea5683cff900e292e0ab7fee4935711626.mp4' for writing
[hls @ 0xec488c2c0c80] Opening '/cache/transcodes/ea5683cff900e292e0ab7fee4935711627.mp4' for writing
[hls @ 0xec488c2c0c80] Opening '/cache/transcodes/ea5683cff900e292e0ab7fee4935711628.mp4' for writing
[hls @ 0xec488c2c0c80] Opening '/cache/transcodes/ea5683cff900e292e0ab7fee4935711629.mp4' for writing
[hls @ 0xec488c2c0c80] Opening '/cache/transcodes/ea5683cff900e292e0ab7fee4935711630.mp4' for writing
[hls @ 0xec488c2c0c80] Opening '/cache/transcodes/ea5683cff900e292e0ab7fee4935711631.mp4' for writing
[hls @ 0xec488c2c0c80] Opening '/cache/transcodes/ea5683cff900e292e0ab7fee4935711632.mp4' for writing
[hls @ 0xec488c2c0c80] Opening '/cache/transcodes/ea5683cff900e292e0ab7fee4935711633.mp4' for writing
[hls @ 0xec488c2c0c80] Opening '/cache/transcodes/ea5683cff900e292e0ab7fee4935711634.mp4' for writing
[hls @ 0xec488c2c0c80] Opening '/cache/transcodes/ea5683cff900e292e0ab7fee4935711635.mp4' for writing
[hls @ 0xec488c2c0c80] Opening '/cache/transcodes/ea5683cff900e292e0ab7fee4935711636.mp4' for writing
[hls @ 0xec488c2c0c80] Opening '/cache/transcodes/ea5683cff900e292e0ab7fee4935711637.mp4' for writing
[hls @ 0xec488c2c0c80] Opening '/cache/transcodes/ea5683cff900e292e0ab7fee4935711638.mp4' for writing
[hls @ 0xec488c2c0c80] Opening '/cache/transcodes/ea5683cff900e292e0ab7fee4935711639.mp4' for writing
[hls @ 0xec488c2c0c80] Opening '/cache/transcodes/ea5683cff900e292e0ab7fee4935711640.mp4' for writing
[hls @ 0xec488c2c0c80] Opening '/cache/transcodes/ea5683cff900e292e0ab7fee4935711641.mp4' for writing
[hls @ 0xec488c2c0c80] Opening '/cache/transcodes/ea5683cff900e292e0ab7fee4935711642.mp4' for writing
[hls @ 0xec488c2c0c80] Opening '/cache/transcodes/ea5683cff900e292e0ab7fee4935711643.mp4' for writing
[hls @ 0xec488c2c0c80] Opening '/cache/transcodes/ea5683cff900e292e0ab7fee4935711644.mp4' for writing
[hls @ 0xec488c2c0c80] Opening '/cache/transcodes/ea5683cff900e292e0ab7fee4935711645.mp4' for writing
[hls @ 0xec488c2c0c80] Opening '/cache/transcodes/ea5683cff900e292e0ab7fee4935711646.mp4' for writing
[hls @ 0xec488c2c0c80] Opening '/cache/transcodes/ea5683cff900e292e0ab7fee4935711647.mp4' for writing
[hls @ 0xec488c2c0c80] Opening '/cache/transcodes/ea5683cff900e292e0ab7fee4935711648.mp4' for writing
[hls @ 0xec488c2c0c80] Opening '/cache/transcodes/ea5683cff900e292e0ab7fee4935711649.mp4' for writing
[hls @ 0xec488c2c0c80] Opening '/cache/transcodes/ea5683cff900e292e0ab7fee4935711650.mp4' for writing
[hls @ 0xec488c2c0c80] Opening '/cache/transcodes/ea5683cff900e292e0ab7fee4935711651.mp4' for writing
[hls @ 0xec488c2c0c80] Opening '/cache/transcodes/ea5683cff900e292e0ab7fee4935711652.mp4' for writing
[hls @ 0xec488c2c0c80] Opening '/cache/transcodes/ea5683cff900e292e0ab7fee4935711653.mp4' for writing
[hls @ 0xec488c2c0c80] Opening '/cache/transcodes/ea5683cff900e292e0ab7fee4935711654.mp4' for writing
[hls @ 0xec488c2c0c80] Opening '/cache/transcodes/ea5683cff900e292e0ab7fee4935711655.mp4' for writing
[hls @ 0xec488c2c0c80] Opening '/cache/transcodes/ea5683cff900e292e0ab7fee4935711656.mp4' for writing
[hls @ 0xec488c2c0c80] Opening '/cache/transcodes/ea5683cff900e292e0ab7fee4935711657.mp4' for writing
[hls @ 0xec488c2c0c80] Opening '/cache/transcodes/ea5683cff900e292e0ab7fee4935711658.mp4' for writing
[hls @ 0xec488c2c0c80] Opening '/cache/transcodes/ea5683cff900e292e0ab7fee4935711659.mp4' for writing
[hls @ 0xec488c2c0c80] Opening '/cache/transcodes/ea5683cff900e292e0ab7fee4935711660.mp4' for writing
[hls @ 0xec488c2c0c80] Opening '/cache/transcodes/ea5683cff900e292e0ab7fee4935711661.mp4' for writing
[hls @ 0xec488c2c0c80] Opening '/cache/transcodes/ea5683cff900e292e0ab7fee4935711662.mp4' for writing
[hls @ 0xec488c2c0c80] Opening '/cache/transcodes/ea5683cff900e292e0ab7fee4935711663.mp4' for writing
[hls @ 0xec488c2c0c80] Opening '/cache/transcodes/ea5683cff900e292e0ab7fee4935711664.mp4' for writing
[hls @ 0xec488c2c0c80] Opening '/cache/transcodes/ea5683cff900e292e0ab7fee4935711665.mp4' for writing
[hls @ 0xec488c2c0c80] Opening '/cache/transcodes/ea5683cff900e292e0ab7fee4935711666.mp4' for writing
[hls @ 0xec488c2c0c80] Opening '/cache/transcodes/ea5683cff900e292e0ab7fee4935711667.mp4' for writing
[hls @ 0xec488c2c0c80] Opening '/cache/transcodes/ea5683cff900e292e0ab7fee4935711668.mp4' for writing
[hls @ 0xec488c2c0c80] Opening '/cache/transcodes/ea5683cff900e292e0ab7fee4935711669.mp4' for writing
[hls @ 0xec488c2c0c80] Opening '/cache/transcodes/ea5683cff900e292e0ab7fee4935711670.mp4' for writing
[hls @ 0xec488c2c0c80] Opening '/cache/transcodes/ea5683cff900e292e0ab7fee4935711671.mp4' for writing
[hls @ 0xec488c2c0c80] Opening '/cache/transcodes/ea5683cff900e292e0ab7fee4935711672.mp4' for writing
[hls @ 0xec488c2c0c80] Opening '/cache/transcodes/ea5683cff900e292e0ab7fee4935711673.mp4' for writing
[hls @ 0xec488c2c0c80] Opening '/cache/transcodes/ea5683cff900e292e0ab7fee4935711674.mp4' for writing
[hls @ 0xec488c2c0c80] Opening '/cache/transcodes/ea5683cff900e292e0ab7fee4935711675.mp4' for writing
[hls @ 0xec488c2c0c80] Opening '/cache/transcodes/ea5683cff900e292e0ab7fee4935711676.mp4' for writing
[hls @ 0xec488c2c0c80] Opening '/cache/transcodes/ea5683cff900e292e0ab7fee4935711677.mp4' for writing
[hls @ 0xec488c2c0c80] Opening '/cache/transcodes/ea5683cff900e292e0ab7fee4935711678.mp4' for writing
[hls @ 0xec488c2c0c80] Opening '/cache/transcodes/ea5683cff900e292e0ab7fee4935711679.mp4' for writing
[hls @ 0xec488c2c0c80] Opening '/cache/transcodes/ea5683cff900e292e0ab7fee4935711680.mp4' for writing
[hls @ 0xec488c2c0c80] Opening '/cache/transcodes/ea5683cff900e292e0ab7fee4935711681.mp4' for writing
[hls @ 0xec488c2c0c80] Opening '/cache/transcodes/ea5683cff900e292e0ab7fee4935711682.mp4' for writing
[hls @ 0xec488c2c0c80] Opening '/cache/transcodes/ea5683cff900e292e0ab7fee4935711683.mp4' for writing
[hls @ 0xec488c2c0c80] Opening '/cache/transcodes/ea5683cff900e292e0ab7fee4935711684.mp4' for writing
[hls @ 0xec488c2c0c80] Opening '/cache/transcodes/ea5683cff900e292e0ab7fee4935711685.mp4' for writing
[hls @ 0xec488c2c0c80] Opening '/cache/transcodes/ea5683cff900e292e0ab7fee4935711686.mp4' for writing
[hls @ 0xec488c2c0c80] Opening '/cache/transcodes/ea5683cff900e292e0ab7fee4935711687.mp4' for writing
[hls @ 0xec488c2c0c80] Opening '/cache/transcodes/ea5683cff900e292e0ab7fee4935711688.mp4' for writing
[hls @ 0xec488c2c0c80] Opening '/cache/transcodes/ea5683cff900e292e0ab7fee4935711689.mp4' for writing
[hls @ 0xec488c2c0c80] Opening '/cache/transcodes/ea5683cff900e292e0ab7fee4935711690.mp4' for writing
[hls @ 0xec488c2c0c80] Opening '/cache/transcodes/ea5683cff900e292e0ab7fee4935711691.mp4' for writing
[hls @ 0xec488c2c0c80] Opening '/cache/transcodes/ea5683cff900e292e0ab7fee4935711692.mp4' for writing
[hls @ 0xec488c2c0c80] Opening '/cache/transcodes/ea5683cff900e292e0ab7fee4935711693.mp4' for writing
[hls @ 0xec488c2c0c80] Opening '/cache/transcodes/ea5683cff900e292e0ab7fee4935711694.mp4' for writing
[hls @ 0xec488c2c0c80] Opening '/cache/transcodes/ea5683cff900e292e0ab7fee4935711695.mp4' for writing
[hls @ 0xec488c2c0c80] Opening '/cache/transcodes/ea5683cff900e292e0ab7fee4935711696.mp4' for writing
[hls @ 0xec488c2c0c80] Opening '/cache/transcodes/ea5683cff900e292e0ab7fee4935711697.mp4' for writing
[hls @ 0xec488c2c0c80] Opening '/cache/transcodes/ea5683cff900e292e0ab7fee4935711698.mp4' for writing
[hls @ 0xec488c2c0c80] Opening '/cache/transcodes/ea5683cff900e292e0ab7fee4935711699.mp4' for writing
[hls @ 0xec488c2c0c80] Opening '/cache/transcodes/ea5683cff900e292e0ab7fee49357116100.mp4' for writing
[hls @ 0xec488c2c0c80] Opening '/cache/transcodes/ea5683cff900e292e0ab7fee49357116101.mp4' for writing
[hls @ 0xec488c2c0c80] Opening '/cache/transcodes/ea5683cff900e292e0ab7fee49357116102.mp4' for writing
[hls @ 0xec488c2c0c80] Opening '/cache/transcodes/ea5683cff900e292e0ab7fee49357116103.mp4' for writing
[hls @ 0xec488c2c0c80] Opening '/cache/transcodes/ea5683cff900e292e0ab7fee49357116104.mp4' for writing
[hls @ 0xec488c2c0c80] Opening '/cache/transcodes/ea5683cff900e292e0ab7fee49357116105.mp4' for writing
[hls @ 0xec488c2c0c80] Opening '/cache/transcodes/ea5683cff900e292e0ab7fee49357116106.mp4' for writing
[hls @ 0xec488c2c0c80] Opening '/cache/transcodes/ea5683cff900e292e0ab7fee49357116107.mp4' for writing
[hls @ 0xec488c2c0c80] Opening '/cache/transcodes/ea5683cff900e292e0ab7fee49357116108.mp4' for writing
[hls @ 0xec488c2c0c80] Opening '/cache/transcodes/ea5683cff900e292e0ab7fee49357116109.mp4' for writing
[hls @ 0xec488c2c0c80] Opening '/cache/transcodes/ea5683cff900e292e0ab7fee49357116110.mp4' for writing
[hls @ 0xec488c2c0c80] Opening '/cache/transcodes/ea5683cff900e292e0ab7fee49357116111.mp4' for writing
[hls @ 0xec488c2c0c80] Opening '/cache/transcodes/ea5683cff900e292e0ab7fee49357116112.mp4' for writing
[hls @ 0xec488c2c0c80] Opening '/cache/transcodes/ea5683cff900e292e0ab7fee49357116113.mp4' for writing
[hls @ 0xec488c2c0c80] Opening '/cache/transcodes/ea5683cff900e292e0ab7fee49357116114.mp4' for writing
[hls @ 0xec488c2c0c80] Opening '/cache/transcodes/ea5683cff900e292e0ab7fee49357116115.mp4' for writing
[hls @ 0xec488c2c0c80] Opening '/cache/transcodes/ea5683cff900e292e0ab7fee49357116116.mp4' for writing
[hls @ 0xec488c2c0c80] Opening '/cache/transcodes/ea5683cff900e292e0ab7fee49357116117.mp4' for writing
[hls @ 0xec488c2c0c80] Opening '/cache/transcodes/ea5683cff900e292e0ab7fee49357116118.mp4' for writing
[hls @ 0xec488c2c0c80] Opening '/cache/transcodes/ea5683cff900e292e0ab7fee49357116119.mp4' for writing
[hls @ 0xec488c2c0c80] Opening '/cache/transcodes/ea5683cff900e292e0ab7fee49357116120.mp4' for writing
[hls @ 0xec488c2c0c80] Opening '/cache/transcodes/ea5683cff900e292e0ab7fee49357116121.mp4' for writing
[hls @ 0xec488c2c0c80] Opening '/cache/transcodes/ea5683cff900e292e0ab7fee49357116122.mp4' for writing
[hls @ 0xec488c2c0c80] Opening '/cache/transcodes/ea5683cff900e292e0ab7fee49357116123.mp4' for writing
[hls @ 0xec488c2c0c80] Opening '/cache/transcodes/ea5683cff900e292e0ab7fee49357116124.mp4' for writing
[hls @ 0xec488c2c0c80] Opening '/cache/transcodes/ea5683cff900e292e0ab7fee49357116125.mp4' for writing
[hls @ 0xec488c2c0c80] Opening '/cache/transcodes/ea5683cff900e292e0ab7fee49357116126.mp4' for writing
[hls @ 0xec488c2c0c80] Opening '/cache/transcodes/ea5683cff900e292e0ab7fee49357116127.mp4' for writing
[hls @ 0xec488c2c0c80] Opening '/cache/transcodes/ea5683cff900e292e0ab7fee49357116128.mp4' for writing
[hls @ 0xec488c2c0c80] Opening '/cache/transcodes/ea5683cff900e292e0ab7fee49357116129.mp4' for writing
[hls @ 0xec488c2c0c80] Opening '/cache/transcodes/ea5683cff900e292e0ab7fee49357116130.mp4' for writing
[hls @ 0xec488c2c0c80] Opening '/cache/transcodes/ea5683cff900e292e0ab7fee49357116131.mp4' for writing
[hls @ 0xec488c2c0c80] Opening '/cache/transcodes/ea5683cff900e292e0ab7fee49357116132.mp4' for writing
[hls @ 0xec488c2c0c80] Opening '/cache/transcodes/ea5683cff900e292e0ab7fee49357116133.mp4' for writing
[hls @ 0xec488c2c0c80] Opening '/cache/transcodes/ea5683cff900e292e0ab7fee49357116134.mp4' for writing
[hls @ 0xec488c2c0c80] Opening '/cache/transcodes/ea5683cff900e292e0ab7fee49357116135.mp4' for writing
[hls @ 0xec488c2c0c80] Opening '/cache/transcodes/ea5683cff900e292e0ab7fee49357116136.mp4' for writing
[hls @ 0xec488c2c0c80] Opening '/cache/transcodes/ea5683cff900e292e0ab7fee49357116137.mp4' for writing
[hls @ 0xec488c2c0c80] Opening '/cache/transcodes/ea5683cff900e292e0ab7fee49357116138.mp4' for writing
[hls @ 0xec488c2c0c80] Opening '/cache/transcodes/ea5683cff900e292e0ab7fee49357116139.mp4' for writing
[hls @ 0xec488c2c0c80] Opening '/cache/transcodes/ea5683cff900e292e0ab7fee49357116140.mp4' for writing
[hls @ 0xec488c2c0c80] Opening '/cache/transcodes/ea5683cff900e292e0ab7fee49357116141.mp4' for writing
[hls @ 0xec488c2c0c80] Opening '/cache/transcodes/ea5683cff900e292e0ab7fee49357116142.mp4' for writing
[hls @ 0xec488c2c0c80] Opening '/cache/transcodes/ea5683cff900e292e0ab7fee49357116143.mp4' for writing
[hls @ 0xec488c2c0c80] Opening '/cache/transcodes/ea5683cff900e292e0ab7fee49357116144.mp4' for writing
[hls @ 0xec488c2c0c80] Opening '/cache/transcodes/ea5683cff900e292e0ab7fee49357116145.mp4' for writing
[hls @ 0xec488c2c0c80] Opening '/cache/transcodes/ea5683cff900e292e0ab7fee49357116146.mp4' for writing
[hls @ 0xec488c2c0c80] Opening '/cache/transcodes/ea5683cff900e292e0ab7fee49357116147.mp4' for writing
[hls @ 0xec488c2c0c80] Opening '/cache/transcodes/ea5683cff900e292e0ab7fee49357116148.mp4' for writing
[hls @ 0xec488c2c0c80] Opening '/cache/transcodes/ea5683cff900e292e0ab7fee49357116149.mp4' for writing
[hls @ 0xec488c2c0c80] Opening '/cache/transcodes/ea5683cff900e292e0ab7fee49357116150.mp4' for writing
[hls @ 0xec488c2c0c80] Opening '/cache/transcodes/ea5683cff900e292e0ab7fee49357116151.mp4' for writing
[hls @ 0xec488c2c0c80] Opening '/cache/transcodes/ea5683cff900e292e0ab7fee49357116152.mp4' for writing
[hls @ 0xec488c2c0c80] Opening '/cache/transcodes/ea5683cff900e292e0ab7fee49357116153.mp4' for writing
[hls @ 0xec488c2c0c80] Opening '/cache/transcodes/ea5683cff900e292e0ab7fee49357116154.mp4' for writing
[hls @ 0xec488c2c0c80] Opening '/cache/transcodes/ea5683cff900e292e0ab7fee49357116155.mp4' for writing
[hls @ 0xec488c2c0c80] Opening '/cache/transcodes/ea5683cff900e292e0ab7fee49357116156.mp4' for writing
[hls @ 0xec488c2c0c80] Opening '/cache/transcodes/ea5683cff900e292e0ab7fee49357116157.mp4' for writing
[hls @ 0xec488c2c0c80] Opening '/cache/transcodes/ea5683cff900e292e0ab7fee49357116158.mp4' for writing
[hls @ 0xec488c2c0c80] Opening '/cache/transcodes/ea5683cff900e292e0ab7fee49357116159.mp4' for writing
[hls @ 0xec488c2c0c80] Opening '/cache/transcodes/ea5683cff900e292e0ab7fee49357116160.mp4' for writing
[hls @ 0xec488c2c0c80] Opening '/cache/transcodes/ea5683cff900e292e0ab7fee49357116161.mp4' for writing
[hls @ 0xec488c2c0c80] Opening '/cache/transcodes/ea5683cff900e292e0ab7fee49357116162.mp4' for writing
[hls @ 0xec488c2c0c80] Opening '/cache/transcodes/ea5683cff900e292e0ab7fee49357116163.mp4' for writing
[hls @ 0xec488c2c0c80] Opening '/cache/transcodes/ea5683cff900e292e0ab7fee49357116164.mp4' for writing
[hls @ 0xec488c2c0c80] Opening '/cache/transcodes/ea5683cff900e292e0ab7fee49357116165.mp4' for writing
[hls @ 0xec488c2c0c80] Opening '/cache/transcodes/ea5683cff900e292e0ab7fee49357116166.mp4' for writing
[hls @ 0xec488c2c0c80] Opening '/cache/transcodes/ea5683cff900e292e0ab7fee49357116167.mp4' for writing
[hls @ 0xec488c2c0c80] Opening '/cache/transcodes/ea5683cff900e292e0ab7fee49357116168.mp4' for writing
frame=24459 fps=0.0 q=-1.0 size=N/A time=00:00:00.00 bitrate=N/A speed=   0x    
[hls @ 0xec488c2c0c80] Opening '/cache/transcodes/ea5683cff900e292e0ab7fee49357116169.mp4' for writing
[hls @ 0xec488c2c0c80] Opening '/cache/transcodes/ea5683cff900e292e0ab7fee49357116170.mp4' for writing
[hls @ 0xec488c2c0c80] Opening '/cache/transcodes/ea5683cff900e292e0ab7fee49357116171.mp4' for writing
[hls @ 0xec488c2c0c80] Opening '/cache/transcodes/ea5683cff900e292e0ab7fee49357116172.mp4' for writing
[hls @ 0xec488c2c0c80] Opening '/cache/transcodes/ea5683cff900e292e0ab7fee49357116173.mp4' for writing
[hls @ 0xec488c2c0c80] Opening '/cache/transcodes/ea5683cff900e292e0ab7fee49357116174.mp4' for writing
[hls @ 0xec488c2c0c80] Opening '/cache/transcodes/ea5683cff900e292e0ab7fee49357116175.mp4' for writing
[hls @ 0xec488c2c0c80] Opening '/cache/transcodes/ea5683cff900e292e0ab7fee49357116176.mp4' for writing
[hls @ 0xec488c2c0c80] Opening '/cache/transcodes/ea5683cff900e292e0ab7fee49357116177.mp4' for writing
[hls @ 0xec488c2c0c80] Opening '/cache/transcodes/ea5683cff900e292e0ab7fee49357116178.mp4' for writing
[hls @ 0xec488c2c0c80] Opening '/cache/transcodes/ea5683cff900e292e0ab7fee49357116179.mp4' for writing
[hls @ 0xec488c2c0c80] Opening '/cache/transcodes/ea5683cff900e292e0ab7fee49357116180.mp4' for writing
[hls @ 0xec488c2c0c80] Opening '/cache/transcodes/ea5683cff900e292e0ab7fee49357116181.mp4' for writing
[hls @ 0xec488c2c0c80] Opening '/cache/transcodes/ea5683cff900e292e0ab7fee49357116182.mp4' for writing
[hls @ 0xec488c2c0c80] Opening '/cache/transcodes/ea5683cff900e292e0ab7fee49357116183.mp4' for writing
[hls @ 0xec488c2c0c80] Opening '/cache/transcodes/ea5683cff900e292e0ab7fee49357116184.mp4' for writing
[hls @ 0xec488c2c0c80] Opening '/cache/transcodes/ea5683cff900e292e0ab7fee49357116185.mp4' for writing
[hls @ 0xec488c2c0c80] Opening '/cache/transcodes/ea5683cff900e292e0ab7fee49357116186.mp4' for writing
[hls @ 0xec488c2c0c80] Opening '/cache/transcodes/ea5683cff900e292e0ab7fee49357116187.mp4' for writing
[hls @ 0xec488c2c0c80] Opening '/cache/transcodes/ea5683cff900e292e0ab7fee49357116188.mp4' for writing
[hls @ 0xec488c2c0c80] Opening '/cache/transcodes/ea5683cff900e292e0ab7fee49357116189.mp4' for writing
[hls @ 0xec488c2c0c80] Opening '/cache/transcodes/ea5683cff900e292e0ab7fee49357116190.mp4' for writing
[hls @ 0xec488c2c0c80] Opening '/cache/transcodes/ea5683cff900e292e0ab7fee49357116191.mp4' for writing
[hls @ 0xec488c2c0c80] Opening '/cache/transcodes/ea5683cff900e292e0ab7fee49357116192.mp4' for writing
[hls @ 0xec488c2c0c80] Opening '/cache/transcodes/ea5683cff900e292e0ab7fee49357116193.mp4' for writing
[hls @ 0xec488c2c0c80] Opening '/cache/transcodes/ea5683cff900e292e0ab7fee49357116194.mp4' for writing
[hls @ 0xec488c2c0c80] Opening '/cache/transcodes/ea5683cff900e292e0ab7fee49357116195.mp4' for writing
[hls @ 0xec488c2c0c80] Opening '/cache/transcodes/ea5683cff900e292e0ab7fee49357116196.mp4' for writing
[hls @ 0xec488c2c0c80] Opening '/cache/transcodes/ea5683cff900e292e0ab7fee49357116197.mp4' for writing
[hls @ 0xec488c2c0c80] Opening '/cache/transcodes/ea5683cff900e292e0ab7fee49357116198.mp4' for writing
[hls @ 0xec488c2c0c80] Opening '/cache/transcodes/ea5683cff900e292e0ab7fee49357116199.mp4' for writing
[hls @ 0xec488c2c0c80] Opening '/cache/transcodes/ea5683cff900e292e0ab7fee49357116200.mp4' for writing
[hls @ 0xec488c2c0c80] Opening '/cache/transcodes/ea5683cff900e292e0ab7fee49357116201.mp4' for writing
[hls @ 0xec488c2c0c80] Opening '/cache/transcodes/ea5683cff900e292e0ab7fee49357116202.mp4' for writing
[hls @ 0xec488c2c0c80] Opening '/cache/transcodes/ea5683cff900e292e0ab7fee49357116203.mp4' for writing
[hls @ 0xec488c2c0c80] Opening '/cache/transcodes/ea5683cff900e292e0ab7fee49357116204.mp4' for writing
[hls @ 0xec488c2c0c80] Opening '/cache/transcodes/ea5683cff900e292e0ab7fee49357116205.mp4' for writing
[hls @ 0xec488c2c0c80] Opening '/cache/transcodes/ea5683cff900e292e0ab7fee49357116206.mp4' for writing
[hls @ 0xec488c2c0c80] Opening '/cache/transcodes/ea5683cff900e292e0ab7fee49357116207.mp4' for writing
[hls @ 0xec488c2c0c80] Opening '/cache/transcodes/ea5683cff900e292e0ab7fee49357116208.mp4' for writing
[hls @ 0xec488c2c0c80] Opening '/cache/transcodes/ea5683cff900e292e0ab7fee49357116209.mp4' for writing
[hls @ 0xec488c2c0c80] Opening '/cache/transcodes/ea5683cff900e292e0ab7fee49357116210.mp4' for writing
[hls @ 0xec488c2c0c80] Opening '/cache/transcodes/ea5683cff900e292e0ab7fee49357116211.mp4' for writing
[hls @ 0xec488c2c0c80] Opening '/cache/transcodes/ea5683cff900e292e0ab7fee49357116212.mp4' for writing
[hls @ 0xec488c2c0c80] Opening '/cache/transcodes/ea5683cff900e292e0ab7fee49357116213.mp4' for writing
[hls @ 0xec488c2c0c80] Opening '/cache/transcodes/ea5683cff900e292e0ab7fee49357116214.mp4' for writing
[hls @ 0xec488c2c0c80] Opening '/cache/transcodes/ea5683cff900e292e0ab7fee49357116215.mp4' for writing
[hls @ 0xec488c2c0c80] Opening '/cache/transcodes/ea5683cff900e292e0ab7fee49357116216.mp4' for writing
[hls @ 0xec488c2c0c80] Opening '/cache/transcodes/ea5683cff900e292e0ab7fee49357116217.mp4' for writing
[hls @ 0xec488c2c0c80] Opening '/cache/transcodes/ea5683cff900e292e0ab7fee49357116218.mp4' for writing
[hls @ 0xec488c2c0c80] Opening '/cache/transcodes/ea5683cff900e292e0ab7fee49357116219.mp4' for writing
[hls @ 0xec488c2c0c80] Opening '/cache/transcodes/ea5683cff900e292e0ab7fee49357116220.mp4' for writing
[hls @ 0xec488c2c0c80] Opening '/cache/transcodes/ea5683cff900e292e0ab7fee49357116221.mp4' for writing
[hls @ 0xec488c2c0c80] Opening '/cache/transcodes/ea5683cff900e292e0ab7fee49357116222.mp4' for writing
[hls @ 0xec488c2c0c80] Opening '/cache/transcodes/ea5683cff900e292e0ab7fee49357116223.mp4' for writing
[hls @ 0xec488c2c0c80] Opening '/cache/transcodes/ea5683cff900e292e0ab7fee49357116224.mp4' for writing
[hls @ 0xec488c2c0c80] Opening '/cache/transcodes/ea5683cff900e292e0ab7fee49357116225.mp4' for writing
[hls @ 0xec488c2c0c80] Opening '/cache/transcodes/ea5683cff900e292e0ab7fee49357116226.mp4' for writing
[hls @ 0xec488c2c0c80] Opening '/cache/transcodes/ea5683cff900e292e0ab7fee49357116227.mp4' for writing
[hls @ 0xec488c2c0c80] Opening '/cache/transcodes/ea5683cff900e292e0ab7fee49357116228.mp4' for writing
[hls @ 0xec488c2c0c80] Opening '/cache/transcodes/ea5683cff900e292e0ab7fee49357116229.mp4' for writing
[hls @ 0xec488c2c0c80] Opening '/cache/transcodes/ea5683cff900e292e0ab7fee49357116230.mp4' for writing
[hls @ 0xec488c2c0c80] Opening '/cache/transcodes/ea5683cff900e292e0ab7fee49357116231.mp4' for writing
[hls @ 0xec488c2c0c80] Opening '/cache/transcodes/ea5683cff900e292e0ab7fee49357116232.mp4' for writing
[hls @ 0xec488c2c0c80] Opening '/cache/transcodes/ea5683cff900e292e0ab7fee49357116233.mp4' for writing
[hls @ 0xec488c2c0c80] Opening '/cache/transcodes/ea5683cff900e292e0ab7fee49357116234.mp4' for writing
[hls @ 0xec488c2c0c80] Opening '/cache/transcodes/ea5683cff900e292e0ab7fee49357116235.mp4' for writing
[hls @ 0xec488c2c0c80] Opening '/cache/transcodes/ea5683cff900e292e0ab7fee49357116236.mp4' for writing
[hls @ 0xec488c2c0c80] Opening '/cache/transcodes/ea5683cff900e292e0ab7fee49357116237.mp4' for writing
[hls @ 0xec488c2c0c80] Opening '/cache/transcodes/ea5683cff900e292e0ab7fee49357116238.mp4' for writing
[hls @ 0xec488c2c0c80] Opening '/cache/transcodes/ea5683cff900e292e0ab7fee49357116239.mp4' for writing
[hls @ 0xec488c2c0c80] Opening '/cache/transcodes/ea5683cff900e292e0ab7fee49357116240.mp4' for writing
[hls @ 0xec488c2c0c80] Opening '/cache/transcodes/ea5683cff900e292e0ab7fee49357116241.mp4' for writing
[hls @ 0xec488c2c0c80] Opening '/cache/transcodes/ea5683cff900e292e0ab7fee49357116242.mp4' for writing
[hls @ 0xec488c2c0c80] Opening '/cache/transcodes/ea5683cff900e292e0ab7fee49357116243.mp4' for writing
[hls @ 0xec488c2c0c80] Opening '/cache/transcodes/ea5683cff900e292e0ab7fee49357116244.mp4' for writing
[hls @ 0xec488c2c0c80] Opening '/cache/transcodes/ea5683cff900e292e0ab7fee49357116245.mp4' for writing
[hls @ 0xec488c2c0c80] Opening '/cache/transcodes/ea5683cff900e292e0ab7fee49357116246.mp4' for writing
[hls @ 0xec488c2c0c80] Opening '/cache/transcodes/ea5683cff900e292e0ab7fee49357116247.mp4' for writing
[hls @ 0xec488c2c0c80] Opening '/cache/transcodes/ea5683cff900e292e0ab7fee49357116248.mp4' for writing
[hls @ 0xec488c2c0c80] Opening '/cache/transcodes/ea5683cff900e292e0ab7fee49357116249.mp4' for writing
[hls @ 0xec488c2c0c80] Opening '/cache/transcodes/ea5683cff900e292e0ab7fee49357116250.mp4' for writing
[hls @ 0xec488c2c0c80] Opening '/cache/transcodes/ea5683cff900e292e0ab7fee49357116251.mp4' for writing
[hls @ 0xec488c2c0c80] Opening '/cache/transcodes/ea5683cff900e292e0ab7fee49357116252.mp4' for writing
[hls @ 0xec488c2c0c80] Opening '/cache/transcodes/ea5683cff900e292e0ab7fee49357116253.mp4' for writing
[hls @ 0xec488c2c0c80] Opening '/cache/transcodes/ea5683cff900e292e0ab7fee49357116254.mp4' for writing
[hls @ 0xec488c2c0c80] Opening '/cache/transcodes/ea5683cff900e292e0ab7fee49357116255.mp4' for writing
[hls @ 0xec488c2c0c80] Opening '/cache/transcodes/ea5683cff900e292e0ab7fee49357116256.mp4' for writing
[hls @ 0xec488c2c0c80] Opening '/cache/transcodes/ea5683cff900e292e0ab7fee49357116257.mp4' for writing
[hls @ 0xec488c2c0c80] Opening '/cache/transcodes/ea5683cff900e292e0ab7fee49357116258.mp4' for writing
[hls @ 0xec488c2c0c80] Opening '/cache/transcodes/ea5683cff900e292e0ab7fee49357116259.mp4' for writing
[hls @ 0xec488c2c0c80] Opening '/cache/transcodes/ea5683cff900e292e0ab7fee49357116260.mp4' for writing
[hls @ 0xec488c2c0c80] Opening '/cache/transcodes/ea5683cff900e292e0ab7fee49357116261.mp4' for writing
[hls @ 0xec488c2c0c80] Opening '/cache/transcodes/ea5683cff900e292e0ab7fee49357116262.mp4' for writing
[hls @ 0xec488c2c0c80] Opening '/cache/transcodes/ea5683cff900e292e0ab7fee49357116263.mp4' for writing
[hls @ 0xec488c2c0c80] Opening '/cache/transcodes/ea5683cff900e292e0ab7fee49357116264.mp4' for writing
[hls @ 0xec488c2c0c80] Opening '/cache/transcodes/ea5683cff900e292e0ab7fee49357116265.mp4' for writing
[hls @ 0xec488c2c0c80] Opening '/cache/transcodes/ea5683cff900e292e0ab7fee49357116266.mp4' for writing
[hls @ 0xec488c2c0c80] Opening '/cache/transcodes/ea5683cff900e292e0ab7fee49357116267.mp4' for writing
[hls @ 0xec488c2c0c80] Opening '/cache/transcodes/ea5683cff900e292e0ab7fee49357116268.mp4' for writing
[hls @ 0xec488c2c0c80] Opening '/cache/transcodes/ea5683cff900e292e0ab7fee49357116269.mp4' for writing
[hls @ 0xec488c2c0c80] Opening '/cache/transcodes/ea5683cff900e292e0ab7fee49357116270.mp4' for writing
[hls @ 0xec488c2c0c80] Opening '/cache/transcodes/ea5683cff900e292e0ab7fee49357116271.mp4' for writing
[hls @ 0xec488c2c0c80] Opening '/cache/transcodes/ea5683cff900e292e0ab7fee49357116272.mp4' for writing
[hls @ 0xec488c2c0c80] Opening '/cache/transcodes/ea5683cff900e292e0ab7fee49357116273.mp4' for writing
[hls @ 0xec488c2c0c80] Opening '/cache/transcodes/ea5683cff900e292e0ab7fee49357116274.mp4' for writing
[hls @ 0xec488c2c0c80] Opening '/cache/transcodes/ea5683cff900e292e0ab7fee49357116275.mp4' for writing
[hls @ 0xec488c2c0c80] Opening '/cache/transcodes/ea5683cff900e292e0ab7fee49357116276.mp4' for writing
[hls @ 0xec488c2c0c80] Opening '/cache/transcodes/ea5683cff900e292e0ab7fee49357116277.mp4' for writing
[hls @ 0xec488c2c0c80] Opening '/cache/transcodes/ea5683cff900e292e0ab7fee49357116278.mp4' for writing
[hls @ 0xec488c2c0c80] Opening '/cache/transcodes/ea5683cff900e292e0ab7fee49357116279.mp4' for writing
[hls @ 0xec488c2c0c80] Opening '/cache/transcodes/ea5683cff900e292e0ab7fee49357116280.mp4' for writing
[hls @ 0xec488c2c0c80] Opening '/cache/transcodes/ea5683cff900e292e0ab7fee49357116281.mp4' for writing
[hls @ 0xec488c2c0c80] Opening '/cache/transcodes/ea5683cff900e292e0ab7fee49357116282.mp4' for writing
[hls @ 0xec488c2c0c80] Opening '/cache/transcodes/ea5683cff900e292e0ab7fee49357116283.mp4' for writing
[hls @ 0xec488c2c0c80] Opening '/cache/transcodes/ea5683cff900e292e0ab7fee49357116284.mp4' for writing
[hls @ 0xec488c2c0c80] Opening '/cache/transcodes/ea5683cff900e292e0ab7fee49357116285.mp4' for writing
[hls @ 0xec488c2c0c80] Opening '/cache/transcodes/ea5683cff900e292e0ab7fee49357116286.mp4' for writing
[hls @ 0xec488c2c0c80] Opening '/cache/transcodes/ea5683cff900e292e0ab7fee49357116287.mp4' for writing
[hls @ 0xec488c2c0c80] Opening '/cache/transcodes/ea5683cff900e292e0ab7fee49357116288.mp4' for writing
[hls @ 0xec488c2c0c80] Opening '/cache/transcodes/ea5683cff900e292e0ab7fee49357116289.mp4' for writing
[hls @ 0xec488c2c0c80] Opening '/cache/transcodes/ea5683cff900e292e0ab7fee49357116290.mp4' for writing
[hls @ 0xec488c2c0c80] Opening '/cache/transcodes/ea5683cff900e292e0ab7fee49357116291.mp4' for writing
[hls @ 0xec488c2c0c80] Opening '/cache/transcodes/ea5683cff900e292e0ab7fee49357116292.mp4' for writing
[hls @ 0xec488c2c0c80] Opening '/cache/transcodes/ea5683cff900e292e0ab7fee49357116293.mp4' for writing
[hls @ 0xec488c2c0c80] Opening '/cache/transcodes/ea5683cff900e292e0ab7fee49357116294.mp4' for writing
[hls @ 0xec488c2c0c80] Opening '/cache/transcodes/ea5683cff900e292e0ab7fee49357116295.mp4' for writing
[hls @ 0xec488c2c0c80] Opening '/cache/transcodes/ea5683cff900e292e0ab7fee49357116296.mp4' for writing
[hls @ 0xec488c2c0c80] Opening '/cache/transcodes/ea5683cff900e292e0ab7fee49357116297.mp4' for writing
[hls @ 0xec488c2c0c80] Opening '/cache/transcodes/ea5683cff900e292e0ab7fee49357116298.mp4' for writing
[hls @ 0xec488c2c0c80] Opening '/cache/transcodes/ea5683cff900e292e0ab7fee49357116299.mp4' for writing
[hls @ 0xec488c2c0c80] Opening '/cache/transcodes/ea5683cff900e292e0ab7fee49357116300.mp4' for writing
[hls @ 0xec488c2c0c80] Opening '/cache/transcodes/ea5683cff900e292e0ab7fee49357116301.mp4' for writing
[hls @ 0xec488c2c0c80] Opening '/cache/transcodes/ea5683cff900e292e0ab7fee49357116302.mp4' for writing
[hls @ 0xec488c2c0c80] Opening '/cache/transcodes/ea5683cff900e292e0ab7fee49357116303.mp4' for writing
[hls @ 0xec488c2c0c80] Opening '/cache/transcodes/ea5683cff900e292e0ab7fee49357116304.mp4' for writing
[hls @ 0xec488c2c0c80] Opening '/cache/transcodes/ea5683cff900e292e0ab7fee49357116305.mp4' for writing
[hls @ 0xec488c2c0c80] Opening '/cache/transcodes/ea5683cff900e292e0ab7fee49357116306.mp4' for writing
[hls @ 0xec488c2c0c80] Opening '/cache/transcodes/ea5683cff900e292e0ab7fee49357116307.mp4' for writing
[hls @ 0xec488c2c0c80] Opening '/cache/transcodes/ea5683cff900e292e0ab7fee49357116308.mp4' for writing
[hls @ 0xec488c2c0c80] Opening '/cache/transcodes/ea5683cff900e292e0ab7fee49357116309.mp4' for writing
[hls @ 0xec488c2c0c80] Opening '/cache/transcodes/ea5683cff900e292e0ab7fee49357116310.mp4' for writing
[hls @ 0xec488c2c0c80] Opening '/cache/transcodes/ea5683cff900e292e0ab7fee49357116311.mp4' for writing
[hls @ 0xec488c2c0c80] Opening '/cache/transcodes/ea5683cff900e292e0ab7fee49357116312.mp4' for writing
[hls @ 0xec488c2c0c80] Opening '/cache/transcodes/ea5683cff900e292e0ab7fee49357116313.mp4' for writing
[hls @ 0xec488c2c0c80] Opening '/cache/transcodes/ea5683cff900e292e0ab7fee49357116314.mp4' for writing
frame=46839 fps=46825 q=-1.0 size=N/A time=00:15:33.53 bitrate=N/A speed= 933x    
[hls @ 0xec488c2c0c80] Opening '/cache/transcodes/ea5683cff900e292e0ab7fee49357116315.mp4' for writing
[hls @ 0xec488c2c0c80] Opening '/cache/transcodes/ea5683cff900e292e0ab7fee49357116316.mp4' for writing
[hls @ 0xec488c2c0c80] Opening '/cache/transcodes/ea5683cff900e292e0ab7fee49357116317.mp4' for writing
[hls @ 0xec488c2c0c80] Opening '/cache/transcodes/ea5683cff900e292e0ab7fee49357116318.mp4' for writing
[hls @ 0xec488c2c0c80] Opening '/cache/transcodes/ea5683cff900e292e0ab7fee49357116319.mp4' for writing
[hls @ 0xec488c2c0c80] Opening '/cache/transcodes/ea5683cff900e292e0ab7fee49357116320.mp4' for writing
[hls @ 0xec488c2c0c80] Opening '/cache/transcodes/ea5683cff900e292e0ab7fee49357116321.mp4' for writing
[hls @ 0xec488c2c0c80] Opening '/cache/transcodes/ea5683cff900e292e0ab7fee49357116322.mp4' for writing
[hls @ 0xec488c2c0c80] Opening '/cache/transcodes/ea5683cff900e292e0ab7fee49357116323.mp4' for writing
[hls @ 0xec488c2c0c80] Opening '/cache/transcodes/ea5683cff900e292e0ab7fee49357116324.mp4' for writing
[hls @ 0xec488c2c0c80] Opening '/cache/transcodes/ea5683cff900e292e0ab7fee49357116325.mp4' for writing
[hls @ 0xec488c2c0c80] Opening '/cache/transcodes/ea5683cff900e292e0ab7fee49357116326.mp4' for writing
[hls @ 0xec488c2c0c80] Opening '/cache/transcodes/ea5683cff900e292e0ab7fee49357116327.mp4' for writing
[hls @ 0xec488c2c0c80] Opening '/cache/transcodes/ea5683cff900e292e0ab7fee49357116328.mp4' for writing
[hls @ 0xec488c2c0c80] Opening '/cache/transcodes/ea5683cff900e292e0ab7fee49357116329.mp4' for writing
[hls @ 0xec488c2c0c80] Opening '/cache/transcodes/ea5683cff900e292e0ab7fee49357116330.mp4' for writing
[hls @ 0xec488c2c0c80] Opening '/cache/transcodes/ea5683cff900e292e0ab7fee49357116331.mp4' for writing
[hls @ 0xec488c2c0c80] Opening '/cache/transcodes/ea5683cff900e292e0ab7fee49357116332.mp4' for writing
[hls @ 0xec488c2c0c80] Opening '/cache/transcodes/ea5683cff900e292e0ab7fee49357116333.mp4' for writing
[hls @ 0xec488c2c0c80] Opening '/cache/transcodes/ea5683cff900e292e0ab7fee49357116334.mp4' for writing
[hls @ 0xec488c2c0c80] Opening '/cache/transcodes/ea5683cff900e292e0ab7fee49357116335.mp4' for writing
[hls @ 0xec488c2c0c80] Opening '/cache/transcodes/ea5683cff900e292e0ab7fee49357116336.mp4' for writing
[hls @ 0xec488c2c0c80] Opening '/cache/transcodes/ea5683cff900e292e0ab7fee49357116337.mp4' for writing
[hls @ 0xec488c2c0c80] Opening '/cache/transcodes/ea5683cff900e292e0ab7fee49357116338.mp4' for writing
[hls @ 0xec488c2c0c80] Opening '/cache/transcodes/ea5683cff900e292e0ab7fee49357116339.mp4' for writing
[hls @ 0xec488c2c0c80] Opening '/cache/transcodes/ea5683cff900e292e0ab7fee49357116340.mp4' for writing
[hls @ 0xec488c2c0c80] Opening '/cache/transcodes/ea5683cff900e292e0ab7fee49357116341.mp4' for writing
[hls @ 0xec488c2c0c80] Opening '/cache/transcodes/ea5683cff900e292e0ab7fee49357116342.mp4' for writing
[hls @ 0xec488c2c0c80] Opening '/cache/transcodes/ea5683cff900e292e0ab7fee49357116343.mp4' for writing
[hls @ 0xec488c2c0c80] Opening '/cache/transcodes/ea5683cff900e292e0ab7fee49357116344.mp4' for writing
[hls @ 0xec488c2c0c80] Opening '/cache/transcodes/ea5683cff900e292e0ab7fee49357116345.mp4' for writing
[hls @ 0xec488c2c0c80] Opening '/cache/transcodes/ea5683cff900e292e0ab7fee49357116346.mp4' for writing
[hls @ 0xec488c2c0c80] Opening '/cache/transcodes/ea5683cff900e292e0ab7fee49357116347.mp4' for writing
[hls @ 0xec488c2c0c80] Opening '/cache/transcodes/ea5683cff900e292e0ab7fee49357116348.mp4' for writing
[hls @ 0xec488c2c0c80] Opening '/cache/transcodes/ea5683cff900e292e0ab7fee49357116349.mp4' for writing
[hls @ 0xec488c2c0c80] Opening '/cache/transcodes/ea5683cff900e292e0ab7fee49357116350.mp4' for writing
[hls @ 0xec488c2c0c80] Opening '/cache/transcodes/ea5683cff900e292e0ab7fee49357116351.mp4' for writing
[hls @ 0xec488c2c0c80] Opening '/cache/transcodes/ea5683cff900e292e0ab7fee49357116352.mp4' for writing
[hls @ 0xec488c2c0c80] Opening '/cache/transcodes/ea5683cff900e292e0ab7fee49357116353.mp4' for writing
[hls @ 0xec488c2c0c80] Opening '/cache/transcodes/ea5683cff900e292e0ab7fee49357116354.mp4' for writing
[hls @ 0xec488c2c0c80] Opening '/cache/transcodes/ea5683cff900e292e0ab7fee49357116355.mp4' for writing
[hls @ 0xec488c2c0c80] Opening '/cache/transcodes/ea5683cff900e292e0ab7fee49357116356.mp4' for writing
[hls @ 0xec488c2c0c80] Opening '/cache/transcodes/ea5683cff900e292e0ab7fee49357116357.mp4' for writing
[hls @ 0xec488c2c0c80] Opening '/cache/transcodes/ea5683cff900e292e0ab7fee49357116358.mp4' for writing
[hls @ 0xec488c2c0c80] Opening '/cache/transcodes/ea5683cff900e292e0ab7fee49357116359.mp4' for writing
[hls @ 0xec488c2c0c80] Opening '/cache/transcodes/ea5683cff900e292e0ab7fee49357116360.mp4' for writing
[hls @ 0xec488c2c0c80] Opening '/cache/transcodes/ea5683cff900e292e0ab7fee49357116361.mp4' for writing
[hls @ 0xec488c2c0c80] Opening '/cache/transcodes/ea5683cff900e292e0ab7fee49357116362.mp4' for writing
[hls @ 0xec488c2c0c80] Opening '/cache/transcodes/ea5683cff900e292e0ab7fee49357116363.mp4' for writing
[hls @ 0xec488c2c0c80] Opening '/cache/transcodes/ea5683cff900e292e0ab7fee49357116364.mp4' for writing
[hls @ 0xec488c2c0c80] Opening '/cache/transcodes/ea5683cff900e292e0ab7fee49357116365.mp4' for writing
[hls @ 0xec488c2c0c80] Opening '/cache/transcodes/ea5683cff900e292e0ab7fee49357116366.mp4' for writing
[hls @ 0xec488c2c0c80] Opening '/cache/transcodes/ea5683cff900e292e0ab7fee49357116367.mp4' for writing
[hls @ 0xec488c2c0c80] Opening '/cache/transcodes/ea5683cff900e292e0ab7fee49357116368.mp4' for writing
[hls @ 0xec488c2c0c80] Opening '/cache/transcodes/ea5683cff900e292e0ab7fee49357116369.mp4' for writing
[hls @ 0xec488c2c0c80] Opening '/cache/transcodes/ea5683cff900e292e0ab7fee49357116370.mp4' for writing
[hls @ 0xec488c2c0c80] Opening '/cache/transcodes/ea5683cff900e292e0ab7fee49357116371.mp4' for writing
[hls @ 0xec488c2c0c80] Opening '/cache/transcodes/ea5683cff900e292e0ab7fee49357116372.mp4' for writing
[hls @ 0xec488c2c0c80] Opening '/cache/transcodes/ea5683cff900e292e0ab7fee49357116373.mp4' for writing
[hls @ 0xec488c2c0c80] Opening '/cache/transcodes/ea5683cff900e292e0ab7fee49357116374.mp4' for writing
[hls @ 0xec488c2c0c80] Opening '/cache/transcodes/ea5683cff900e292e0ab7fee49357116375.mp4' for writing
[hls @ 0xec488c2c0c80] Opening '/cache/transcodes/ea5683cff900e292e0ab7fee49357116376.mp4' for writing
[hls @ 0xec488c2c0c80] Opening '/cache/transcodes/ea5683cff900e292e0ab7fee49357116377.mp4' for writing
[hls @ 0xec488c2c0c80] Opening '/cache/transcodes/ea5683cff900e292e0ab7fee49357116378.mp4' for writing
[hls @ 0xec488c2c0c80] Opening '/cache/transcodes/ea5683cff900e292e0ab7fee49357116379.mp4' for writing
[hls @ 0xec488c2c0c80] Opening '/cache/transcodes/ea5683cff900e292e0ab7fee49357116380.mp4' for writing
[hls @ 0xec488c2c0c80] Opening '/cache/transcodes/ea5683cff900e292e0ab7fee49357116381.mp4' for writing
[hls @ 0xec488c2c0c80] Opening '/cache/transcodes/ea5683cff900e292e0ab7fee49357116382.mp4' for writing
[hls @ 0xec488c2c0c80] Opening '/cache/transcodes/ea5683cff900e292e0ab7fee49357116383.mp4' for writing
[hls @ 0xec488c2c0c80] Opening '/cache/transcodes/ea5683cff900e292e0ab7fee49357116384.mp4' for writing
[hls @ 0xec488c2c0c80] Opening '/cache/transcodes/ea5683cff900e292e0ab7fee49357116385.mp4' for writing
[hls @ 0xec488c2c0c80] Opening '/cache/transcodes/ea5683cff900e292e0ab7fee49357116386.mp4' for writing
[hls @ 0xec488c2c0c80] Opening '/cache/transcodes/ea5683cff900e292e0ab7fee49357116387.mp4' for writing
[hls @ 0xec488c2c0c80] Opening '/cache/transcodes/ea5683cff900e292e0ab7fee49357116388.mp4' for writing
[hls @ 0xec488c2c0c80] Opening '/cache/transcodes/ea5683cff900e292e0ab7fee49357116389.mp4' for writing
[hls @ 0xec488c2c0c80] Opening '/cache/transcodes/ea5683cff900e292e0ab7fee49357116390.mp4' for writing
[hls @ 0xec488c2c0c80] Opening '/cache/transcodes/ea5683cff900e292e0ab7fee49357116391.mp4' for writing
[hls @ 0xec488c2c0c80] Opening '/cache/transcodes/ea5683cff900e292e0ab7fee49357116392.mp4' for writing
[hls @ 0xec488c2c0c80] Opening '/cache/transcodes/ea5683cff900e292e0ab7fee49357116393.mp4' for writing
[hls @ 0xec488c2c0c80] Opening '/cache/transcodes/ea5683cff900e292e0ab7fee49357116394.mp4' for writing
[hls @ 0xec488c2c0c80] Opening '/cache/transcodes/ea5683cff900e292e0ab7fee49357116395.mp4' for writing
[hls @ 0xec488c2c0c80] Opening '/cache/transcodes/ea5683cff900e292e0ab7fee49357116396.mp4' for writing
[hls @ 0xec488c2c0c80] Opening '/cache/transcodes/ea5683cff900e292e0ab7fee49357116397.mp4' for writing
[hls @ 0xec488c2c0c80] Opening '/cache/transcodes/ea5683cff900e292e0ab7fee49357116398.mp4' for writing
[hls @ 0xec488c2c0c80] Opening '/cache/transcodes/ea5683cff900e292e0ab7fee49357116399.mp4' for writing
[hls @ 0xec488c2c0c80] Opening '/cache/transcodes/ea5683cff900e292e0ab7fee49357116400.mp4' for writing
[hls @ 0xec488c2c0c80] Opening '/cache/transcodes/ea5683cff900e292e0ab7fee49357116401.mp4' for writing
[hls @ 0xec488c2c0c80] Opening '/cache/transcodes/ea5683cff900e292e0ab7fee49357116402.mp4' for writing
[hls @ 0xec488c2c0c80] Opening '/cache/transcodes/ea5683cff900e292e0ab7fee49357116403.mp4' for writing
[hls @ 0xec488c2c0c80] Opening '/cache/transcodes/ea5683cff900e292e0ab7fee49357116404.mp4' for writing
[hls @ 0xec488c2c0c80] Opening '/cache/transcodes/ea5683cff900e292e0ab7fee49357116405.mp4' for writing
[hls @ 0xec488c2c0c80] Opening '/cache/transcodes/ea5683cff900e292e0ab7fee49357116406.mp4' for writing
[hls @ 0xec488c2c0c80] Opening '/cache/transcodes/ea5683cff900e292e0ab7fee49357116407.mp4' for writing
[hls @ 0xec488c2c0c80] Opening '/cache/transcodes/ea5683cff900e292e0ab7fee49357116408.mp4' for writing
[hls @ 0xec488c2c0c80] Opening '/cache/transcodes/ea5683cff900e292e0ab7fee49357116409.mp4' for writing
[hls @ 0xec488c2c0c80] Opening '/cache/transcodes/ea5683cff900e292e0ab7fee49357116410.mp4' for writing
[hls @ 0xec488c2c0c80] Opening '/cache/transcodes/ea5683cff900e292e0ab7fee49357116411.mp4' for writing
[hls @ 0xec488c2c0c80] Opening '/cache/transcodes/ea5683cff900e292e0ab7fee49357116412.mp4' for writing
[hls @ 0xec488c2c0c80] Opening '/cache/transcodes/ea5683cff900e292e0ab7fee49357116413.mp4' for writing
[hls @ 0xec488c2c0c80] Opening '/cache/transcodes/ea5683cff900e292e0ab7fee49357116414.mp4' for writing
[hls @ 0xec488c2c0c80] Opening '/cache/transcodes/ea5683cff900e292e0ab7fee49357116415.mp4' for writing
[hls @ 0xec488c2c0c80] Opening '/cache/transcodes/ea5683cff900e292e0ab7fee49357116416.mp4' for writing
[hls @ 0xec488c2c0c80] Opening '/cache/transcodes/ea5683cff900e292e0ab7fee49357116417.mp4' for writing
[hls @ 0xec488c2c0c80] Opening '/cache/transcodes/ea5683cff900e292e0ab7fee49357116418.mp4' for writing
[hls @ 0xec488c2c0c80] Opening '/cache/transcodes/ea5683cff900e292e0ab7fee49357116419.mp4' for writing
[hls @ 0xec488c2c0c80] Opening '/cache/transcodes/ea5683cff900e292e0ab7fee49357116420.mp4' for writing
[hls @ 0xec488c2c0c80] Opening '/cache/transcodes/ea5683cff900e292e0ab7fee49357116421.mp4' for writing
[hls @ 0xec488c2c0c80] Opening '/cache/transcodes/ea5683cff900e292e0ab7fee49357116422.mp4' for writing
[hls @ 0xec488c2c0c80] Opening '/cache/transcodes/ea5683cff900e292e0ab7fee49357116423.mp4' for writing
[hls @ 0xec488c2c0c80] Opening '/cache/transcodes/ea5683cff900e292e0ab7fee49357116424.mp4' for writing
[hls @ 0xec488c2c0c80] Opening '/cache/transcodes/ea5683cff900e292e0ab7fee49357116425.mp4' for writing
[hls @ 0xec488c2c0c80] Opening '/cache/transcodes/ea5683cff900e292e0ab7fee49357116426.mp4' for writing
[hls @ 0xec488c2c0c80] Opening '/cache/transcodes/ea5683cff900e292e0ab7fee49357116427.mp4' for writing
[hls @ 0xec488c2c0c80] Opening '/cache/transcodes/ea5683cff900e292e0ab7fee49357116428.mp4' for writing
[hls @ 0xec488c2c0c80] Opening '/cache/transcodes/ea5683cff900e292e0ab7fee49357116429.mp4' for writing
[hls @ 0xec488c2c0c80] Opening '/cache/transcodes/ea5683cff900e292e0ab7fee49357116430.mp4' for writing
[hls @ 0xec488c2c0c80] Opening '/cache/transcodes/ea5683cff900e292e0ab7fee49357116431.mp4' for writing
[hls @ 0xec488c2c0c80] Opening '/cache/transcodes/ea5683cff900e292e0ab7fee49357116432.mp4' for writing
[out#0/hls @ 0xec488c79d640] video:434977KiB audio:146550KiB subtitle:0KiB other streams:0KiB global headers:2KiB muxing overhead: unknown
frame=64250 fps=47572 q=-1.0 Lsize=N/A time=00:27:39.58 bitrate=N/A speed=1.23e+03x    