{"Protocol":0,"Id":"6edc9e858b5db4f70aaa9d2613d649d2","Path":"/media/tv/Reacher/Season 04/Reacher.S04E03.1080p.x265-ELiTE.mkv","EncoderPath":null,"EncoderProtocol":null,"Type":0,"Container":"mkv","Size":595094566,"Name":"Reacher.S04E03.1080p.x265-ELiTE","IsRemote":false,"ETag":"8d743d8c39b52ee843ab7957596dd177","RunTimeTicks":26797760000,"ReadAtNativeFramerate":false,"IgnoreDts":false,"IgnoreIndex":false,"GenPtsInput":false,"SupportsTranscoding":true,"SupportsDirectStream":true,"SupportsDirectPlay":true,"IsInfiniteStream":false,"UseMostCompatibleTranscodingProfile":false,"RequiresOpening":false,"OpenToken":null,"RequiresClosing":false,"LiveStreamId":null,"BufferMs":null,"RequiresLooping":false,"SupportsProbing":true,"VideoType":0,"IsoType":null,"Video3DFormat":null,"MediaStreams":[{"Codec":"hevc","CodecTag":null,"Language":null,"ColorRange":null,"ColorSpace":"bt709","ColorTransfer":"bt709","ColorPrimaries":"bt709","DvVersionMajor":null,"DvVersionMinor":null,"DvProfile":null,"DvLevel":null,"RpuPresentFlag":null,"ElPresentFlag":null,"BlPresentFlag":null,"DvBlSignalCompatibilityId":null,"Rotation":null,"Comment":null,"TimeBase":"1/1000","CodecTimeBase":null,"Title":null,"Hdr10PlusPresentFlag":null,"VideoRange":1,"VideoRangeType":1,"VideoDoViTitle":null,"AudioSpatialFormat":0,"LocalizedUndefined":null,"LocalizedDefault":null,"LocalizedForced":null,"LocalizedExternal":null,"LocalizedHearingImpaired":null,"DisplayTitle":"1080p HEVC SDR","NalLengthSize":null,"IsInterlaced":false,"IsAVC":false,"ChannelLayout":null,"BitRate":1776550,"BitDepth":10,"RefFrames":1,"PacketLength":null,"Channels":null,"SampleRate":null,"IsDefault":true,"IsForced":false,"IsHearingImpaired":false,"Height":960,"Width":1920,"AverageFrameRate":23.976025,"RealFrameRate":23.976025,"ReferenceFrameRate":23.976025,"Profile":"Main 10","Type":1,"AspectRatio":"2:1","Index":0,"Score":null,"IsExternal":false,"DeliveryMethod":null,"DeliveryUrl":null,"IsExternalUrl":null,"IsTextSubtitleStream":false,"SupportsExternalStream":false,"Path":null,"PixelFormat":"yuv420p10le","Level":120,"IsAnamorphic":false},{"Codec":"ac3","CodecTag":null,"Language":"eng","ColorRange":null,"ColorSpace":null,"ColorTransfer":null,"ColorPrimaries":null,"DvVersionMajor":null,"DvVersionMinor":null,"DvProfile":null,"DvLevel":null,"RpuPresentFlag":null,"ElPresentFlag":null,"BlPresentFlag":null,"DvBlSignalCompatibilityId":null,"Rotation":null,"Comment":null,"TimeBase":"1/1000","CodecTimeBase":null,"Title":null,"Hdr10PlusPresentFlag":null,"VideoRange":0,"VideoRangeType":0,"VideoDoViTitle":null,"AudioSpatialFormat":0,"LocalizedUndefined":null,"LocalizedDefault":"Default","LocalizedForced":null,"LocalizedExternal":"External","LocalizedHearingImpaired":null,"DisplayTitle":"English - Dolby Digital - 5.1 - Default","NalLengthSize":null,"IsInterlaced":false,"IsAVC":false,"ChannelLayout":"5.1","BitRate":448000,"BitDepth":null,"RefFrames":null,"PacketLength":null,"Channels":6,"SampleRate":48000,"IsDefault":true,"IsForced":false,"IsHearingImpaired":false,"Height":null,"Width":null,"AverageFrameRate":null,"RealFrameRate":null,"ReferenceFrameRate":null,"Profile":null,"Type":0,"AspectRatio":null,"Index":1,"Score":null,"IsExternal":false,"DeliveryMethod":null,"DeliveryUrl":null,"IsExternalUrl":null,"IsTextSubtitleStream":false,"SupportsExternalStream":false,"Path":null,"PixelFormat":null,"Level":0,"IsAnamorphic":null},{"Codec":"subrip","CodecTag":null,"Language":"eng","ColorRange":null,"ColorSpace":null,"ColorTransfer":null,"ColorPrimaries":null,"DvVersionMajor":null,"DvVersionMinor":null,"DvProfile":null,"DvLevel":null,"RpuPresentFlag":null,"ElPresentFlag":null,"BlPresentFlag":null,"DvBlSignalCompatibilityId":null,"Rotation":null,"Comment":null,"TimeBase":"1/1000","CodecTimeBase":null,"Title":null,"Hdr10PlusPresentFlag":null,"VideoRange":0,"VideoRangeType":0,"VideoDoViTitle":null,"AudioSpatialFormat":0,"LocalizedUndefined":"Undefined","LocalizedDefault":"Default","LocalizedForced":"Forced","LocalizedExternal":"External","LocalizedHearingImpaired":"Hearing Impaired","DisplayTitle":"English - SUBRIP","NalLengthSize":null,"IsInterlaced":false,"IsAVC":false,"ChannelLayout":null,"BitRate":null,"BitDepth":null,"RefFrames":null,"PacketLength":null,"Channels":null,"SampleRate":null,"IsDefault":false,"IsForced":false,"IsHearingImpaired":false,"Height":0,"Width":0,"AverageFrameRate":null,"RealFrameRate":null,"ReferenceFrameRate":null,"Profile":null,"Type":2,"AspectRatio":null,"Index":2,"Score":null,"IsExternal":false,"DeliveryMethod":null,"DeliveryUrl":null,"IsExternalUrl":null,"IsTextSubtitleStream":true,"SupportsExternalStream":true,"Path":null,"PixelFormat":null,"Level":0,"IsAnamorphic":null}],"MediaAttachments":[],"Formats":[],"Bitrate":2224550,"FallbackMaxStreamingBitrate":null,"Timestamp":null,"RequiredHttpHeaders":{},"TranscodingUrl":null,"TranscodingSubProtocol":0,"TranscodingContainer":null,"AnalyzeDurationMs":null,"DefaultAudioStreamIndex":null,"DefaultSubtitleStreamIndex":null,"HasSegments":false}

/usr/lib/jellyfin-ffmpeg/ffmpeg -analyzeduration 200M -probesize 1G -ss 00:16:20.187 -noaccurate_seek -fflags +genpts  -i file:"/media/tv/Reacher/Season 04/Reacher.S04E03.1080p.x265-ELiTE.mkv" -map_metadata -1 -map_chapters -1 -threads 0 -map 0:0 -map 0:1 -map -0:s -codec:v:0 copy -tag:v:0 hvc1 -bsf:v hevc_mp4toannexb -start_at_zero -codec:a:0 libfdk_aac -ac 2 -ab 256000 -af "volume=2" -copyts -avoid_negative_ts disabled -max_muxing_queue_size 2048 -f hls -max_delay 5000000 -hls_time 6 -hls_segment_type fmp4 -hls_fmp4_init_filename "fe95c1bd2890f8a9250ab78eec32a568-1.mp4" -start_number 163 -hls_segment_filename "/cache/transcodes/fe95c1bd2890f8a9250ab78eec32a568%d.mp4" -hls_playlist_type vod -hls_list_size 0 -hls_segment_options movflags=+frag_discont -y "/cache/transcodes/fe95c1bd2890f8a9250ab78eec32a568.m3u8"


ffmpeg version 7.1.4-Jellyfin Copyright (c) 2000-2026 the FFmpeg developers
  built with gcc 14 (Debian 14.2.0-19)
  configuration: --prefix=/usr/lib/jellyfin-ffmpeg --target-os=linux --extra-version=Jellyfin --disable-doc --disable-ffplay --disable-static --disable-libxcb --disable-sdl2 --disable-xlib --enable-lto=auto --enable-gpl --enable-version3 --enable-shared --enable-gmp --enable-gnutls --enable-chromaprint --enable-opencl --enable-libdrm --enable-libxml2 --enable-libass --enable-libfreetype --enable-libfribidi --enable-libfontconfig --enable-libharfbuzz --enable-libbluray --enable-libmp3lame --enable-libopus --enable-libtheora --enable-libvorbis --enable-libopenmpt --enable-libdav1d --enable-libsvtav1 --enable-libwebp --enable-libvpx --enable-libx264 --enable-libx265 --enable-libzvbi --enable-libzimg --enable-libfdk-aac --arch=arm64 --cross-prefix=/usr/bin/aarch64-linux-gnu- --enable-cross-compile --enable-rkmpp --enable-rkrga --enable-ffnvcodec --enable-cuda --enable-cuda-llvm --enable-cuvid --enable-nvdec --enable-nvenc
  libavutil      59. 39.100 / 59. 39.100
  libavcodec     61. 19.101 / 61. 19.101
  libavformat    61.  7.103 / 61.  7.103
  libavdevice    61.  3.100 / 61.  3.100
  libavfilter    10.  5.100 / 10.  5.100
  libswscale      8.  3.100 /  8.  3.100
  libswresample   5.  3.100 /  5.  3.100
  libpostproc    58.  3.100 / 58.  3.100
Input #0, matroska,webm, from 'file:/media/tv/Reacher/Season 04/Reacher.S04E03.1080p.x265-ELiTE.mkv':
  Metadata:
    title           : Reacher.S04E03
    COMMENT         : ELiTE-Wed-12-Aug-2026,09:24:04,1080p,21,fast,Y,8124970,1920,960,2
    ENCODER         : Lavf62.3.100
  Duration: 00:44:39.78, start: -0.005000, bitrate: 1776 kb/s
  Stream #0:0: Video: hevc (Main 10), yuv420p10le(tv, bt709, progressive), 1920x960 [SAR 1:1 DAR 2:1], 23.98 fps, 23.98 tbr, 1k tbn (default)
      Metadata:
        ENCODER         : Lavc62.11.100 libx265
        DURATION        : 00:44:39.761000000
  Stream #0:1(eng): Audio: ac3, 48000 Hz, 5.1(side), fltp, 448 kb/s (default)
      Metadata:
        ENCODER         : Lavc62.11.100 ac3
        DURATION        : 00:44:39.776000000
  Stream #0:2(eng): Subtitle: subrip (srt)
      Metadata:
        DURATION        : 00:42:21.539000000
Stream mapping:
  Stream #0:0 -> #0:0 (copy)
  Stream #0:1 -> #0:1 (ac3 (native) -> aac (libfdk_aac))
Press [q] to stop, [?] for help
[hls @ 0xe13bf2ec0280] Opening '/cache/transcodes/fe95c1bd2890f8a9250ab78eec32a568-1.mp4' for writing
Output #0, hls, to '/cache/transcodes/fe95c1bd2890f8a9250ab78eec32a568.m3u8':
  Metadata:
    encoder         : Lavf61.7.103
  Stream #0:0: Video: hevc (Main 10) (hvc1 / 0x31637668), yuv420p10le(tv, bt709, progressive), 1920x960 [SAR 1:1 DAR 2:1], q=2-31, 23.98 fps, 23.98 tbr, 16k tbn (default)
  Stream #0:1: Audio: aac, 48000 Hz, stereo, s16, 256 kb/s (default)
      Metadata:
        encoder         : Lavc61.19.101 libfdk_aac
      Side data:
        cpb: bitrate max/min/avg: 256000/256000/256000 buffer size: 0 vbv_delay: N/A
[hls @ 0xe13bf2ec0280] Opening '/cache/transcodes/fe95c1bd2890f8a9250ab78eec32a568163.mp4' for writing
[hls @ 0xe13bf2ec0280] Opening '/cache/transcodes/fe95c1bd2890f8a9250ab78eec32a568164.mp4' for writing
[hls @ 0xe13bf2ec0280] Opening '/cache/transcodes/fe95c1bd2890f8a9250ab78eec32a568165.mp4' for writing
[hls @ 0xe13bf2ec0280] Opening '/cache/transcodes/fe95c1bd2890f8a9250ab78eec32a568166.mp4' for writing
[hls @ 0xe13bf2ec0280] Opening '/cache/transcodes/fe95c1bd2890f8a9250ab78eec32a568167.mp4' for writing
frame=  875 fps=0.0 q=-1.0 size=N/A time=00:00:00.00 bitrate=N/A speed=   0x    
[hls @ 0xe13bf2ec0280] Opening '/cache/transcodes/fe95c1bd2890f8a9250ab78eec32a568168.mp4' for writing
[hls @ 0xe13bf2ec0280] Opening '/cache/transcodes/fe95c1bd2890f8a9250ab78eec32a568169.mp4' for writing
[hls @ 0xe13bf2ec0280] Opening '/cache/transcodes/fe95c1bd2890f8a9250ab78eec32a568170.mp4' for writing
[hls @ 0xe13bf2ec0280] Opening '/cache/transcodes/fe95c1bd2890f8a9250ab78eec32a568171.mp4' for writing
[hls @ 0xe13bf2ec0280] Opening '/cache/transcodes/fe95c1bd2890f8a9250ab78eec32a568172.mp4' for writing
[hls @ 0xe13bf2ec0280] Opening '/cache/transcodes/fe95c1bd2890f8a9250ab78eec32a568173.mp4' for writing
frame= 1732 fps=1732 q=-1.0 size=N/A time=00:00:35.77 bitrate=N/A speed=35.8x    
[hls @ 0xe13bf2ec0280] Opening '/cache/transcodes/fe95c1bd2890f8a9250ab78eec32a568174.mp4' for writing
[hls @ 0xe13bf2ec0280] Opening '/cache/transcodes/fe95c1bd2890f8a9250ab78eec32a568175.mp4' for writing
[hls @ 0xe13bf2ec0280] Opening '/cache/transcodes/fe95c1bd2890f8a9250ab78eec32a568176.mp4' for writing
[hls @ 0xe13bf2ec0280] Opening '/cache/transcodes/fe95c1bd2890f8a9250ab78eec32a568177.mp4' for writing
[hls @ 0xe13bf2ec0280] Opening '/cache/transcodes/fe95c1bd2890f8a9250ab78eec32a568178.mp4' for writing
[hls @ 0xe13bf2ec0280] Opening '/cache/transcodes/fe95c1bd2890f8a9250ab78eec32a568179.mp4' for writing
[hls @ 0xe13bf2ec0280] Opening '/cache/transcodes/fe95c1bd2890f8a9250ab78eec32a568180.mp4' for writing
frame= 2672 fps=1781 q=-1.0 size=N/A time=00:01:15.00 bitrate=N/A speed=  50x    
[hls @ 0xe13bf2ec0280] Opening '/cache/transcodes/fe95c1bd2890f8a9250ab78eec32a568181.mp4' for writing
[hls @ 0xe13bf2ec0280] Opening '/cache/transcodes/fe95c1bd2890f8a9250ab78eec32a568182.mp4' for writing
[hls @ 0xe13bf2ec0280] Opening '/cache/transcodes/fe95c1bd2890f8a9250ab78eec32a568183.mp4' for writing
[hls @ 0xe13bf2ec0280] Opening '/cache/transcodes/fe95c1bd2890f8a9250ab78eec32a568184.mp4' for writing
[hls @ 0xe13bf2ec0280] Opening '/cache/transcodes/fe95c1bd2890f8a9250ab78eec32a568185.mp4' for writing
[hls @ 0xe13bf2ec0280] Opening '/cache/transcodes/fe95c1bd2890f8a9250ab78eec32a568186.mp4' for writing
frame= 3601 fps=1800 q=-1.0 size=N/A time=00:01:53.70 bitrate=N/A speed=56.8x    
[hls @ 0xe13bf2ec0280] Opening '/cache/transcodes/fe95c1bd2890f8a9250ab78eec32a568187.mp4' for writing
[hls @ 0xe13bf2ec0280] Opening '/cache/transcodes/fe95c1bd2890f8a9250ab78eec32a568188.mp4' for writing
[hls @ 0xe13bf2ec0280] Opening '/cache/transcodes/fe95c1bd2890f8a9250ab78eec32a568189.mp4' for writing
[hls @ 0xe13bf2ec0280] Opening '/cache/transcodes/fe95c1bd2890f8a9250ab78eec32a568190.mp4' for writing
[hls @ 0xe13bf2ec0280] Opening '/cache/transcodes/fe95c1bd2890f8a9250ab78eec32a568191.mp4' for writing
[hls @ 0xe13bf2ec0280] Opening '/cache/transcodes/fe95c1bd2890f8a9250ab78eec32a568192.mp4' for writing
frame= 4554 fps=1821 q=-1.0 size=N/A time=00:02:33.47 bitrate=N/A speed=61.4x    
[hls @ 0xe13bf2ec0280] Opening '/cache/transcodes/fe95c1bd2890f8a9250ab78eec32a568193.mp4' for writing
[hls @ 0xe13bf2ec0280] Opening '/cache/transcodes/fe95c1bd2890f8a9250ab78eec32a568194.mp4' for writing
[hls @ 0xe13bf2ec0280] Opening '/cache/transcodes/fe95c1bd2890f8a9250ab78eec32a568195.mp4' for writing
[hls @ 0xe13bf2ec0280] Opening '/cache/transcodes/fe95c1bd2890f8a9250ab78eec32a568196.mp4' for writing
[hls @ 0xe13bf2ec0280] Opening '/cache/transcodes/fe95c1bd2890f8a9250ab78eec32a568197.mp4' for writing
[hls @ 0xe13bf2ec0280] Opening '/cache/transcodes/fe95c1bd2890f8a9250ab78eec32a568198.mp4' for writing
[hls @ 0xe13bf2ec0280] Opening '/cache/transcodes/fe95c1bd2890f8a9250ab78eec32a568199.mp4' for writing
frame= 5400 fps=1800 q=-1.0 size=N/A time=00:03:08.75 bitrate=N/A speed=62.9x    
[hls @ 0xe13bf2ec0280] Opening '/cache/transcodes/fe95c1bd2890f8a9250ab78eec32a568200.mp4' for writing
[hls @ 0xe13bf2ec0280] Opening '/cache/transcodes/fe95c1bd2890f8a9250ab78eec32a568201.mp4' for writing
[hls @ 0xe13bf2ec0280] Opening '/cache/transcodes/fe95c1bd2890f8a9250ab78eec32a568202.mp4' for writing
[hls @ 0xe13bf2ec0280] Opening '/cache/transcodes/fe95c1bd2890f8a9250ab78eec32a568203.mp4' for writing
[hls @ 0xe13bf2ec0280] Opening '/cache/transcodes/fe95c1bd2890f8a9250ab78eec32a568204.mp4' for writing
[hls @ 0xe13bf2ec0280] Opening '/cache/transcodes/fe95c1bd2890f8a9250ab78eec32a568205.mp4' for writing
frame= 6298 fps=1799 q=-1.0 size=N/A time=00:03:46.24 bitrate=N/A speed=64.6x    
[hls @ 0xe13bf2ec0280] Opening '/cache/transcodes/fe95c1bd2890f8a9250ab78eec32a568206.mp4' for writing
[hls @ 0xe13bf2ec0280] Opening '/cache/transcodes/fe95c1bd2890f8a9250ab78eec32a568207.mp4' for writing
[hls @ 0xe13bf2ec0280] Opening '/cache/transcodes/fe95c1bd2890f8a9250ab78eec32a568208.mp4' for writing
[hls @ 0xe13bf2ec0280] Opening '/cache/transcodes/fe95c1bd2890f8a9250ab78eec32a568209.mp4' for writing
[hls @ 0xe13bf2ec0280] Opening '/cache/transcodes/fe95c1bd2890f8a9250ab78eec32a568210.mp4' for writing
[hls @ 0xe13bf2ec0280] Opening '/cache/transcodes/fe95c1bd2890f8a9250ab78eec32a568211.mp4' for writing
[hls @ 0xe13bf2ec0280] Opening '/cache/transcodes/fe95c1bd2890f8a9250ab78eec32a568212.mp4' for writing
frame= 7225 fps=1806 q=-1.0 size=N/A time=00:04:25.02 bitrate=N/A speed=66.2x    
[hls @ 0xe13bf2ec0280] Opening '/cache/transcodes/fe95c1bd2890f8a9250ab78eec32a568213.mp4' for writing
[hls @ 0xe13bf2ec0280] Opening '/cache/transcodes/fe95c1bd2890f8a9250ab78eec32a568214.mp4' for writing
[hls @ 0xe13bf2ec0280] Opening '/cache/transcodes/fe95c1bd2890f8a9250ab78eec32a568215.mp4' for writing
[hls @ 0xe13bf2ec0280] Opening '/cache/transcodes/fe95c1bd2890f8a9250ab78eec32a568216.mp4' for writing
[hls @ 0xe13bf2ec0280] Opening '/cache/transcodes/fe95c1bd2890f8a9250ab78eec32a568217.mp4' for writing
[hls @ 0xe13bf2ec0280] Opening '/cache/transcodes/fe95c1bd2890f8a9250ab78eec32a568218.mp4' for writing
frame= 8192 fps=1820 q=-1.0 size=N/A time=00:05:05.23 bitrate=N/A speed=67.8x    
[hls @ 0xe13bf2ec0280] Opening '/cache/transcodes/fe95c1bd2890f8a9250ab78eec32a568219.mp4' for writing
[hls @ 0xe13bf2ec0280] Opening '/cache/transcodes/fe95c1bd2890f8a9250ab78eec32a568220.mp4' for writing
[hls @ 0xe13bf2ec0280] Opening '/cache/transcodes/fe95c1bd2890f8a9250ab78eec32a568221.mp4' for writing
[hls @ 0xe13bf2ec0280] Opening '/cache/transcodes/fe95c1bd2890f8a9250ab78eec32a568222.mp4' for writing
[hls @ 0xe13bf2ec0280] Opening '/cache/transcodes/fe95c1bd2890f8a9250ab78eec32a568223.mp4' for writing
[hls @ 0xe13bf2ec0280] Opening '/cache/transcodes/fe95c1bd2890f8a9250ab78eec32a568224.mp4' for writing
frame= 9161 fps=1832 q=-1.0 size=N/A time=00:05:45.62 bitrate=N/A speed=69.1x    
[hls @ 0xe13bf2ec0280] Opening '/cache/transcodes/fe95c1bd2890f8a9250ab78eec32a568225.mp4' for writing
[hls @ 0xe13bf2ec0280] Opening '/cache/transcodes/fe95c1bd2890f8a9250ab78eec32a568226.mp4' for writing
[hls @ 0xe13bf2ec0280] Opening '/cache/transcodes/fe95c1bd2890f8a9250ab78eec32a568227.mp4' for writing
[hls @ 0xe13bf2ec0280] Opening '/cache/transcodes/fe95c1bd2890f8a9250ab78eec32a568228.mp4' for writing
frame=10157 fps=1846 q=-1.0 size=N/A time=00:06:27.13 bitrate=N/A speed=70.4x    
[hls @ 0xe13bf2ec0280] Opening '/cache/transcodes/fe95c1bd2890f8a9250ab78eec32a568229.mp4' for writing
[hls @ 0xe13bf2ec0280] Opening '/cache/transcodes/fe95c1bd2890f8a9250ab78eec32a568230.mp4' for writing
[hls @ 0xe13bf2ec0280] Opening '/cache/transcodes/fe95c1bd2890f8a9250ab78eec32a568231.mp4' for writing
[hls @ 0xe13bf2ec0280] Opening '/cache/transcodes/fe95c1bd2890f8a9250ab78eec32a568232.mp4' for writing
[hls @ 0xe13bf2ec0280] Opening '/cache/transcodes/fe95c1bd2890f8a9250ab78eec32a568233.mp4' for writing
[hls @ 0xe13bf2ec0280] Opening '/cache/transcodes/fe95c1bd2890f8a9250ab78eec32a568234.mp4' for writing
[hls @ 0xe13bf2ec0280] Opening '/cache/transcodes/fe95c1bd2890f8a9250ab78eec32a568235.mp4' for writing
[hls @ 0xe13bf2ec0280] Opening '/cache/transcodes/fe95c1bd2890f8a9250ab78eec32a568236.mp4' for writing
[hls @ 0xe13bf2ec0280] Opening '/cache/transcodes/fe95c1bd2890f8a9250ab78eec32a568237.mp4' for writing
frame=11083 fps=1847 q=-1.0 size=N/A time=00:07:05.79 bitrate=N/A speed=  71x    
[hls @ 0xe13bf2ec0280] Opening '/cache/transcodes/fe95c1bd2890f8a9250ab78eec32a568238.mp4' for writing
[hls @ 0xe13bf2ec0280] Opening '/cache/transcodes/fe95c1bd2890f8a9250ab78eec32a568239.mp4' for writing
[hls @ 0xe13bf2ec0280] Opening '/cache/transcodes/fe95c1bd2890f8a9250ab78eec32a568240.mp4' for writing
[hls @ 0xe13bf2ec0280] Opening '/cache/transcodes/fe95c1bd2890f8a9250ab78eec32a568241.mp4' for writing
[hls @ 0xe13bf2ec0280] Opening '/cache/transcodes/fe95c1bd2890f8a9250ab78eec32a568242.mp4' for writing
[hls @ 0xe13bf2ec0280] Opening '/cache/transcodes/fe95c1bd2890f8a9250ab78eec32a568243.mp4' for writing
frame=12016 fps=1848 q=-1.0 size=N/A time=00:07:44.68 bitrate=N/A speed=71.5x    
[hls @ 0xe13bf2ec0280] Opening '/cache/transcodes/fe95c1bd2890f8a9250ab78eec32a568244.mp4' for writing
[hls @ 0xe13bf2ec0280] Opening '/cache/transcodes/fe95c1bd2890f8a9250ab78eec32a568245.mp4' for writing
[hls @ 0xe13bf2ec0280] Opening '/cache/transcodes/fe95c1bd2890f8a9250ab78eec32a568246.mp4' for writing
[hls @ 0xe13bf2ec0280] Opening '/cache/transcodes/fe95c1bd2890f8a9250ab78eec32a568247.mp4' for writing
[hls @ 0xe13bf2ec0280] Opening '/cache/transcodes/fe95c1bd2890f8a9250ab78eec32a568248.mp4' for writing
[hls @ 0xe13bf2ec0280] Opening '/cache/transcodes/fe95c1bd2890f8a9250ab78eec32a568249.mp4' for writing
frame=12925 fps=1846 q=-1.0 size=N/A time=00:08:22.61 bitrate=N/A speed=71.8x    
[hls @ 0xe13bf2ec0280] Opening '/cache/transcodes/fe95c1bd2890f8a9250ab78eec32a568250.mp4' for writing
[hls @ 0xe13bf2ec0280] Opening '/cache/transcodes/fe95c1bd2890f8a9250ab78eec32a568251.mp4' for writing
[hls @ 0xe13bf2ec0280] Opening '/cache/transcodes/fe95c1bd2890f8a9250ab78eec32a568252.mp4' for writing
[hls @ 0xe13bf2ec0280] Opening '/cache/transcodes/fe95c1bd2890f8a9250ab78eec32a568253.mp4' for writing
[hls @ 0xe13bf2ec0280] Opening '/cache/transcodes/fe95c1bd2890f8a9250ab78eec32a568254.mp4' for writing
[hls @ 0xe13bf2ec0280] Opening '/cache/transcodes/fe95c1bd2890f8a9250ab78eec32a568255.mp4' for writing
[hls @ 0xe13bf2ec0280] Opening '/cache/transcodes/fe95c1bd2890f8a9250ab78eec32a568256.mp4' for writing
[hls @ 0xe13bf2ec0280] Opening '/cache/transcodes/fe95c1bd2890f8a9250ab78eec32a568257.mp4' for writing
frame=13881 fps=1850 q=-1.0 size=N/A time=00:09:02.48 bitrate=N/A speed=72.3x    
[hls @ 0xe13bf2ec0280] Opening '/cache/transcodes/fe95c1bd2890f8a9250ab78eec32a568258.mp4' for writing
[hls @ 0xe13bf2ec0280] Opening '/cache/transcodes/fe95c1bd2890f8a9250ab78eec32a568259.mp4' for writing
[hls @ 0xe13bf2ec0280] Opening '/cache/transcodes/fe95c1bd2890f8a9250ab78eec32a568260.mp4' for writing
[hls @ 0xe13bf2ec0280] Opening '/cache/transcodes/fe95c1bd2890f8a9250ab78eec32a568261.mp4' for writing
[hls @ 0xe13bf2ec0280] Opening '/cache/transcodes/fe95c1bd2890f8a9250ab78eec32a568262.mp4' for writing
[hls @ 0xe13bf2ec0280] Opening '/cache/transcodes/fe95c1bd2890f8a9250ab78eec32a568263.mp4' for writing
frame=14811 fps=1851 q=-1.0 size=N/A time=00:09:41.29 bitrate=N/A speed=72.6x    
[hls @ 0xe13bf2ec0280] Opening '/cache/transcodes/fe95c1bd2890f8a9250ab78eec32a568264.mp4' for writing
[hls @ 0xe13bf2ec0280] Opening '/cache/transcodes/fe95c1bd2890f8a9250ab78eec32a568265.mp4' for writing
[hls @ 0xe13bf2ec0280] Opening '/cache/transcodes/fe95c1bd2890f8a9250ab78eec32a568266.mp4' for writing
[hls @ 0xe13bf2ec0280] Opening '/cache/transcodes/fe95c1bd2890f8a9250ab78eec32a568267.mp4' for writing
[hls @ 0xe13bf2ec0280] Opening '/cache/transcodes/fe95c1bd2890f8a9250ab78eec32a568268.mp4' for writing
[hls @ 0xe13bf2ec0280] Opening '/cache/transcodes/fe95c1bd2890f8a9250ab78eec32a568269.mp4' for writing
frame=15744 fps=1852 q=-1.0 size=N/A time=00:10:20.20 bitrate=N/A speed=72.9x    
[hls @ 0xe13bf2ec0280] Opening '/cache/transcodes/fe95c1bd2890f8a9250ab78eec32a568270.mp4' for writing
[hls @ 0xe13bf2ec0280] Opening '/cache/transcodes/fe95c1bd2890f8a9250ab78eec32a568271.mp4' for writing
[hls @ 0xe13bf2ec0280] Opening '/cache/transcodes/fe95c1bd2890f8a9250ab78eec32a568272.mp4' for writing
[hls @ 0xe13bf2ec0280] Opening '/cache/transcodes/fe95c1bd2890f8a9250ab78eec32a568273.mp4' for writing
[hls @ 0xe13bf2ec0280] Opening '/cache/transcodes/fe95c1bd2890f8a9250ab78eec32a568274.mp4' for writing
[hls @ 0xe13bf2ec0280] Opening '/cache/transcodes/fe95c1bd2890f8a9250ab78eec32a568275.mp4' for writing
[hls @ 0xe13bf2ec0280] Opening '/cache/transcodes/fe95c1bd2890f8a9250ab78eec32a568276.mp4' for writing
[hls @ 0xe13bf2ec0280] Opening '/cache/transcodes/fe95c1bd2890f8a9250ab78eec32a568277.mp4' for writing
frame=16747 fps=1860 q=-1.0 size=N/A time=00:11:02.01 bitrate=N/A speed=73.5x    
[hls @ 0xe13bf2ec0280] Opening '/cache/transcodes/fe95c1bd2890f8a9250ab78eec32a568278.mp4' for writing
[hls @ 0xe13bf2ec0280] Opening '/cache/transcodes/fe95c1bd2890f8a9250ab78eec32a568279.mp4' for writing
[hls @ 0xe13bf2ec0280] Opening '/cache/transcodes/fe95c1bd2890f8a9250ab78eec32a568280.mp4' for writing
[hls @ 0xe13bf2ec0280] Opening '/cache/transcodes/fe95c1bd2890f8a9250ab78eec32a568281.mp4' for writing
[hls @ 0xe13bf2ec0280] Opening '/cache/transcodes/fe95c1bd2890f8a9250ab78eec32a568282.mp4' for writing
[hls @ 0xe13bf2ec0280] Opening '/cache/transcodes/fe95c1bd2890f8a9250ab78eec32a568283.mp4' for writing
[hls @ 0xe13bf2ec0280] Opening '/cache/transcodes/fe95c1bd2890f8a9250ab78eec32a568284.mp4' for writing
frame=17777 fps=1871 q=-1.0 size=N/A time=00:11:45.02 bitrate=N/A speed=74.2x    
[hls @ 0xe13bf2ec0280] Opening '/cache/transcodes/fe95c1bd2890f8a9250ab78eec32a568285.mp4' for writing
[hls @ 0xe13bf2ec0280] Opening '/cache/transcodes/fe95c1bd2890f8a9250ab78eec32a568286.mp4' for writing
[hls @ 0xe13bf2ec0280] Opening '/cache/transcodes/fe95c1bd2890f8a9250ab78eec32a568287.mp4' for writing
[hls @ 0xe13bf2ec0280] Opening '/cache/transcodes/fe95c1bd2890f8a9250ab78eec32a568288.mp4' for writing
[hls @ 0xe13bf2ec0280] Opening '/cache/transcodes/fe95c1bd2890f8a9250ab78eec32a568289.mp4' for writing
[hls @ 0xe13bf2ec0280] Opening '/cache/transcodes/fe95c1bd2890f8a9250ab78eec32a568290.mp4' for writing
[hls @ 0xe13bf2ec0280] Opening '/cache/transcodes/fe95c1bd2890f8a9250ab78eec32a568291.mp4' for writing
frame=18766 fps=1876 q=-1.0 size=N/A time=00:12:26.21 bitrate=N/A speed=74.6x    
[hls @ 0xe13bf2ec0280] Opening '/cache/transcodes/fe95c1bd2890f8a9250ab78eec32a568292.mp4' for writing
[hls @ 0xe13bf2ec0280] Opening '/cache/transcodes/fe95c1bd2890f8a9250ab78eec32a568293.mp4' for writing
[hls @ 0xe13bf2ec0280] Opening '/cache/transcodes/fe95c1bd2890f8a9250ab78eec32a568294.mp4' for writing
[hls @ 0xe13bf2ec0280] Opening '/cache/transcodes/fe95c1bd2890f8a9250ab78eec32a568295.mp4' for writing
[hls @ 0xe13bf2ec0280] Opening '/cache/transcodes/fe95c1bd2890f8a9250ab78eec32a568296.mp4' for writing
[hls @ 0xe13bf2ec0280] Opening '/cache/transcodes/fe95c1bd2890f8a9250ab78eec32a568297.mp4' for writing
frame=19716 fps=1877 q=-1.0 size=N/A time=00:13:05.85 bitrate=N/A speed=74.8x    
[hls @ 0xe13bf2ec0280] Opening '/cache/transcodes/fe95c1bd2890f8a9250ab78eec32a568298.mp4' for writing
[hls @ 0xe13bf2ec0280] Opening '/cache/transcodes/fe95c1bd2890f8a9250ab78eec32a568299.mp4' for writing
[hls @ 0xe13bf2ec0280] Opening '/cache/transcodes/fe95c1bd2890f8a9250ab78eec32a568300.mp4' for writing
[hls @ 0xe13bf2ec0280] Opening '/cache/transcodes/fe95c1bd2890f8a9250ab78eec32a568301.mp4' for writing
frame=20645 fps=1876 q=-1.0 size=N/A time=00:13:44.59 bitrate=N/A speed=74.9x    
[hls @ 0xe13bf2ec0280] Opening '/cache/transcodes/fe95c1bd2890f8a9250ab78eec32a568302.mp4' for writing
[hls @ 0xe13bf2ec0280] Opening '/cache/transcodes/fe95c1bd2890f8a9250ab78eec32a568303.mp4' for writing
[hls @ 0xe13bf2ec0280] Opening '/cache/transcodes/fe95c1bd2890f8a9250ab78eec32a568304.mp4' for writing
[hls @ 0xe13bf2ec0280] Opening '/cache/transcodes/fe95c1bd2890f8a9250ab78eec32a568305.mp4' for writing
frame=21628 fps=1880 q=-1.0 size=N/A time=00:14:25.62 bitrate=N/A speed=75.2x    
[hls @ 0xe13bf2ec0280] Opening '/cache/transcodes/fe95c1bd2890f8a9250ab78eec32a568306.mp4' for writing
[hls @ 0xe13bf2ec0280] Opening '/cache/transcodes/fe95c1bd2890f8a9250ab78eec32a568307.mp4' for writing
[hls @ 0xe13bf2ec0280] Opening '/cache/transcodes/fe95c1bd2890f8a9250ab78eec32a568308.mp4' for writing
[hls @ 0xe13bf2ec0280] Opening '/cache/transcodes/fe95c1bd2890f8a9250ab78eec32a568309.mp4' for writing
[hls @ 0xe13bf2ec0280] Opening '/cache/transcodes/fe95c1bd2890f8a9250ab78eec32a568310.mp4' for writing
frame=22600 fps=1883 q=-1.0 size=N/A time=00:15:06.13 bitrate=N/A speed=75.5x    
[hls @ 0xe13bf2ec0280] Opening '/cache/transcodes/fe95c1bd2890f8a9250ab78eec32a568311.mp4' for writing
[hls @ 0xe13bf2ec0280] Opening '/cache/transcodes/fe95c1bd2890f8a9250ab78eec32a568312.mp4' for writing
[hls @ 0xe13bf2ec0280] Opening '/cache/transcodes/fe95c1bd2890f8a9250ab78eec32a568313.mp4' for writing
[hls @ 0xe13bf2ec0280] Opening '/cache/transcodes/fe95c1bd2890f8a9250ab78eec32a568314.mp4' for writing
[hls @ 0xe13bf2ec0280] Opening '/cache/transcodes/fe95c1bd2890f8a9250ab78eec32a568315.mp4' for writing
frame=23582 fps=1886 q=-1.0 size=N/A time=00:15:47.09 bitrate=N/A speed=75.7x    
[hls @ 0xe13bf2ec0280] Opening '/cache/transcodes/fe95c1bd2890f8a9250ab78eec32a568316.mp4' for writing
[hls @ 0xe13bf2ec0280] Opening '/cache/transcodes/fe95c1bd2890f8a9250ab78eec32a568317.mp4' for writing
[hls @ 0xe13bf2ec0280] Opening '/cache/transcodes/fe95c1bd2890f8a9250ab78eec32a568318.mp4' for writing
[hls @ 0xe13bf2ec0280] Opening '/cache/transcodes/fe95c1bd2890f8a9250ab78eec32a568319.mp4' for writing
[hls @ 0xe13bf2ec0280] Opening '/cache/transcodes/fe95c1bd2890f8a9250ab78eec32a568320.mp4' for writing
[hls @ 0xe13bf2ec0280] Opening '/cache/transcodes/fe95c1bd2890f8a9250ab78eec32a568321.mp4' for writing
[hls @ 0xe13bf2ec0280] Opening '/cache/transcodes/fe95c1bd2890f8a9250ab78eec32a568322.mp4' for writing
[hls @ 0xe13bf2ec0280] Opening '/cache/transcodes/fe95c1bd2890f8a9250ab78eec32a568323.mp4' for writing
frame=24590 fps=1891 q=-1.0 size=N/A time=00:16:29.14 bitrate=N/A speed=76.1x    
[hls @ 0xe13bf2ec0280] Opening '/cache/transcodes/fe95c1bd2890f8a9250ab78eec32a568324.mp4' for writing
[hls @ 0xe13bf2ec0280] Opening '/cache/transcodes/fe95c1bd2890f8a9250ab78eec32a568325.mp4' for writing
[hls @ 0xe13bf2ec0280] Opening '/cache/transcodes/fe95c1bd2890f8a9250ab78eec32a568326.mp4' for writing
[hls @ 0xe13bf2ec0280] Opening '/cache/transcodes/fe95c1bd2890f8a9250ab78eec32a568327.mp4' for writing
[hls @ 0xe13bf2ec0280] Opening '/cache/transcodes/fe95c1bd2890f8a9250ab78eec32a568328.mp4' for writing
[hls @ 0xe13bf2ec0280] Opening '/cache/transcodes/fe95c1bd2890f8a9250ab78eec32a568329.mp4' for writing
[hls @ 0xe13bf2ec0280] Opening '/cache/transcodes/fe95c1bd2890f8a9250ab78eec32a568330.mp4' for writing
[hls @ 0xe13bf2ec0280] Opening '/cache/transcodes/fe95c1bd2890f8a9250ab78eec32a568331.mp4' for writing
[hls @ 0xe13bf2ec0280] Opening '/cache/transcodes/fe95c1bd2890f8a9250ab78eec32a568332.mp4' for writing
[hls @ 0xe13bf2ec0280] Opening '/cache/transcodes/fe95c1bd2890f8a9250ab78eec32a568333.mp4' for writing
frame=25566 fps=1893 q=-1.0 size=N/A time=00:17:09.82 bitrate=N/A speed=76.3x    
[hls @ 0xe13bf2ec0280] Opening '/cache/transcodes/fe95c1bd2890f8a9250ab78eec32a568334.mp4' for writing
[hls @ 0xe13bf2ec0280] Opening '/cache/transcodes/fe95c1bd2890f8a9250ab78eec32a568335.mp4' for writing
[hls @ 0xe13bf2ec0280] Opening '/cache/transcodes/fe95c1bd2890f8a9250ab78eec32a568336.mp4' for writing
[hls @ 0xe13bf2ec0280] Opening '/cache/transcodes/fe95c1bd2890f8a9250ab78eec32a568337.mp4' for writing
[hls @ 0xe13bf2ec0280] Opening '/cache/transcodes/fe95c1bd2890f8a9250ab78eec32a568338.mp4' for writing
[hls @ 0xe13bf2ec0280] Opening '/cache/transcodes/fe95c1bd2890f8a9250ab78eec32a568339.mp4' for writing
[hls @ 0xe13bf2ec0280] Opening '/cache/transcodes/fe95c1bd2890f8a9250ab78eec32a568340.mp4' for writing
[hls @ 0xe13bf2ec0280] Opening '/cache/transcodes/fe95c1bd2890f8a9250ab78eec32a568341.mp4' for writing
frame=26510 fps=1893 q=-1.0 size=N/A time=00:17:49.22 bitrate=N/A speed=76.4x    
[hls @ 0xe13bf2ec0280] Opening '/cache/transcodes/fe95c1bd2890f8a9250ab78eec32a568342.mp4' for writing
[hls @ 0xe13bf2ec0280] Opening '/cache/transcodes/fe95c1bd2890f8a9250ab78eec32a568343.mp4' for writing
[hls @ 0xe13bf2ec0280] Opening '/cache/transcodes/fe95c1bd2890f8a9250ab78eec32a568344.mp4' for writing
[hls @ 0xe13bf2ec0280] Opening '/cache/transcodes/fe95c1bd2890f8a9250ab78eec32a568345.mp4' for writing
[hls @ 0xe13bf2ec0280] Opening '/cache/transcodes/fe95c1bd2890f8a9250ab78eec32a568346.mp4' for writing
[hls @ 0xe13bf2ec0280] Opening '/cache/transcodes/fe95c1bd2890f8a9250ab78eec32a568347.mp4' for writing
[hls @ 0xe13bf2ec0280] Opening '/cache/transcodes/fe95c1bd2890f8a9250ab78eec32a568348.mp4' for writing
[hls @ 0xe13bf2ec0280] Opening '/cache/transcodes/fe95c1bd2890f8a9250ab78eec32a568349.mp4' for writing
[hls @ 0xe13bf2ec0280] Opening '/cache/transcodes/fe95c1bd2890f8a9250ab78eec32a568350.mp4' for writing
frame=27544 fps=1899 q=-1.0 size=N/A time=00:18:32.36 bitrate=N/A speed=76.7x    
[hls @ 0xe13bf2ec0280] Opening '/cache/transcodes/fe95c1bd2890f8a9250ab78eec32a568351.mp4' for writing
[hls @ 0xe13bf2ec0280] Opening '/cache/transcodes/fe95c1bd2890f8a9250ab78eec32a568352.mp4' for writing
[hls @ 0xe13bf2ec0280] Opening '/cache/transcodes/fe95c1bd2890f8a9250ab78eec32a568353.mp4' for writing
[hls @ 0xe13bf2ec0280] Opening '/cache/transcodes/fe95c1bd2890f8a9250ab78eec32a568354.mp4' for writing
[hls @ 0xe13bf2ec0280] Opening '/cache/transcodes/fe95c1bd2890f8a9250ab78eec32a568355.mp4' for writing
[hls @ 0xe13bf2ec0280] Opening '/cache/transcodes/fe95c1bd2890f8a9250ab78eec32a568356.mp4' for writing
[hls @ 0xe13bf2ec0280] Opening '/cache/transcodes/fe95c1bd2890f8a9250ab78eec32a568357.mp4' for writing
[hls @ 0xe13bf2ec0280] Opening '/cache/transcodes/fe95c1bd2890f8a9250ab78eec32a568358.mp4' for writing
frame=28433 fps=1895 q=-1.0 size=N/A time=00:19:09.41 bitrate=N/A speed=76.6x    
[hls @ 0xe13bf2ec0280] Opening '/cache/transcodes/fe95c1bd2890f8a9250ab78eec32a568359.mp4' for writing
[hls @ 0xe13bf2ec0280] Opening '/cache/transcodes/fe95c1bd2890f8a9250ab78eec32a568360.mp4' for writing
[hls @ 0xe13bf2ec0280] Opening '/cache/transcodes/fe95c1bd2890f8a9250ab78eec32a568361.mp4' for writing
[hls @ 0xe13bf2ec0280] Opening '/cache/transcodes/fe95c1bd2890f8a9250ab78eec32a568362.mp4' for writing
[hls @ 0xe13bf2ec0280] Opening '/cache/transcodes/fe95c1bd2890f8a9250ab78eec32a568363.mp4' for writing
[hls @ 0xe13bf2ec0280] Opening '/cache/transcodes/fe95c1bd2890f8a9250ab78eec32a568364.mp4' for writing
[hls @ 0xe13bf2ec0280] Opening '/cache/transcodes/fe95c1bd2890f8a9250ab78eec32a568365.mp4' for writing
frame=29400 fps=1896 q=-1.0 size=N/A time=00:19:49.71 bitrate=N/A speed=76.7x    
[hls @ 0xe13bf2ec0280] Opening '/cache/transcodes/fe95c1bd2890f8a9250ab78eec32a568366.mp4' for writing
[hls @ 0xe13bf2ec0280] Opening '/cache/transcodes/fe95c1bd2890f8a9250ab78eec32a568367.mp4' for writing
[hls @ 0xe13bf2ec0280] Opening '/cache/transcodes/fe95c1bd2890f8a9250ab78eec32a568368.mp4' for writing
[hls @ 0xe13bf2ec0280] Opening '/cache/transcodes/fe95c1bd2890f8a9250ab78eec32a568369.mp4' for writing
[hls @ 0xe13bf2ec0280] Opening '/cache/transcodes/fe95c1bd2890f8a9250ab78eec32a568370.mp4' for writing
frame=30415 fps=1900 q=-1.0 size=N/A time=00:20:32.08 bitrate=N/A speed=  77x    
[hls @ 0xe13bf2ec0280] Opening '/cache/transcodes/fe95c1bd2890f8a9250ab78eec32a568371.mp4' for writing
[hls @ 0xe13bf2ec0280] Opening '/cache/transcodes/fe95c1bd2890f8a9250ab78eec32a568372.mp4' for writing
[hls @ 0xe13bf2ec0280] Opening '/cache/transcodes/fe95c1bd2890f8a9250ab78eec32a568373.mp4' for writing
[hls @ 0xe13bf2ec0280] Opening '/cache/transcodes/fe95c1bd2890f8a9250ab78eec32a568374.mp4' for writing
[hls @ 0xe13bf2ec0280] Opening '/cache/transcodes/fe95c1bd2890f8a9250ab78eec32a568375.mp4' for writing
[hls @ 0xe13bf2ec0280] Opening '/cache/transcodes/fe95c1bd2890f8a9250ab78eec32a568376.mp4' for writing
[hls @ 0xe13bf2ec0280] Opening '/cache/transcodes/fe95c1bd2890f8a9250ab78eec32a568377.mp4' for writing
[hls @ 0xe13bf2ec0280] Opening '/cache/transcodes/fe95c1bd2890f8a9250ab78eec32a568378.mp4' for writing
[hls @ 0xe13bf2ec0280] Opening '/cache/transcodes/fe95c1bd2890f8a9250ab78eec32a568379.mp4' for writing
[hls @ 0xe13bf2ec0280] Opening '/cache/transcodes/fe95c1bd2890f8a9250ab78eec32a568380.mp4' for writing
frame=31502 fps=1909 q=-1.0 size=N/A time=00:21:17.44 bitrate=N/A speed=77.4x    
[hls @ 0xe13bf2ec0280] Opening '/cache/transcodes/fe95c1bd2890f8a9250ab78eec32a568381.mp4' for writing
[hls @ 0xe13bf2ec0280] Opening '/cache/transcodes/fe95c1bd2890f8a9250ab78eec32a568382.mp4' for writing
[hls @ 0xe13bf2ec0280] Opening '/cache/transcodes/fe95c1bd2890f8a9250ab78eec32a568383.mp4' for writing
[hls @ 0xe13bf2ec0280] Opening '/cache/transcodes/fe95c1bd2890f8a9250ab78eec32a568384.mp4' for writing
[hls @ 0xe13bf2ec0280] Opening '/cache/transcodes/fe95c1bd2890f8a9250ab78eec32a568385.mp4' for writing
[hls @ 0xe13bf2ec0280] Opening '/cache/transcodes/fe95c1bd2890f8a9250ab78eec32a568386.mp4' for writing
[hls @ 0xe13bf2ec0280] Opening '/cache/transcodes/fe95c1bd2890f8a9250ab78eec32a568387.mp4' for writing
[hls @ 0xe13bf2ec0280] Opening '/cache/transcodes/fe95c1bd2890f8a9250ab78eec32a568388.mp4' for writing
frame=32610 fps=1918 q=-1.0 size=N/A time=00:22:03.62 bitrate=N/A speed=77.8x    
[hls @ 0xe13bf2ec0280] Opening '/cache/transcodes/fe95c1bd2890f8a9250ab78eec32a568389.mp4' for writing
[hls @ 0xe13bf2ec0280] Opening '/cache/transcodes/fe95c1bd2890f8a9250ab78eec32a568390.mp4' for writing
[hls @ 0xe13bf2ec0280] Opening '/cache/transcodes/fe95c1bd2890f8a9250ab78eec32a568391.mp4' for writing
[hls @ 0xe13bf2ec0280] Opening '/cache/transcodes/fe95c1bd2890f8a9250ab78eec32a568392.mp4' for writing
[hls @ 0xe13bf2ec0280] Opening '/cache/transcodes/fe95c1bd2890f8a9250ab78eec32a568393.mp4' for writing
[hls @ 0xe13bf2ec0280] Opening '/cache/transcodes/fe95c1bd2890f8a9250ab78eec32a568394.mp4' for writing
frame=33651 fps=1922 q=-1.0 size=N/A time=00:22:47.06 bitrate=N/A speed=78.1x    
[hls @ 0xe13bf2ec0280] Opening '/cache/transcodes/fe95c1bd2890f8a9250ab78eec32a568395.mp4' for writing
[hls @ 0xe13bf2ec0280] Opening '/cache/transcodes/fe95c1bd2890f8a9250ab78eec32a568396.mp4' for writing
[hls @ 0xe13bf2ec0280] Opening '/cache/transcodes/fe95c1bd2890f8a9250ab78eec32a568397.mp4' for writing
[hls @ 0xe13bf2ec0280] Opening '/cache/transcodes/fe95c1bd2890f8a9250ab78eec32a568398.mp4' for writing
[hls @ 0xe13bf2ec0280] Opening '/cache/transcodes/fe95c1bd2890f8a9250ab78eec32a568399.mp4' for writing
[hls @ 0xe13bf2ec0280] Opening '/cache/transcodes/fe95c1bd2890f8a9250ab78eec32a568400.mp4' for writing
[hls @ 0xe13bf2ec0280] Opening '/cache/transcodes/fe95c1bd2890f8a9250ab78eec32a568401.mp4' for writing
[hls @ 0xe13bf2ec0280] Opening '/cache/transcodes/fe95c1bd2890f8a9250ab78eec32a568402.mp4' for writing
frame=34557 fps=1919 q=-1.0 size=N/A time=00:23:24.82 bitrate=N/A speed=  78x    
[hls @ 0xe13bf2ec0280] Opening '/cache/transcodes/fe95c1bd2890f8a9250ab78eec32a568403.mp4' for writing
[hls @ 0xe13bf2ec0280] Opening '/cache/transcodes/fe95c1bd2890f8a9250ab78eec32a568404.mp4' for writing
[hls @ 0xe13bf2ec0280] Opening '/cache/transcodes/fe95c1bd2890f8a9250ab78eec32a568405.mp4' for writing
[hls @ 0xe13bf2ec0280] Opening '/cache/transcodes/fe95c1bd2890f8a9250ab78eec32a568406.mp4' for writing
frame=35524 fps=1920 q=-1.0 size=N/A time=00:24:05.16 bitrate=N/A speed=78.1x    
[hls @ 0xe13bf2ec0280] Opening '/cache/transcodes/fe95c1bd2890f8a9250ab78eec32a568407.mp4' for writing
[hls @ 0xe13bf2ec0280] Opening '/cache/transcodes/fe95c1bd2890f8a9250ab78eec32a568408.mp4' for writing
[hls @ 0xe13bf2ec0280] Opening '/cache/transcodes/fe95c1bd2890f8a9250ab78eec32a568409.mp4' for writing
[hls @ 0xe13bf2ec0280] Opening '/cache/transcodes/fe95c1bd2890f8a9250ab78eec32a568410.mp4' for writing
frame=36499 fps=1920 q=-1.0 size=N/A time=00:24:45.84 bitrate=N/A speed=78.2x    
[hls @ 0xe13bf2ec0280] Opening '/cache/transcodes/fe95c1bd2890f8a9250ab78eec32a568411.mp4' for writing
[hls @ 0xe13bf2ec0280] Opening '/cache/transcodes/fe95c1bd2890f8a9250ab78eec32a568412.mp4' for writing
[hls @ 0xe13bf2ec0280] Opening '/cache/transcodes/fe95c1bd2890f8a9250ab78eec32a568413.mp4' for writing
[hls @ 0xe13bf2ec0280] Opening '/cache/transcodes/fe95c1bd2890f8a9250ab78eec32a568414.mp4' for writing
[hls @ 0xe13bf2ec0280] Opening '/cache/transcodes/fe95c1bd2890f8a9250ab78eec32a568415.mp4' for writing
[hls @ 0xe13bf2ec0280] Opening '/cache/transcodes/fe95c1bd2890f8a9250ab78eec32a568416.mp4' for writing
[hls @ 0xe13bf2ec0280] Opening '/cache/transcodes/fe95c1bd2890f8a9250ab78eec32a568417.mp4' for writing
[hls @ 0xe13bf2ec0280] Opening '/cache/transcodes/fe95c1bd2890f8a9250ab78eec32a568418.mp4' for writing
frame=37499 fps=1923 q=-1.0 size=N/A time=00:25:27.57 bitrate=N/A speed=78.3x    
[hls @ 0xe13bf2ec0280] Opening '/cache/transcodes/fe95c1bd2890f8a9250ab78eec32a568419.mp4' for writing
[hls @ 0xe13bf2ec0280] Opening '/cache/transcodes/fe95c1bd2890f8a9250ab78eec32a568420.mp4' for writing
[hls @ 0xe13bf2ec0280] Opening '/cache/transcodes/fe95c1bd2890f8a9250ab78eec32a568421.mp4' for writing
[hls @ 0xe13bf2ec0280] Opening '/cache/transcodes/fe95c1bd2890f8a9250ab78eec32a568422.mp4' for writing
[hls @ 0xe13bf2ec0280] Opening '/cache/transcodes/fe95c1bd2890f8a9250ab78eec32a568423.mp4' for writing
frame=38764 fps=1938 q=-1.0 size=N/A time=00:26:20.35 bitrate=N/A speed=  79x    
[hls @ 0xe13bf2ec0280] Opening '/cache/transcodes/fe95c1bd2890f8a9250ab78eec32a568424.mp4' for writing
[hls @ 0xe13bf2ec0280] Opening '/cache/transcodes/fe95c1bd2890f8a9250ab78eec32a568425.mp4' for writing
[hls @ 0xe13bf2ec0280] Opening '/cache/transcodes/fe95c1bd2890f8a9250ab78eec32a568426.mp4' for writing
[hls @ 0xe13bf2ec0280] Opening '/cache/transcodes/fe95c1bd2890f8a9250ab78eec32a568427.mp4' for writing
[hls @ 0xe13bf2ec0280] Opening '/cache/transcodes/fe95c1bd2890f8a9250ab78eec32a568428.mp4' for writing
frame=40006 fps=1951 q=-1.0 size=N/A time=00:27:12.10 bitrate=N/A speed=79.6x    
[hls @ 0xe13bf2ec0280] Opening '/cache/transcodes/fe95c1bd2890f8a9250ab78eec32a568429.mp4' for writing
[hls @ 0xe13bf2ec0280] Opening '/cache/transcodes/fe95c1bd2890f8a9250ab78eec32a568430.mp4' for writing
[hls @ 0xe13bf2ec0280] Opening '/cache/transcodes/fe95c1bd2890f8a9250ab78eec32a568431.mp4' for writing
[hls @ 0xe13bf2ec0280] Opening '/cache/transcodes/fe95c1bd2890f8a9250ab78eec32a568432.mp4' for writing
[out#0/hls @ 0xe13bf339d640] video:254657KiB audio:53131KiB subtitle:0KiB other streams:0KiB global headers:2KiB muxing overhead: unknown
frame=40761 fps=1957 q=-1.0 Lsize=N/A time=00:27:44.05 bitrate=N/A speed=79.9x    