2026-08-15 07:03:10 Jellyfin organizer started
2026-08-15 07:04:22 Jellyfin organizer started
2026-08-15 07:04:42 Processing GID TEST-GID
2026-08-15 07:04:42 GID TEST-GID ERROR: HTTP Error 400: Bad Request
2026-08-15 07:06:21 Jellyfin organizer started
2026-08-15 07:16:51 Jellyfin organizer started
2026-08-15 07:27:06 Processing GID 39a1d07ad8154035
2026-08-15 07:27:06 GID 39a1d07ad8154035: source does not exist: /downloads/incomplete/Reacher.S04E01.1080p.x265-ELiTE/Reacher.S04E01.1080p.x265-ELiTE.mkv
2026-08-15 07:34:16 Processing GID 39a1d07ad8154035
2026-08-15 07:34:16 GID 39a1d07ad8154035: source does not exist: /downloads/incomplete/Reacher.S04E01.1080p.x265-ELiTE/Reacher.S04E01.1080p.x265-ELiTE.mkv
2026-08-15 07:35:27 Jellyfin organizer started
2026-08-15 07:35:27 Processing GID 39a1d07ad8154035
2026-08-15 07:35:27 GID 39a1d07ad8154035: aria2 path=/downloads/incomplete/Reacher.S04E01.1080p.x265-ELiTE/Reacher.S04E01.1080p.x265-ELiTE.mkv host path=/mnt/media/downloads/incomplete/Reacher.S04E01.1080p.x265-ELiTE/Reacher.S04E01.1080p.x265-ELiTE.mkv
2026-08-15 07:35:27 GID 39a1d07ad8154035: moving TV: /mnt/media/downloads/incomplete/Reacher.S04E01.1080p.x265-ELiTE/Reacher.S04E01.1080p.x265-ELiTE.mkv -> /mnt/media/tv/Reacher/Season 04/Reacher.S04E01.1080p.x265-ELiTE.mkv
2026-08-15 07:35:27 GID 39a1d07ad8154035: moved successfully: /mnt/media/tv/Reacher/Season 04/Reacher.S04E01.1080p.x265-ELiTE.mkv
2026-08-15 07:35:27 GID 39a1d07ad8154035: aria2 path=/downloads/incomplete/Reacher.S04E01.1080p.x265-ELiTE/Reacher.S04E01.1080p.x265-ELiTE.nfo host path=/mnt/media/downloads/incomplete/Reacher.S04E01.1080p.x265-ELiTE/Reacher.S04E01.1080p.x265-ELiTE.nfo
2026-08-15 07:35:27 GID 39a1d07ad8154035: skipping non-video file: Reacher.S04E01.1080p.x265-ELiTE.nfo
2026-08-15 07:35:27 GID 39a1d07ad8154035: aria2 path=/downloads/incomplete/Reacher.S04E01.1080p.x265-ELiTE/Screens/Reacher.S04E01.1080p.x265-ELiTE.Screen0001.png host path=/mnt/media/downloads/incomplete/Reacher.S04E01.1080p.x265-ELiTE/Screens/Reacher.S04E01.1080p.x265-ELiTE.Screen0001.png
2026-08-15 07:35:27 GID 39a1d07ad8154035: skipping non-video file: Reacher.S04E01.1080p.x265-ELiTE.Screen0001.png
2026-08-15 07:35:27 GID 39a1d07ad8154035: aria2 path=/downloads/incomplete/Reacher.S04E01.1080p.x265-ELiTE/Screens/Reacher.S04E01.1080p.x265-ELiTE.Screen0002.png host path=/mnt/media/downloads/incomplete/Reacher.S04E01.1080p.x265-ELiTE/Screens/Reacher.S04E01.1080p.x265-ELiTE.Screen0002.png
2026-08-15 07:35:27 GID 39a1d07ad8154035: skipping non-video file: Reacher.S04E01.1080p.x265-ELiTE.Screen0002.png
2026-08-15 07:35:27 GID 39a1d07ad8154035: aria2 path=/downloads/incomplete/Reacher.S04E01.1080p.x265-ELiTE/Screens/Reacher.S04E01.1080p.x265-ELiTE.Screen0003.png host path=/mnt/media/downloads/incomplete/Reacher.S04E01.1080p.x265-ELiTE/Screens/Reacher.S04E01.1080p.x265-ELiTE.Screen0003.png
2026-08-15 07:35:27 GID 39a1d07ad8154035: skipping non-video file: Reacher.S04E01.1080p.x265-ELiTE.Screen0003.png
2026-08-15 07:35:27 GID 39a1d07ad8154035: aria2 path=/downloads/incomplete/Reacher.S04E01.1080p.x265-ELiTE/Screens/Reacher.S04E01.1080p.x265-ELiTE.Screen0004.png host path=/mnt/media/downloads/incomplete/Reacher.S04E01.1080p.x265-ELiTE/Screens/Reacher.S04E01.1080p.x265-ELiTE.Screen0004.png
2026-08-15 07:35:27 GID 39a1d07ad8154035: skipping non-video file: Reacher.S04E01.1080p.x265-ELiTE.Screen0004.png
2026-08-15 07:35:27 Jellyfin library refresh triggered: HTTP 204
2026-08-15 07:42:07 Jellyfin organizer started
